<?xml version="1.0"?>
<link_info>
   <banner>TI ARM Linker PC v16.9.0.LTS</banner>
   <copyright>Copyright (c) 1996-2015 Texas Instruments Incorporated</copyright>
   <link_time>0x5940c7bb</link_time>
   <link_errors>0x0</link_errors>
   <output_file>CapStabber.out</output_file>
   <entry_point>
      <name>_c_int00</name>
      <address>0x5a3d</address>
   </entry_point>
   <input_file_list>
      <input_file id="fl-2">
         <path>.\</path>
         <kind>object</kind>
         <file>Kentec320x240x16_ssd2119_spi.obj</file>
         <name>Kentec320x240x16_ssd2119_spi.obj</name>
      </input_file>
      <input_file id="fl-3">
         <path>.\</path>
         <kind>object</kind>
         <file>frame.obj</file>
         <name>frame.obj</name>
      </input_file>
      <input_file id="fl-4">
         <path>.\</path>
         <kind>object</kind>
         <file>images.obj</file>
         <name>images.obj</name>
      </input_file>
      <input_file id="fl-5">
         <path>.\</path>
         <kind>object</kind>
         <file>jmrlogo.obj</file>
         <name>jmrlogo.obj</name>
      </input_file>
      <input_file id="fl-6">
         <path>.\</path>
         <kind>object</kind>
         <file>main.obj</file>
         <name>main.obj</name>
      </input_file>
      <input_file id="fl-7">
         <path>.\</path>
         <kind>object</kind>
         <file>tm4c123gh6pm_startup_ccs.obj</file>
         <name>tm4c123gh6pm_startup_ccs.obj</name>
      </input_file>
      <input_file id="fl-8">
         <path>.\</path>
         <kind>object</kind>
         <file>touch.obj</file>
         <name>touch.obj</name>
      </input_file>
      <input_file id="fl-f">
         <path>..\</path>
         <kind>archive</kind>
         <file>driverlib.lib</file>
         <name>adc.obj</name>
      </input_file>
      <input_file id="fl-10">
         <path>..\</path>
         <kind>archive</kind>
         <file>driverlib.lib</file>
         <name>eeprom.obj</name>
      </input_file>
      <input_file id="fl-11">
         <path>..\</path>
         <kind>archive</kind>
         <file>driverlib.lib</file>
         <name>gpio.obj</name>
      </input_file>
      <input_file id="fl-12">
         <path>..\</path>
         <kind>archive</kind>
         <file>driverlib.lib</file>
         <name>interrupt.obj</name>
      </input_file>
      <input_file id="fl-13">
         <path>..\</path>
         <kind>archive</kind>
         <file>driverlib.lib</file>
         <name>ssi.obj</name>
      </input_file>
      <input_file id="fl-14">
         <path>..\</path>
         <kind>archive</kind>
         <file>driverlib.lib</file>
         <name>sysctl.obj</name>
      </input_file>
      <input_file id="fl-15">
         <path>..\</path>
         <kind>archive</kind>
         <file>driverlib.lib</file>
         <name>systick.obj</name>
      </input_file>
      <input_file id="fl-16">
         <path>..\</path>
         <kind>archive</kind>
         <file>driverlib.lib</file>
         <name>timer.obj</name>
      </input_file>
      <input_file id="fl-17">
         <path>..\</path>
         <kind>archive</kind>
         <file>driverlib.lib</file>
         <name>udma.obj</name>
      </input_file>
      <input_file id="fl-18">
         <path>..\</path>
         <kind>archive</kind>
         <file>driverlib.lib</file>
         <name>cpu.obj</name>
      </input_file>
      <input_file id="fl-19">
         <path>C:\ti\TivaWare_C_Series-2.1.3.156\grlib\ccs\Debug\</path>
         <kind>archive</kind>
         <file>grlib.lib</file>
         <name>canvas.obj</name>
      </input_file>
      <input_file id="fl-1a">
         <path>C:\ti\TivaWare_C_Series-2.1.3.156\grlib\ccs\Debug\</path>
         <kind>archive</kind>
         <file>grlib.lib</file>
         <name>context.obj</name>
      </input_file>
      <input_file id="fl-1b">
         <path>C:\ti\TivaWare_C_Series-2.1.3.156\grlib\ccs\Debug\</path>
         <kind>archive</kind>
         <file>grlib.lib</file>
         <name>image.obj</name>
      </input_file>
      <input_file id="fl-1c">
         <path>C:\ti\TivaWare_C_Series-2.1.3.156\grlib\ccs\Debug\</path>
         <kind>archive</kind>
         <file>grlib.lib</file>
         <name>pushbutton.obj</name>
      </input_file>
      <input_file id="fl-1d">
         <path>C:\ti\TivaWare_C_Series-2.1.3.156\grlib\ccs\Debug\</path>
         <kind>archive</kind>
         <file>grlib.lib</file>
         <name>rectangle.obj</name>
      </input_file>
      <input_file id="fl-1e">
         <path>C:\ti\TivaWare_C_Series-2.1.3.156\grlib\ccs\Debug\</path>
         <kind>archive</kind>
         <file>grlib.lib</file>
         <name>string.obj</name>
      </input_file>
      <input_file id="fl-1f">
         <path>C:\ti\TivaWare_C_Series-2.1.3.156\grlib\ccs\Debug\</path>
         <kind>archive</kind>
         <file>grlib.lib</file>
         <name>widget.obj</name>
      </input_file>
      <input_file id="fl-20">
         <path>C:\ti\TivaWare_C_Series-2.1.3.156\grlib\ccs\Debug\</path>
         <kind>archive</kind>
         <file>grlib.lib</file>
         <name>fontcmss12.obj</name>
      </input_file>
      <input_file id="fl-21">
         <path>C:\ti\TivaWare_C_Series-2.1.3.156\grlib\ccs\Debug\</path>
         <kind>archive</kind>
         <file>grlib.lib</file>
         <name>fontcmss12b.obj</name>
      </input_file>
      <input_file id="fl-22">
         <path>C:\ti\TivaWare_C_Series-2.1.3.156\grlib\ccs\Debug\</path>
         <kind>archive</kind>
         <file>grlib.lib</file>
         <name>fontcmss14.obj</name>
      </input_file>
      <input_file id="fl-23">
         <path>C:\ti\TivaWare_C_Series-2.1.3.156\grlib\ccs\Debug\</path>
         <kind>archive</kind>
         <file>grlib.lib</file>
         <name>fontcmss18b.obj</name>
      </input_file>
      <input_file id="fl-24">
         <path>C:\ti\TivaWare_C_Series-2.1.3.156\grlib\ccs\Debug\</path>
         <kind>archive</kind>
         <file>grlib.lib</file>
         <name>fontcmss20.obj</name>
      </input_file>
      <input_file id="fl-25">
         <path>C:\ti\TivaWare_C_Series-2.1.3.156\grlib\ccs\Debug\</path>
         <kind>archive</kind>
         <file>grlib.lib</file>
         <name>fontcmss20b.obj</name>
      </input_file>
      <input_file id="fl-26">
         <path>C:\ti\TivaWare_C_Series-2.1.3.156\grlib\ccs\Debug\</path>
         <kind>archive</kind>
         <file>grlib.lib</file>
         <name>charmap.obj</name>
      </input_file>
      <input_file id="fl-27">
         <path>C:\ti\TivaWare_C_Series-2.1.3.156\grlib\ccs\Debug\</path>
         <kind>archive</kind>
         <file>grlib.lib</file>
         <name>circle.obj</name>
      </input_file>
      <input_file id="fl-28">
         <path>C:\ti\TivaWare_C_Series-2.1.3.156\grlib\ccs\Debug\</path>
         <kind>archive</kind>
         <file>grlib.lib</file>
         <name>line.obj</name>
      </input_file>
      <input_file id="fl-de">
         <path>C:\ti\ccsv7\tools\compiler\ti-cgt-arm_16.9.0.LTS\lib\</path>
         <kind>archive</kind>
         <file>rtsv7M4_T_le_v4SPD16_eabi.lib</file>
         <name>boot.obj</name>
      </input_file>
      <input_file id="fl-df">
         <path>C:\ti\ccsv7\tools\compiler\ti-cgt-arm_16.9.0.LTS\lib\</path>
         <kind>archive</kind>
         <file>rtsv7M4_T_le_v4SPD16_eabi.lib</file>
         <name>copy_decompress_lzss.obj</name>
      </input_file>
      <input_file id="fl-e0">
         <path>C:\ti\ccsv7\tools\compiler\ti-cgt-arm_16.9.0.LTS\lib\</path>
         <kind>archive</kind>
         <file>rtsv7M4_T_le_v4SPD16_eabi.lib</file>
         <name>copy_decompress_none.obj</name>
      </input_file>
      <input_file id="fl-e1">
         <path>C:\ti\ccsv7\tools\compiler\ti-cgt-arm_16.9.0.LTS\lib\</path>
         <kind>archive</kind>
         <file>rtsv7M4_T_le_v4SPD16_eabi.lib</file>
         <name>copy_zero_init.obj</name>
      </input_file>
      <input_file id="fl-e2">
         <path>C:\ti\ccsv7\tools\compiler\ti-cgt-arm_16.9.0.LTS\lib\</path>
         <kind>archive</kind>
         <file>rtsv7M4_T_le_v4SPD16_eabi.lib</file>
         <name>exit.obj</name>
      </input_file>
      <input_file id="fl-e3">
         <path>C:\ti\ccsv7\tools\compiler\ti-cgt-arm_16.9.0.LTS\lib\</path>
         <kind>archive</kind>
         <file>rtsv7M4_T_le_v4SPD16_eabi.lib</file>
         <name>fd_add_t2.obj</name>
      </input_file>
      <input_file id="fl-e4">
         <path>C:\ti\ccsv7\tools\compiler\ti-cgt-arm_16.9.0.LTS\lib\</path>
         <kind>archive</kind>
         <file>rtsv7M4_T_le_v4SPD16_eabi.lib</file>
         <name>fd_cmp_t2.obj</name>
      </input_file>
      <input_file id="fl-e5">
         <path>C:\ti\ccsv7\tools\compiler\ti-cgt-arm_16.9.0.LTS\lib\</path>
         <kind>archive</kind>
         <file>rtsv7M4_T_le_v4SPD16_eabi.lib</file>
         <name>fd_mul_t2.obj</name>
      </input_file>
      <input_file id="fl-e6">
         <path>C:\ti\ccsv7\tools\compiler\ti-cgt-arm_16.9.0.LTS\lib\</path>
         <kind>archive</kind>
         <file>rtsv7M4_T_le_v4SPD16_eabi.lib</file>
         <name>fd_toi_t2.obj</name>
      </input_file>
      <input_file id="fl-e7">
         <path>C:\ti\ccsv7\tools\compiler\ti-cgt-arm_16.9.0.LTS\lib\</path>
         <kind>archive</kind>
         <file>rtsv7M4_T_le_v4SPD16_eabi.lib</file>
         <name>fd_tou_t2.obj</name>
      </input_file>
      <input_file id="fl-e8">
         <path>C:\ti\ccsv7\tools\compiler\ti-cgt-arm_16.9.0.LTS\lib\</path>
         <kind>archive</kind>
         <file>rtsv7M4_T_le_v4SPD16_eabi.lib</file>
         <name>fs_tod_t2.obj</name>
      </input_file>
      <input_file id="fl-e9">
         <path>C:\ti\ccsv7\tools\compiler\ti-cgt-arm_16.9.0.LTS\lib\</path>
         <kind>archive</kind>
         <file>rtsv7M4_T_le_v4SPD16_eabi.lib</file>
         <name>memcpy_t2.obj</name>
      </input_file>
      <input_file id="fl-ea">
         <path>C:\ti\ccsv7\tools\compiler\ti-cgt-arm_16.9.0.LTS\lib\</path>
         <kind>archive</kind>
         <file>rtsv7M4_T_le_v4SPD16_eabi.lib</file>
         <name>memset_t2.obj</name>
      </input_file>
      <input_file id="fl-eb">
         <path>C:\ti\ccsv7\tools\compiler\ti-cgt-arm_16.9.0.LTS\lib\</path>
         <kind>archive</kind>
         <file>rtsv7M4_T_le_v4SPD16_eabi.lib</file>
         <name>mpu_init.obj</name>
      </input_file>
      <input_file id="fl-ec">
         <path>C:\ti\ccsv7\tools\compiler\ti-cgt-arm_16.9.0.LTS\lib\</path>
         <kind>archive</kind>
         <file>rtsv7M4_T_le_v4SPD16_eabi.lib</file>
         <name>pre_init.obj</name>
      </input_file>
      <input_file id="fl-ed">
         <path>C:\ti\ccsv7\tools\compiler\ti-cgt-arm_16.9.0.LTS\lib\</path>
         <kind>archive</kind>
         <file>rtsv7M4_T_le_v4SPD16_eabi.lib</file>
         <name>sprintf.obj</name>
      </input_file>
      <input_file id="fl-ee">
         <path>C:\ti\ccsv7\tools\compiler\ti-cgt-arm_16.9.0.LTS\lib\</path>
         <kind>archive</kind>
         <file>rtsv7M4_T_le_v4SPD16_eabi.lib</file>
         <name>stkdepth_vars.obj</name>
      </input_file>
      <input_file id="fl-ef">
         <path>C:\ti\ccsv7\tools\compiler\ti-cgt-arm_16.9.0.LTS\lib\</path>
         <kind>archive</kind>
         <file>rtsv7M4_T_le_v4SPD16_eabi.lib</file>
         <name>_lock.obj</name>
      </input_file>
      <input_file id="fl-f0">
         <path>C:\ti\ccsv7\tools\compiler\ti-cgt-arm_16.9.0.LTS\lib\</path>
         <kind>archive</kind>
         <file>rtsv7M4_T_le_v4SPD16_eabi.lib</file>
         <name>_printfi.obj</name>
      </input_file>
      <input_file id="fl-f1">
         <path>C:\ti\ccsv7\tools\compiler\ti-cgt-arm_16.9.0.LTS\lib\</path>
         <kind>archive</kind>
         <file>rtsv7M4_T_le_v4SPD16_eabi.lib</file>
         <name>args_main.obj</name>
      </input_file>
      <input_file id="fl-f2">
         <path>C:\ti\ccsv7\tools\compiler\ti-cgt-arm_16.9.0.LTS\lib\</path>
         <kind>archive</kind>
         <file>rtsv7M4_T_le_v4SPD16_eabi.lib</file>
         <name>atoi.obj</name>
      </input_file>
      <input_file id="fl-f3">
         <path>C:\ti\ccsv7\tools\compiler\ti-cgt-arm_16.9.0.LTS\lib\</path>
         <kind>archive</kind>
         <file>rtsv7M4_T_le_v4SPD16_eabi.lib</file>
         <name>autoinit.obj</name>
      </input_file>
      <input_file id="fl-f4">
         <path>C:\ti\ccsv7\tools\compiler\ti-cgt-arm_16.9.0.LTS\lib\</path>
         <kind>archive</kind>
         <file>rtsv7M4_T_le_v4SPD16_eabi.lib</file>
         <name>cpy_tbl.obj</name>
      </input_file>
      <input_file id="fl-f5">
         <path>C:\ti\ccsv7\tools\compiler\ti-cgt-arm_16.9.0.LTS\lib\</path>
         <kind>archive</kind>
         <file>rtsv7M4_T_le_v4SPD16_eabi.lib</file>
         <name>ctype.obj</name>
      </input_file>
      <input_file id="fl-f6">
         <path>C:\ti\ccsv7\tools\compiler\ti-cgt-arm_16.9.0.LTS\lib\</path>
         <kind>archive</kind>
         <file>rtsv7M4_T_le_v4SPD16_eabi.lib</file>
         <name>fd_div_t2.obj</name>
      </input_file>
      <input_file id="fl-f7">
         <path>C:\ti\ccsv7\tools\compiler\ti-cgt-arm_16.9.0.LTS\lib\</path>
         <kind>archive</kind>
         <file>rtsv7M4_T_le_v4SPD16_eabi.lib</file>
         <name>i_tofd_t2.obj</name>
      </input_file>
      <input_file id="fl-f8">
         <path>C:\ti\ccsv7\tools\compiler\ti-cgt-arm_16.9.0.LTS\lib\</path>
         <kind>archive</kind>
         <file>rtsv7M4_T_le_v4SPD16_eabi.lib</file>
         <name>ltoa.obj</name>
      </input_file>
      <input_file id="fl-f9">
         <path>C:\ti\ccsv7\tools\compiler\ti-cgt-arm_16.9.0.LTS\lib\</path>
         <kind>archive</kind>
         <file>rtsv7M4_T_le_v4SPD16_eabi.lib</file>
         <name>memccpy.obj</name>
      </input_file>
      <input_file id="fl-fa">
         <path>C:\ti\ccsv7\tools\compiler\ti-cgt-arm_16.9.0.LTS\lib\</path>
         <kind>archive</kind>
         <file>rtsv7M4_T_le_v4SPD16_eabi.lib</file>
         <name>s_frexp.obj</name>
      </input_file>
      <input_file id="fl-fb">
         <path>C:\ti\ccsv7\tools\compiler\ti-cgt-arm_16.9.0.LTS\lib\</path>
         <kind>archive</kind>
         <file>rtsv7M4_T_le_v4SPD16_eabi.lib</file>
         <name>s_scalbn.obj</name>
      </input_file>
      <input_file id="fl-fc">
         <path>C:\ti\ccsv7\tools\compiler\ti-cgt-arm_16.9.0.LTS\lib\</path>
         <kind>archive</kind>
         <file>rtsv7M4_T_le_v4SPD16_eabi.lib</file>
         <name>startup.obj</name>
      </input_file>
      <input_file id="fl-fd">
         <path>C:\ti\ccsv7\tools\compiler\ti-cgt-arm_16.9.0.LTS\lib\</path>
         <kind>archive</kind>
         <file>rtsv7M4_T_le_v4SPD16_eabi.lib</file>
         <name>strchr.obj</name>
      </input_file>
      <input_file id="fl-fe">
         <path>C:\ti\ccsv7\tools\compiler\ti-cgt-arm_16.9.0.LTS\lib\</path>
         <kind>archive</kind>
         <file>rtsv7M4_T_le_v4SPD16_eabi.lib</file>
         <name>strlen.obj</name>
      </input_file>
      <input_file id="fl-ff">
         <path>C:\ti\ccsv7\tools\compiler\ti-cgt-arm_16.9.0.LTS\lib\</path>
         <kind>archive</kind>
         <file>rtsv7M4_T_le_v4SPD16_eabi.lib</file>
         <name>ull_div_t2.obj</name>
      </input_file>
      <input_file id="fl-100">
         <path>C:\ti\ccsv7\tools\compiler\ti-cgt-arm_16.9.0.LTS\lib\</path>
         <kind>archive</kind>
         <file>rtsv7M4_T_le_v4SPD16_eabi.lib</file>
         <name>errno.obj</name>
      </input_file>
      <input_file id="fl-101">
         <path>C:\ti\ccsv7\tools\compiler\ti-cgt-arm_16.9.0.LTS\lib\</path>
         <kind>archive</kind>
         <file>rtsv7M4_T_le_v4SPD16_eabi.lib</file>
         <name>s_copysign.obj</name>
      </input_file>
   </input_file_list>
   <object_component_list>
      <object_component id="oc-f">
         <name>.intvecs</name>
         <load_address>0x0</load_address>
         <run_address>0x0</run_address>
         <size>0x26c</size>
         <input_file_ref idref="fl-7"/>
      </object_component>
      <object_component id="oc-31">
         <name>.text</name>
         <load_address>0x270</load_address>
         <run_address>0x270</run_address>
         <size>0x1420</size>
         <input_file_ref idref="fl-6"/>
      </object_component>
      <object_component id="oc-32e">
         <name>.text</name>
         <load_address>0x1690</load_address>
         <run_address>0x1690</run_address>
         <size>0x113a</size>
         <input_file_ref idref="fl-f0"/>
      </object_component>
      <object_component id="oc-d9">
         <name>.text:GPIOPinRead</name>
         <load_address>0x27ca</load_address>
         <run_address>0x27ca</run_address>
         <size>0x6</size>
         <input_file_ref idref="fl-11"/>
      </object_component>
      <object_component id="oc-1a8">
         <name>.text</name>
         <load_address>0x27d0</load_address>
         <run_address>0x27d0</run_address>
         <size>0x8e2</size>
         <input_file_ref idref="fl-2"/>
      </object_component>
      <object_component id="oc-d3">
         <name>.text:GPIOPinWrite</name>
         <load_address>0x30b2</load_address>
         <run_address>0x30b2</run_address>
         <size>0x6</size>
         <input_file_ref idref="fl-11"/>
      </object_component>
      <object_component id="oc-37">
         <name>.text</name>
         <load_address>0x30b8</load_address>
         <run_address>0x30b8</run_address>
         <size>0x73e</size>
         <input_file_ref idref="fl-8"/>
      </object_component>
      <object_component id="oc-63">
         <name>.text</name>
         <load_address>0x37f6</load_address>
         <run_address>0x37f6</run_address>
         <size>0x2</size>
         <input_file_ref idref="fl-eb"/>
      </object_component>
      <object_component id="oc-2a2">
         <name>.text:InternalImageDraw</name>
         <load_address>0x37f8</load_address>
         <run_address>0x37f8</run_address>
         <size>0x374</size>
         <input_file_ref idref="fl-1b"/>
      </object_component>
      <object_component id="oc-3fd">
         <name>.text:PixelTransparentDraw</name>
         <load_address>0x3b6c</load_address>
         <run_address>0x3b6c</run_address>
         <size>0x2f8</size>
         <input_file_ref idref="fl-1b"/>
      </object_component>
      <object_component id="oc-4c5">
         <name>.text:GrFontGlyphRender</name>
         <load_address>0x3e64</load_address>
         <run_address>0x3e64</run_address>
         <size>0x254</size>
         <input_file_ref idref="fl-1e"/>
      </object_component>
      <object_component id="oc-460">
         <name>.text</name>
         <load_address>0x40b8</load_address>
         <run_address>0x40b8</run_address>
         <size>0x1f4</size>
         <input_file_ref idref="fl-ff"/>
      </object_component>
      <object_component id="oc-ab">
         <name>.text</name>
         <load_address>0x42ac</load_address>
         <run_address>0x42ac</run_address>
         <size>0x1b6</size>
         <input_file_ref idref="fl-e3"/>
      </object_component>
      <object_component id="oc-43a">
         <name>.text:CanvasPaint</name>
         <load_address>0x4462</load_address>
         <run_address>0x4462</run_address>
         <size>0x190</size>
         <input_file_ref idref="fl-19"/>
      </object_component>
      <object_component id="oc-426">
         <name>.text:RectangularButtonPaint</name>
         <load_address>0x45f2</load_address>
         <run_address>0x45f2</run_address>
         <size>0x17e</size>
         <input_file_ref idref="fl-1c"/>
      </object_component>
      <object_component id="oc-46b">
         <name>.text</name>
         <load_address>0x4770</load_address>
         <run_address>0x4770</run_address>
         <size>0x136</size>
         <input_file_ref idref="fl-f6"/>
      </object_component>
      <object_component id="oc-c7">
         <name>.text:GPIOPadConfigSet</name>
         <load_address>0x48a6</load_address>
         <run_address>0x48a6</run_address>
         <size>0x132</size>
         <input_file_ref idref="fl-11"/>
      </object_component>
      <object_component id="oc-df">
         <name>.text:SysCtlClockGet</name>
         <load_address>0x49d8</load_address>
         <run_address>0x49d8</run_address>
         <size>0x110</size>
         <input_file_ref idref="fl-14"/>
      </object_component>
      <object_component id="oc-a6">
         <name>.text</name>
         <load_address>0x4ae8</load_address>
         <run_address>0x4ae8</run_address>
         <size>0xfc</size>
         <input_file_ref idref="fl-e5"/>
      </object_component>
      <object_component id="oc-481">
         <name>.text</name>
         <load_address>0x4be4</load_address>
         <run_address>0x4be4</run_address>
         <size>0xfc</size>
         <input_file_ref idref="fl-fb"/>
      </object_component>
      <object_component id="oc-42c">
         <name>.text:RectangularButtonClick</name>
         <load_address>0x4ce0</load_address>
         <run_address>0x4ce0</run_address>
         <size>0xf2</size>
         <input_file_ref idref="fl-1c"/>
      </object_component>
      <object_component id="oc-237">
         <name>.text</name>
         <load_address>0x4dd2</load_address>
         <run_address>0x4dd2</run_address>
         <size>0x2</size>
         <input_file_ref idref="fl-fc"/>
      </object_component>
      <object_component id="oc-14f">
         <name>.text:WidgetMessageQueueAdd</name>
         <load_address>0x4dd4</load_address>
         <run_address>0x4dd4</run_address>
         <size>0xe8</size>
         <input_file_ref idref="fl-1f"/>
      </object_component>
      <object_component id="oc-198">
         <name>.text:EEPROMProgram</name>
         <load_address>0x4ebc</load_address>
         <run_address>0x4ebc</run_address>
         <size>0xc4</size>
         <input_file_ref idref="fl-10"/>
      </object_component>
      <object_component id="oc-38c">
         <name>.text:GrDefaultStringRenderer</name>
         <load_address>0x4f80</load_address>
         <run_address>0x4f80</run_address>
         <size>0xc0</size>
         <input_file_ref idref="fl-1e"/>
      </object_component>
      <object_component id="oc-327">
         <name>.text:WidgetMessageSendPostOrder</name>
         <load_address>0x5040</load_address>
         <run_address>0x5040</run_address>
         <size>0xb4</size>
         <input_file_ref idref="fl-1f"/>
      </object_component>
      <object_component id="oc-4b">
         <name>.text</name>
         <load_address>0x50f4</load_address>
         <run_address>0x50f4</run_address>
         <size>0x9c</size>
         <input_file_ref idref="fl-e9"/>
      </object_component>
      <object_component id="oc-113">
         <name>.text:GrRectFill</name>
         <load_address>0x5190</load_address>
         <run_address>0x5190</run_address>
         <size>0x86</size>
         <input_file_ref idref="fl-1d"/>
      </object_component>
      <object_component id="oc-1a3">
         <name>.text:__aeabi_cdcmple</name>
         <load_address>0x5216</load_address>
         <run_address>0x5216</run_address>
         <size>0x86</size>
         <input_file_ref idref="fl-e4"/>
      </object_component>
      <object_component id="oc-19e">
         <name>.text:__aeabi_cdrcmple</name>
         <load_address>0x529c</load_address>
         <run_address>0x529c</run_address>
         <size>0x86</size>
         <input_file_ref idref="fl-e4"/>
      </object_component>
      <object_component id="oc-1fe">
         <name>.text:ADCSequenceStepConfigure</name>
         <load_address>0x5322</load_address>
         <run_address>0x5322</run_address>
         <size>0x7a</size>
         <input_file_ref idref="fl-f"/>
      </object_component>
      <object_component id="oc-57">
         <name>.text</name>
         <load_address>0x539c</load_address>
         <run_address>0x539c</run_address>
         <size>0x7a</size>
         <input_file_ref idref="fl-ea"/>
      </object_component>
      <object_component id="oc-6f">
         <name>.text</name>
         <load_address>0x5418</load_address>
         <run_address>0x5418</run_address>
         <size>0x70</size>
         <input_file_ref idref="fl-f3"/>
      </object_component>
      <object_component id="oc-1be">
         <name>.text:GrContextInit</name>
         <load_address>0x5488</load_address>
         <run_address>0x5488</run_address>
         <size>0x68</size>
         <input_file_ref idref="fl-1a"/>
      </object_component>
      <object_component id="oc-131">
         <name>.text:GrStringWidthGet</name>
         <load_address>0x54f0</load_address>
         <run_address>0x54f0</run_address>
         <size>0x68</size>
         <input_file_ref idref="fl-1e"/>
      </object_component>
      <object_component id="oc-eb">
         <name>.text:IntEnable</name>
         <load_address>0x5558</load_address>
         <run_address>0x5558</run_address>
         <size>0x68</size>
         <input_file_ref idref="fl-12"/>
      </object_component>
      <object_component id="oc-12">
         <name>.text:decompress:lzss</name>
         <load_address>0x55c0</load_address>
         <run_address>0x55c0</run_address>
         <size>0x68</size>
         <input_file_ref idref="fl-df"/>
      </object_component>
      <object_component id="oc-4f1">
         <name>.text:GrContextClipRegionSet</name>
         <load_address>0x5628</load_address>
         <run_address>0x5628</run_address>
         <size>0x66</size>
         <input_file_ref idref="fl-1a"/>
      </object_component>
      <object_component id="oc-122">
         <name>.text:GrRectDraw</name>
         <load_address>0x568e</load_address>
         <run_address>0x568e</run_address>
         <size>0x66</size>
         <input_file_ref idref="fl-1d"/>
      </object_component>
      <object_component id="oc-170">
         <name>.text:WidgetMessageQueueProcess</name>
         <load_address>0x56f4</load_address>
         <run_address>0x56f4</run_address>
         <size>0x64</size>
         <input_file_ref idref="fl-1f"/>
      </object_component>
      <object_component id="oc-47b">
         <name>.text</name>
         <load_address>0x5758</load_address>
         <run_address>0x5758</run_address>
         <size>0x64</size>
         <input_file_ref idref="fl-fa"/>
      </object_component>
      <object_component id="oc-1d0">
         <name>.text:TimerConfigure</name>
         <load_address>0x57bc</load_address>
         <run_address>0x57bc</run_address>
         <size>0x60</size>
         <input_file_ref idref="fl-16"/>
      </object_component>
      <object_component id="oc-179">
         <name>.text</name>
         <load_address>0x581c</load_address>
         <run_address>0x581c</run_address>
         <size>0x60</size>
         <input_file_ref idref="fl-ed"/>
      </object_component>
      <object_component id="oc-321">
         <name>.text:WidgetMessageSendPreOrder</name>
         <load_address>0x587c</load_address>
         <run_address>0x587c</run_address>
         <size>0x5e</size>
         <input_file_ref idref="fl-1f"/>
      </object_component>
      <object_component id="oc-418">
         <name>.text:FontWideGlyphDataGet</name>
         <load_address>0x58da</load_address>
         <run_address>0x58da</run_address>
         <size>0x5a</size>
         <input_file_ref idref="fl-1e"/>
      </object_component>
      <object_component id="oc-1f8">
         <name>.text:ADCSequenceConfigure</name>
         <load_address>0x5934</load_address>
         <run_address>0x5934</run_address>
         <size>0x58</size>
         <input_file_ref idref="fl-f"/>
      </object_component>
      <object_component id="oc-210">
         <name>.text:TimerControlTrigger</name>
         <load_address>0x598c</load_address>
         <run_address>0x598c</run_address>
         <size>0x58</size>
         <input_file_ref idref="fl-16"/>
      </object_component>
      <object_component id="oc-470">
         <name>.text</name>
         <load_address>0x59e4</load_address>
         <run_address>0x59e4</run_address>
         <size>0x56</size>
         <input_file_ref idref="fl-f8"/>
      </object_component>
      <object_component id="oc-24">
         <name>.text</name>
         <load_address>0x5a3c</load_address>
         <run_address>0x5a3c</run_address>
         <size>0x54</size>
         <input_file_ref idref="fl-de"/>
      </object_component>
      <object_component id="oc-7b">
         <name>.text</name>
         <load_address>0x5a90</load_address>
         <run_address>0x5a90</run_address>
         <size>0x54</size>
         <input_file_ref idref="fl-e2"/>
      </object_component>
      <object_component id="oc-39f">
         <name>.text:SysCtlPeripheralReset</name>
         <load_address>0x5ae4</load_address>
         <run_address>0x5ae4</run_address>
         <size>0x50</size>
         <input_file_ref idref="fl-14"/>
      </object_component>
      <object_component id="oc-158">
         <name>.text:WidgetRemove</name>
         <load_address>0x5b34</load_address>
         <run_address>0x5b34</run_address>
         <size>0x4c</size>
         <input_file_ref idref="fl-1f"/>
      </object_component>
      <object_component id="oc-48d">
         <name>.text</name>
         <load_address>0x5b80</load_address>
         <run_address>0x5b80</run_address>
         <size>0x4c</size>
         <input_file_ref idref="fl-f2"/>
      </object_component>
      <object_component id="oc-231">
         <name>.text</name>
         <load_address>0x5bcc</load_address>
         <run_address>0x5bcc</run_address>
         <size>0x4c</size>
         <input_file_ref idref="fl-f4"/>
      </object_component>
      <object_component id="oc-2be">
         <name>.text:UpdateContextCharMapping</name>
         <load_address>0x5c18</load_address>
         <run_address>0x5c18</run_address>
         <size>0x4a</size>
         <input_file_ref idref="fl-1e"/>
      </object_component>
      <object_component id="oc-367">
         <name>.text:GPIOPinConfigure</name>
         <load_address>0x5c64</load_address>
         <run_address>0x5c64</run_address>
         <size>0x48</size>
         <input_file_ref idref="fl-11"/>
      </object_component>
      <object_component id="oc-b5">
         <name>.text</name>
         <load_address>0x5cac</load_address>
         <run_address>0x5cac</run_address>
         <size>0x48</size>
         <input_file_ref idref="fl-e6"/>
      </object_component>
      <object_component id="oc-2ab">
         <name>.text:GrLineDrawH</name>
         <load_address>0x5cf4</load_address>
         <run_address>0x5cf4</run_address>
         <size>0x46</size>
         <input_file_ref idref="fl-28"/>
      </object_component>
      <object_component id="oc-2b1">
         <name>.text:GrLineDrawV</name>
         <load_address>0x5d3a</load_address>
         <run_address>0x5d3a</run_address>
         <size>0x46</size>
         <input_file_ref idref="fl-28"/>
      </object_component>
      <object_component id="oc-b0">
         <name>.text</name>
         <load_address>0x5d80</load_address>
         <run_address>0x5d80</run_address>
         <size>0x44</size>
         <input_file_ref idref="fl-e7"/>
      </object_component>
      <object_component id="oc-1c4">
         <name>.text:EEPROMInit</name>
         <load_address>0x5dc4</load_address>
         <run_address>0x5dc4</run_address>
         <size>0x40</size>
         <input_file_ref idref="fl-10"/>
      </object_component>
      <object_component id="oc-373">
         <name>.text:SSIConfigSetExpClk</name>
         <load_address>0x5e04</load_address>
         <run_address>0x5e04</run_address>
         <size>0x3c</size>
         <input_file_ref idref="fl-13"/>
      </object_component>
      <object_component id="oc-351">
         <name>.text:_EEPROMSectorMaskSet</name>
         <load_address>0x5e40</load_address>
         <run_address>0x5e40</run_address>
         <size>0x3c</size>
         <input_file_ref idref="fl-10"/>
      </object_component>
      <object_component id="oc-41e">
         <name>.text:FontGlyphDataGet</name>
         <load_address>0x5e7c</load_address>
         <run_address>0x5e7c</run_address>
         <size>0x3a</size>
         <input_file_ref idref="fl-1e"/>
      </object_component>
      <object_component id="oc-1ca">
         <name>.text:EEPROMRead</name>
         <load_address>0x5eb8</load_address>
         <run_address>0x5eb8</run_address>
         <size>0x38</size>
         <input_file_ref idref="fl-10"/>
      </object_component>
      <object_component id="oc-a1">
         <name>.text</name>
         <load_address>0x5ef0</load_address>
         <run_address>0x5ef0</run_address>
         <size>0x38</size>
         <input_file_ref idref="fl-e8"/>
      </object_component>
      <object_component id="oc-250">
         <name>.text:IntRegister</name>
         <load_address>0x5f28</load_address>
         <run_address>0x5f28</run_address>
         <size>0x34</size>
         <input_file_ref idref="fl-12"/>
      </object_component>
      <object_component id="oc-ba">
         <name>.text:SysCtlPeripheralEnable</name>
         <load_address>0x5f5c</load_address>
         <run_address>0x5f5c</run_address>
         <size>0x34</size>
         <input_file_ref idref="fl-14"/>
      </object_component>
      <object_component id="oc-34b">
         <name>.text:_EEPROMSectorMaskClear</name>
         <load_address>0x5f90</load_address>
         <run_address>0x5f90</run_address>
         <size>0x34</size>
         <input_file_ref idref="fl-10"/>
      </object_component>
      <object_component id="oc-2c7">
         <name>.text:GrStringNextCharGet</name>
         <load_address>0x5fc4</load_address>
         <run_address>0x5fc4</run_address>
         <size>0x2e</size>
         <input_file_ref idref="fl-1e"/>
      </object_component>
      <object_component id="oc-476">
         <name>.text</name>
         <load_address>0x5ff2</load_address>
         <run_address>0x5ff2</run_address>
         <size>0x2e</size>
         <input_file_ref idref="fl-f7"/>
      </object_component>
      <object_component id="oc-137">
         <name>.text:GrFontBaselineGet</name>
         <load_address>0x6020</load_address>
         <run_address>0x6020</run_address>
         <size>0x2c</size>
         <input_file_ref idref="fl-1e"/>
      </object_component>
      <object_component id="oc-4ff">
         <name>.text:GrFontHeightGet</name>
         <load_address>0x604c</load_address>
         <run_address>0x604c</run_address>
         <size>0x2c</size>
         <input_file_ref idref="fl-1e"/>
      </object_component>
      <object_component id="oc-2dc">
         <name>.text:RectangularButtonMsgProc</name>
         <load_address>0x6078</load_address>
         <run_address>0x6078</run_address>
         <size>0x2c</size>
         <input_file_ref idref="fl-1c"/>
      </object_component>
      <object_component id="oc-308">
         <name>.text:WidgetIsInTree</name>
         <load_address>0x60a4</load_address>
         <run_address>0x60a4</run_address>
         <size>0x2c</size>
         <input_file_ref idref="fl-1f"/>
      </object_component>
      <object_component id="oc-260">
         <name>.text:GPIODirModeSet</name>
         <load_address>0x60d0</load_address>
         <run_address>0x60d0</run_address>
         <size>0x2a</size>
         <input_file_ref idref="fl-11"/>
      </object_component>
      <object_component id="oc-2d3">
         <name>.text:GrFontInfoGet</name>
         <load_address>0x60fa</load_address>
         <run_address>0x60fa</run_address>
         <size>0x26</size>
         <input_file_ref idref="fl-1e"/>
      </object_component>
      <object_component id="oc-2cd">
         <name>.text:GrFontGlyphDataGet</name>
         <load_address>0x6120</load_address>
         <run_address>0x6120</run_address>
         <size>0x22</size>
         <input_file_ref idref="fl-1e"/>
      </object_component>
      <object_component id="oc-40e">
         <name>.text:GrFontCodepageGet</name>
         <load_address>0x6142</load_address>
         <run_address>0x6142</run_address>
         <size>0x1e</size>
         <input_file_ref idref="fl-1e"/>
      </object_component>
      <object_component id="oc-164">
         <name>.text:WidgetAdd</name>
         <load_address>0x6160</load_address>
         <run_address>0x6160</run_address>
         <size>0x1e</size>
         <input_file_ref idref="fl-1f"/>
      </object_component>
      <object_component id="oc-8f">
         <name>.text:SysTickIntRegister</name>
         <load_address>0x6180</load_address>
         <run_address>0x6180</run_address>
         <size>0x1c</size>
         <input_file_ref idref="fl-15"/>
      </object_component>
      <object_component id="oc-17f">
         <name>.text:WidgetPointerMessage</name>
         <load_address>0x619c</load_address>
         <run_address>0x619c</run_address>
         <size>0x1c</size>
         <input_file_ref idref="fl-1f"/>
      </object_component>
      <object_component id="oc-493">
         <name>.text</name>
         <load_address>0x61b8</load_address>
         <run_address>0x61b8</run_address>
         <size>0x1c</size>
         <input_file_ref idref="fl-f9"/>
      </object_component>
      <object_component id="oc-103">
         <name>.text:TimerIntClear</name>
         <load_address>0x61d4</load_address>
         <run_address>0x61d4</run_address>
         <size>0x4</size>
         <input_file_ref idref="fl-16"/>
      </object_component>
      <object_component id="oc-2b">
         <name>.text</name>
         <load_address>0x61d8</load_address>
         <run_address>0x61d8</run_address>
         <size>0x1a</size>
         <input_file_ref idref="fl-7"/>
      </object_component>
      <object_component id="oc-cd">
         <name>.text:GPIOPinTypeGPIOOutput</name>
         <load_address>0x61f2</load_address>
         <run_address>0x61f2</run_address>
         <size>0x18</size>
         <input_file_ref idref="fl-11"/>
      </object_component>
      <object_component id="oc-109">
         <name>.text:TimerDisable</name>
         <load_address>0x620c</load_address>
         <run_address>0x620c</run_address>
         <size>0x18</size>
         <input_file_ref idref="fl-16"/>
      </object_component>
      <object_component id="oc-75">
         <name>.text</name>
         <load_address>0x6224</load_address>
         <run_address>0x6224</run_address>
         <size>0x18</size>
         <input_file_ref idref="fl-f1"/>
      </object_component>
      <object_component id="oc-13d">
         <name>.text:GrStringDraw</name>
         <load_address>0x623c</load_address>
         <run_address>0x623c</run_address>
         <size>0x16</size>
         <input_file_ref idref="fl-1e"/>
      </object_component>
      <object_component id="oc-487">
         <name>.text</name>
         <load_address>0x6252</load_address>
         <run_address>0x6252</run_address>
         <size>0x16</size>
         <input_file_ref idref="fl-fd"/>
      </object_component>
      <object_component id="oc-2e8">
         <name>.text:CanvasMsgProc</name>
         <load_address>0x6268</load_address>
         <run_address>0x6268</run_address>
         <size>0x14</size>
         <input_file_ref idref="fl-19"/>
      </object_component>
      <object_component id="oc-9b">
         <name>.text:SysTickEnable</name>
         <load_address>0x627c</load_address>
         <run_address>0x627c</run_address>
         <size>0x14</size>
         <input_file_ref idref="fl-15"/>
      </object_component>
      <object_component id="oc-95">
         <name>.text:SysTickIntEnable</name>
         <load_address>0x6290</load_address>
         <run_address>0x6290</run_address>
         <size>0x14</size>
         <input_file_ref idref="fl-15"/>
      </object_component>
      <object_component id="oc-2f7">
         <name>.text:WidgetMutexGet</name>
         <load_address>0x62a4</load_address>
         <run_address>0x62a4</run_address>
         <size>0x14</size>
         <input_file_ref idref="fl-1f"/>
      </object_component>
      <object_component id="oc-3d4">
         <name>.text</name>
         <load_address>0x62b8</load_address>
         <run_address>0x62b8</run_address>
         <size>0x14</size>
         <input_file_ref idref="fl-ef"/>
      </object_component>
      <object_component id="oc-525">
         <name>.text</name>
         <load_address>0x62cc</load_address>
         <run_address>0x62cc</run_address>
         <size>0x14</size>
         <input_file_ref idref="fl-101"/>
      </object_component>
      <object_component id="oc-465">
         <name>.text</name>
         <load_address>0x62e0</load_address>
         <run_address>0x62e0</run_address>
         <size>0x14</size>
         <input_file_ref idref="fl-fe"/>
      </object_component>
      <object_component id="oc-c1">
         <name>.text:GPIOPinTypeGPIOInput</name>
         <load_address>0x62f4</load_address>
         <run_address>0x62f4</run_address>
         <size>0x12</size>
         <input_file_ref idref="fl-11"/>
      </object_component>
      <object_component id="oc-36d">
         <name>.text:GPIOPinTypeSSI</name>
         <load_address>0x6306</load_address>
         <run_address>0x6306</run_address>
         <size>0x12</size>
         <input_file_ref idref="fl-11"/>
      </object_component>
      <object_component id="oc-37f">
         <name>.text:SSIDataGetNonBlocking</name>
         <load_address>0x6318</load_address>
         <run_address>0x6318</run_address>
         <size>0x12</size>
         <input_file_ref idref="fl-13"/>
      </object_component>
      <object_component id="oc-e5">
         <name>.text:TimerLoadSet</name>
         <load_address>0x632a</load_address>
         <run_address>0x632a</run_address>
         <size>0x12</size>
         <input_file_ref idref="fl-16"/>
      </object_component>
      <object_component id="oc-20a">
         <name>.text:ADCIntEnable</name>
         <load_address>0x633c</load_address>
         <run_address>0x633c</run_address>
         <size>0x10</size>
         <input_file_ref idref="fl-f"/>
      </object_component>
      <object_component id="oc-f7">
         <name>.text:IntMasterEnable</name>
         <load_address>0x634c</load_address>
         <run_address>0x634c</run_address>
         <size>0x10</size>
         <input_file_ref idref="fl-12"/>
      </object_component>
      <object_component id="oc-89">
         <name>.text:SysTickPeriodSet</name>
         <load_address>0x635c</load_address>
         <run_address>0x635c</run_address>
         <size>0x10</size>
         <input_file_ref idref="fl-15"/>
      </object_component>
      <object_component id="oc-399">
         <name>.text:_EEPROMWaitForDone</name>
         <load_address>0x636c</load_address>
         <run_address>0x636c</run_address>
         <size>0x10</size>
         <input_file_ref idref="fl-10"/>
      </object_component>
      <object_component id="oc-1b5">
         <name>.text:uDMAEnable</name>
         <load_address>0x637c</load_address>
         <run_address>0x637c</run_address>
         <size>0x10</size>
         <input_file_ref idref="fl-17"/>
      </object_component>
      <object_component id="oc-1f2">
         <name>.text:ADCHardwareOversampleConfigure</name>
         <load_address>0x638c</load_address>
         <run_address>0x638c</run_address>
         <size>0xe</size>
         <input_file_ref idref="fl-f"/>
      </object_component>
      <object_component id="oc-204">
         <name>.text:ADCSequenceEnable</name>
         <load_address>0x639a</load_address>
         <run_address>0x639a</run_address>
         <size>0xe</size>
         <input_file_ref idref="fl-f"/>
      </object_component>
      <object_component id="oc-11c">
         <name>.text:GrImageDraw</name>
         <load_address>0x63a8</load_address>
         <run_address>0x63a8</run_address>
         <size>0xe</size>
         <input_file_ref idref="fl-1b"/>
      </object_component>
      <object_component id="oc-fd">
         <name>.text:TimerEnable</name>
         <load_address>0x63b6</load_address>
         <run_address>0x63b6</run_address>
         <size>0xe</size>
         <input_file_ref idref="fl-16"/>
      </object_component>
      <object_component id="oc-18">
         <name>.text:decompress:none</name>
         <load_address>0x63c4</load_address>
         <run_address>0x63c4</run_address>
         <size>0xe</size>
         <input_file_ref idref="fl-e0"/>
      </object_component>
      <object_component id="oc-278">
         <name>.text:CPUcpsie</name>
         <load_address>0x63d2</load_address>
         <run_address>0x63d2</run_address>
         <size>0xc</size>
         <input_file_ref idref="fl-18"/>
      </object_component>
      <object_component id="oc-1e">
         <name>.text:decompress:ZI</name>
         <load_address>0x63de</load_address>
         <run_address>0x63de</run_address>
         <size>0xc</size>
         <input_file_ref idref="fl-e1"/>
      </object_component>
      <object_component id="oc-1af">
         <name>.text:uDMAControlBaseSet</name>
         <load_address>0x63ec</load_address>
         <run_address>0x63ec</run_address>
         <size>0xc</size>
         <input_file_ref idref="fl-17"/>
      </object_component>
      <object_component id="oc-35b">
         <name>.text:SSIDataPut</name>
         <load_address>0x63f8</load_address>
         <run_address>0x63f8</run_address>
         <size>0xa</size>
         <input_file_ref idref="fl-13"/>
      </object_component>
      <object_component id="oc-379">
         <name>.text:SSIEnable</name>
         <load_address>0x6402</load_address>
         <run_address>0x6402</run_address>
         <size>0xa</size>
         <input_file_ref idref="fl-13"/>
      </object_component>
      <object_component id="oc-4cc">
         <name>.text:GrMapISO8859_1_Unicode</name>
         <load_address>0x640c</load_address>
         <run_address>0x640c</run_address>
         <size>0x8</size>
         <input_file_ref idref="fl-26"/>
      </object_component>
      <object_component id="oc-361">
         <name>.text:SSIBusy</name>
         <load_address>0x6414</load_address>
         <run_address>0x6414</run_address>
         <size>0x8</size>
         <input_file_ref idref="fl-13"/>
      </object_component>
      <object_component id="oc-f1">
         <name>.text:TimerIntEnable</name>
         <load_address>0x641c</load_address>
         <run_address>0x641c</run_address>
         <size>0x8</size>
         <input_file_ref idref="fl-16"/>
      </object_component>
      <object_component id="oc-12b">
         <name>.text:GrContextFontSet</name>
         <load_address>0x6424</load_address>
         <run_address>0x6424</run_address>
         <size>0x6</size>
         <input_file_ref idref="fl-1e"/>
      </object_component>
      <object_component id="oc-c0">
         <name>.text:SysCtlDelay</name>
         <load_address>0x642a</load_address>
         <run_address>0x642a</run_address>
         <size>0x6</size>
         <input_file_ref idref="fl-14"/>
      </object_component>
      <object_component id="oc-2f8">
         <name>.text:WidgetMutexPut</name>
         <load_address>0x6430</load_address>
         <run_address>0x6430</run_address>
         <size>0x6</size>
         <input_file_ref idref="fl-1f"/>
      </object_component>
      <object_component id="oc-30f">
         <name>.text:WidgetDefaultMsgProc</name>
         <load_address>0x6436</load_address>
         <run_address>0x6436</run_address>
         <size>0x4</size>
         <input_file_ref idref="fl-1f"/>
      </object_component>
      <object_component id="oc-69">
         <name>.text</name>
         <load_address>0x643a</load_address>
         <run_address>0x643a</run_address>
         <size>0x4</size>
         <input_file_ref idref="fl-ec"/>
      </object_component>
      <object_component id="oc-119">
         <name>.const:.string:jmrlogo</name>
         <load_address>0x6440</load_address>
         <run_address>0x6440</run_address>
         <size>0x30e7</size>
         <input_file_ref idref="fl-5"/>
      </object_component>
      <object_component id="oc-442">
         <name>.const:.string:g_pui8Cmss20Data</name>
         <load_address>0x9527</load_address>
         <run_address>0x9527</run_address>
         <size>0x8c1</size>
         <input_file_ref idref="fl-24"/>
      </object_component>
      <object_component id="oc-2b8">
         <name>.const:.string:g_pui8Cmss20bData</name>
         <load_address>0x9de8</load_address>
         <run_address>0x9de8</run_address>
         <size>0x890</size>
         <input_file_ref idref="fl-25"/>
      </object_component>
      <object_component id="oc-511">
         <name>.const:.string:g_pui8Cmss14Data</name>
         <load_address>0xa678</load_address>
         <run_address>0xa678</run_address>
         <size>0x609</size>
         <input_file_ref idref="fl-22"/>
      </object_component>
      <object_component id="oc-4ac">
         <name>.const:.string:g_pui8Cmss12bData</name>
         <load_address>0xac81</load_address>
         <run_address>0xac81</run_address>
         <size>0x5c7</size>
         <input_file_ref idref="fl-21"/>
      </object_component>
      <object_component id="oc-434">
         <name>.const:.string:g_pui8Cmss12Data</name>
         <load_address>0xb248</load_address>
         <run_address>0xb248</run_address>
         <size>0x514</size>
         <input_file_ref idref="fl-20"/>
      </object_component>
      <object_component id="oc-532">
         <name>.const:.string:_ctypes_</name>
         <load_address>0xb75c</load_address>
         <run_address>0xb75c</run_address>
         <size>0x101</size>
         <input_file_ref idref="fl-f5"/>
      </object_component>
      <object_component id="oc-2e5">
         <name>.const:.string</name>
         <load_address>0xb860</load_address>
         <run_address>0xb860</run_address>
         <size>0xf2</size>
         <input_file_ref idref="fl-6"/>
      </object_component>
      <object_component id="oc-2e2">
         <name>.const:g_sFontCmss12</name>
         <load_address>0xb954</load_address>
         <run_address>0xb954</run_address>
         <size>0xc8</size>
         <input_file_ref idref="fl-20"/>
      </object_component>
      <object_component id="oc-340">
         <name>.const:g_sFontCmss12b</name>
         <load_address>0xba1c</load_address>
         <run_address>0xba1c</run_address>
         <size>0xc8</size>
         <input_file_ref idref="fl-21"/>
      </object_component>
      <object_component id="oc-455">
         <name>.const:g_sFontCmss14</name>
         <load_address>0xbae4</load_address>
         <run_address>0xbae4</run_address>
         <size>0xc8</size>
         <input_file_ref idref="fl-22"/>
      </object_component>
      <object_component id="oc-2f2">
         <name>.const:g_sFontCmss20</name>
         <load_address>0xbbac</load_address>
         <run_address>0xbbac</run_address>
         <size>0xc8</size>
         <input_file_ref idref="fl-24"/>
      </object_component>
      <object_component id="oc-128">
         <name>.const:g_sFontCmss20b</name>
         <load_address>0xbc74</load_address>
         <run_address>0xbc74</run_address>
         <size>0xc8</size>
         <input_file_ref idref="fl-25"/>
      </object_component>
      <object_component id="oc-4b9">
         <name>.const:g_pui32GPIOBaseAddrs</name>
         <load_address>0xbd3c</load_address>
         <run_address>0xbd3c</run_address>
         <size>0x90</size>
         <input_file_ref idref="fl-11"/>
      </object_component>
      <object_component id="oc-272">
         <name>.const</name>
         <load_address>0xbdcc</load_address>
         <run_address>0xbdcc</run_address>
         <size>0x70</size>
         <input_file_ref idref="fl-12"/>
      </object_component>
      <object_component id="oc-26c">
         <name>.const:g_pui32Xtals</name>
         <load_address>0xbe3c</load_address>
         <run_address>0xbe3c</run_address>
         <size>0x6c</size>
         <input_file_ref idref="fl-14"/>
      </object_component>
      <object_component id="oc-1ef">
         <name>.const:g_lTouchParameters</name>
         <load_address>0xbea8</load_address>
         <run_address>0xbea8</run_address>
         <size>0x38</size>
         <input_file_ref idref="fl-8"/>
      </object_component>
      <object_component id="oc-1bb">
         <name>.const:g_sKentec320x240x16_SSD2119</name>
         <load_address>0xbee0</load_address>
         <run_address>0xbee0</run_address>
         <size>0x28</size>
         <input_file_ref idref="fl-2"/>
      </object_component>
      <object_component id="oc-392">
         <name>.const</name>
         <load_address>0xbf08</load_address>
         <run_address>0xbf08</run_address>
         <size>0x10</size>
         <input_file_ref idref="fl-1a"/>
      </object_component>
      <object_component id="oc-597">
         <name>.cinit..data.load</name>
         <load_address>0xbf18</load_address>
         <run_address>0xbf18</run_address>
         <size>0x1b6</size>
      </object_component>
      <object_component id="oc-594">
         <name>__TI_handler_table</name>
         <load_address>0xc0d0</load_address>
         <run_address>0xc0d0</run_address>
         <size>0xc</size>
      </object_component>
      <object_component id="oc-598">
         <name>.cinit..bss.load</name>
         <load_address>0xc0e0</load_address>
         <run_address>0xc0e0</run_address>
         <size>0x8</size>
      </object_component>
      <object_component id="oc-596">
         <name>.cinit..vtable.load</name>
         <load_address>0xc0e8</load_address>
         <run_address>0xc0e8</run_address>
         <size>0x8</size>
      </object_component>
      <object_component id="oc-595">
         <name>__TI_cinit_table</name>
         <load_address>0xc0f0</load_address>
         <run_address>0xc0f0</run_address>
         <size>0x18</size>
      </object_component>
      <object_component id="oc-3e2">
         <name>.vtable</name>
         <uninitialized>true</uninitialized>
         <run_address>0x20000000</run_address>
         <size>0x26c</size>
         <input_file_ref idref="fl-12"/>
      </object_component>
      <object_component id="oc-86">
         <name>.data</name>
         <load_address>0x200013e4</load_address>
         <run_address>0x200013e4</run_address>
         <size>0x15</size>
         <input_file_ref idref="fl-6"/>
      </object_component>
      <object_component id="oc-56c">
         <name>.data:g_CalibrateZButton</name>
         <load_address>0x20000f14</load_address>
         <run_address>0x20000f14</run_address>
         <size>0x50</size>
         <input_file_ref idref="fl-6"/>
      </object_component>
      <object_component id="oc-54d">
         <name>.data:g_ScaleReadingButton</name>
         <load_address>0x20000f64</load_address>
         <run_address>0x20000f64</run_address>
         <size>0x50</size>
         <input_file_ref idref="fl-6"/>
      </object_component>
      <object_component id="oc-50c">
         <name>.data:g_TestConfigButton</name>
         <load_address>0x20001004</load_address>
         <run_address>0x20001004</run_address>
         <size>0x50</size>
         <input_file_ref idref="fl-6"/>
      </object_component>
      <object_component id="oc-452">
         <name>.data:g_CalibrateScaleButton</name>
         <load_address>0x20000ec4</load_address>
         <run_address>0x20000ec4</run_address>
         <size>0x50</size>
         <input_file_ref idref="fl-6"/>
      </object_component>
      <object_component id="oc-303">
         <name>.data:g_TestScreenButton</name>
         <load_address>0x20001054</load_address>
         <run_address>0x20001054</run_address>
         <size>0x50</size>
         <input_file_ref idref="fl-6"/>
      </object_component>
      <object_component id="oc-146">
         <name>.data:g_TestingResults</name>
         <load_address>0x200010f4</load_address>
         <run_address>0x200010f4</run_address>
         <size>0x40</size>
         <input_file_ref idref="fl-6"/>
      </object_component>
      <object_component id="oc-143">
         <name>.data:g_StartTestButton</name>
         <load_address>0x20000fb4</load_address>
         <run_address>0x20000fb4</run_address>
         <size>0x50</size>
         <input_file_ref idref="fl-6"/>
      </object_component>
      <object_component id="oc-31a">
         <name>.data:g_sCalibrationStep1</name>
         <load_address>0x200012b4</load_address>
         <run_address>0x200012b4</run_address>
         <size>0x40</size>
         <input_file_ref idref="fl-6"/>
      </object_component>
      <object_component id="oc-18e">
         <name>.data:g_sCalStep1Result</name>
         <load_address>0x20001234</load_address>
         <run_address>0x20001234</run_address>
         <size>0x40</size>
         <input_file_ref idref="fl-6"/>
      </object_component>
      <object_component id="oc-18b">
         <name>.data:g_CalStep1Button</name>
         <load_address>0x20000e24</load_address>
         <run_address>0x20000e24</run_address>
         <size>0x50</size>
         <input_file_ref idref="fl-6"/>
      </object_component>
      <object_component id="oc-185">
         <name>.data:g_sCalibrationStep2</name>
         <load_address>0x200012f4</load_address>
         <run_address>0x200012f4</run_address>
         <size>0x40</size>
         <input_file_ref idref="fl-6"/>
      </object_component>
      <object_component id="oc-194">
         <name>.data:g_sCalStep2Result</name>
         <load_address>0x20001274</load_address>
         <run_address>0x20001274</run_address>
         <size>0x40</size>
         <input_file_ref idref="fl-6"/>
      </object_component>
      <object_component id="oc-191">
         <name>.data:g_CalStep2Button</name>
         <load_address>0x20000e74</load_address>
         <run_address>0x20000e74</run_address>
         <size>0x50</size>
         <input_file_ref idref="fl-6"/>
      </object_component>
      <object_component id="oc-149">
         <name>.data:g_sLoadCellValue</name>
         <load_address>0x20001334</load_address>
         <run_address>0x20001334</run_address>
         <size>0x40</size>
         <input_file_ref idref="fl-6"/>
      </object_component>
      <object_component id="oc-155">
         <name>.data:g_psMainPanel</name>
         <load_address>0x20001174</load_address>
         <run_address>0x20001174</run_address>
         <size>0x40</size>
         <input_file_ref idref="fl-6"/>
      </object_component>
      <object_component id="oc-161">
         <name>.data:g_psTestPanel</name>
         <load_address>0x200011f4</load_address>
         <run_address>0x200011f4</run_address>
         <size>0x40</size>
         <input_file_ref idref="fl-6"/>
      </object_component>
      <object_component id="oc-16a">
         <name>.data:g_psCalibrateScalePanel</name>
         <load_address>0x20001134</load_address>
         <run_address>0x20001134</run_address>
         <size>0x40</size>
         <input_file_ref idref="fl-6"/>
      </object_component>
      <object_component id="oc-16d">
         <name>.data:g_psScaleReadingPanel</name>
         <load_address>0x200011b4</load_address>
         <run_address>0x200011b4</run_address>
         <size>0x40</size>
         <input_file_ref idref="fl-6"/>
      </object_component>
      <object_component id="oc-14c">
         <name>.data:g_sTitle</name>
         <load_address>0x20001374</load_address>
         <run_address>0x20001374</run_address>
         <size>0x40</size>
         <input_file_ref idref="fl-6"/>
      </object_component>
      <object_component id="oc-188">
         <name>.data:g_sReturnToMain</name>
         <load_address>0x200010a4</load_address>
         <run_address>0x200010a4</run_address>
         <size>0x50</size>
         <input_file_ref idref="fl-6"/>
      </object_component>
      <object_component id="oc-1e6">
         <name>.data</name>
         <load_address>0x20001418</load_address>
         <run_address>0x20001418</run_address>
         <size>0x4</size>
         <input_file_ref idref="fl-8"/>
      </object_component>
      <object_component id="oc-15e">
         <name>.data</name>
         <load_address>0x200013b4</load_address>
         <run_address>0x200013b4</run_address>
         <size>0x2d</size>
         <input_file_ref idref="fl-1f"/>
      </object_component>
      <object_component id="oc-241">
         <name>.data:$O1$$</name>
         <load_address>0x200013fc</load_address>
         <run_address>0x200013fc</run_address>
         <size>0xc</size>
         <input_file_ref idref="fl-e2"/>
      </object_component>
      <object_component id="oc-81">
         <name>.data</name>
         <load_address>0x20001414</load_address>
         <run_address>0x20001414</run_address>
         <size>0x4</size>
         <input_file_ref idref="fl-ee"/>
      </object_component>
      <object_component id="oc-244">
         <name>.data:$O1$$</name>
         <load_address>0x20001408</load_address>
         <run_address>0x20001408</run_address>
         <size>0x8</size>
         <input_file_ref idref="fl-ef"/>
      </object_component>
      <object_component id="oc-52b">
         <name>.data</name>
         <load_address>0x20001410</load_address>
         <run_address>0x20001410</run_address>
         <size>0x4</size>
         <input_file_ref idref="fl-100"/>
      </object_component>
      <object_component id="oc-1e9">
         <name>.bss</name>
         <uninitialized>true</uninitialized>
         <run_address>0x20001d9c</run_address>
         <size>0x8</size>
         <input_file_ref idref="fl-8"/>
      </object_component>
      <object_component id="oc-1ec">
         <name>.bss:g_psSamples</name>
         <uninitialized>true</uninitialized>
         <run_address>0x20001d8c</run_address>
         <size>0x10</size>
         <input_file_ref idref="fl-8"/>
      </object_component>
      <object_component id="oc-2fe">
         <name>.bss:g_psMQ</name>
         <uninitialized>true</uninitialized>
         <run_address>0x20001c00</run_address>
         <size>0x140</size>
         <input_file_ref idref="fl-1f"/>
      </object_component>
      <object_component id="oc-178">
         <name>.common:weight_string</name>
         <uninitialized>true</uninitialized>
         <run_address>0x20001db4</run_address>
         <size>0x8</size>
      </object_component>
      <object_component id="oc-176">
         <name>.common:LoadCell</name>
         <uninitialized>true</uninitialized>
         <run_address>0x20001dbc</run_address>
         <size>0x4</size>
      </object_component>
      <object_component id="oc-197">
         <name>.common:cal_data_eeprom</name>
         <uninitialized>true</uninitialized>
         <run_address>0x20001da4</run_address>
         <size>0x8</size>
      </object_component>
      <object_component id="oc-177">
         <name>.common:weight</name>
         <uninitialized>true</uninitialized>
         <run_address>0x20001dc8</run_address>
         <size>0x4</size>
      </object_component>
      <object_component id="oc-1ae">
         <name>.common:sDMAControlTable</name>
         <uninitialized>true</uninitialized>
         <run_address>0x20001800</run_address>
         <size>0x400</size>
      </object_component>
      <object_component id="oc-112">
         <name>.common:sContext</name>
         <uninitialized>true</uninitialized>
         <run_address>0x20001d40</run_address>
         <size>0x2c</size>
      </object_component>
      <object_component id="oc-10f">
         <name>.common:sRect</name>
         <uninitialized>true</uninitialized>
         <run_address>0x20001dac</run_address>
         <size>0x8</size>
      </object_component>
      <object_component id="oc-1e5">
         <name>.common:g_plParmSet</name>
         <uninitialized>true</uninitialized>
         <run_address>0x20001dc0</run_address>
         <size>0x4</size>
      </object_component>
      <object_component id="oc-1e1">
         <name>.common:g_sTouchX</name>
         <uninitialized>true</uninitialized>
         <run_address>0x20001dcc</run_address>
         <size>0x2</size>
      </object_component>
      <object_component id="oc-1e4">
         <name>.common:g_sTouchY</name>
         <uninitialized>true</uninitialized>
         <run_address>0x20001dce</run_address>
         <size>0x2</size>
      </object_component>
      <object_component id="oc-395">
         <name>.common:g_psGrLibDefaults</name>
         <uninitialized>true</uninitialized>
         <run_address>0x20001dc4</run_address>
         <size>0x4</size>
      </object_component>
      <object_component id="oc-403">
         <name>.common:g_pui8Dictionary</name>
         <uninitialized>true</uninitialized>
         <run_address>0x20001d6c</run_address>
         <size>0x20</size>
      </object_component>
      <object_component id="oc-2a">
         <name>.stack</name>
         <uninitialized>true</uninitialized>
         <run_address>0x2000026c</run_address>
         <size>0x0</size>
         <input_file_ref idref="fl-de"/>
      </object_component>
      <object_component id="oc-599">
         <name>.stack</name>
         <uninitialized>true</uninitialized>
         <run_address>0x2000026c</run_address>
         <size>0x0</size>
      </object_component>
      <object_component id="oc-386">
         <name>.debug_info</name>
         <load_address>0x0</load_address>
         <run_address>0x0</run_address>
         <size>0x561</size>
         <input_file_ref idref="fl-2"/>
      </object_component>
      <object_component id="oc-1bc">
         <name>.debug_info</name>
         <load_address>0x561</load_address>
         <run_address>0x561</run_address>
         <size>0x121</size>
         <input_file_ref idref="fl-2"/>
      </object_component>
      <object_component id="oc-1a9">
         <name>.debug_info</name>
         <load_address>0x682</load_address>
         <run_address>0x682</run_address>
         <size>0x1b6e</size>
         <input_file_ref idref="fl-2"/>
      </object_component>
      <object_component id="oc-284">
         <name>.debug_info</name>
         <load_address>0x21f0</load_address>
         <run_address>0x21f0</run_address>
         <size>0x6bd</size>
         <input_file_ref idref="fl-2"/>
      </object_component>
      <object_component id="oc-1dc">
         <name>.debug_info</name>
         <load_address>0x28ad</load_address>
         <run_address>0x28ad</run_address>
         <size>0x8b</size>
         <input_file_ref idref="fl-2"/>
      </object_component>
      <object_component id="oc-1d7">
         <name>.debug_info</name>
         <load_address>0x2938</load_address>
         <run_address>0x2938</run_address>
         <size>0x18b</size>
         <input_file_ref idref="fl-2"/>
      </object_component>
      <object_component id="oc-2a1">
         <name>.debug_info</name>
         <load_address>0x2ac3</load_address>
         <run_address>0x2ac3</run_address>
         <size>0x2f7</size>
         <input_file_ref idref="fl-5"/>
      </object_component>
      <object_component id="oc-11a">
         <name>.debug_info</name>
         <load_address>0x2dba</load_address>
         <run_address>0x2dba</run_address>
         <size>0xe3</size>
         <input_file_ref idref="fl-5"/>
      </object_component>
      <object_component id="oc-110">
         <name>.debug_info</name>
         <load_address>0x2e9d</load_address>
         <run_address>0x2e9d</run_address>
         <size>0xfa9</size>
         <input_file_ref idref="fl-6"/>
      </object_component>
      <object_component id="oc-87">
         <name>.debug_info</name>
         <load_address>0x3e46</load_address>
         <run_address>0x3e46</run_address>
         <size>0x1d4</size>
         <input_file_ref idref="fl-6"/>
      </object_component>
      <object_component id="oc-56d">
         <name>.debug_info</name>
         <load_address>0x401a</load_address>
         <run_address>0x401a</run_address>
         <size>0xf7</size>
         <input_file_ref idref="fl-6"/>
      </object_component>
      <object_component id="oc-54e">
         <name>.debug_info</name>
         <load_address>0x4111</load_address>
         <run_address>0x4111</run_address>
         <size>0xfb</size>
         <input_file_ref idref="fl-6"/>
      </object_component>
      <object_component id="oc-50d">
         <name>.debug_info</name>
         <load_address>0x420c</load_address>
         <run_address>0x420c</run_address>
         <size>0xf7</size>
         <input_file_ref idref="fl-6"/>
      </object_component>
      <object_component id="oc-453">
         <name>.debug_info</name>
         <load_address>0x4303</load_address>
         <run_address>0x4303</run_address>
         <size>0xff</size>
         <input_file_ref idref="fl-6"/>
      </object_component>
      <object_component id="oc-304">
         <name>.debug_info</name>
         <load_address>0x4402</load_address>
         <run_address>0x4402</run_address>
         <size>0xf7</size>
         <input_file_ref idref="fl-6"/>
      </object_component>
      <object_component id="oc-147">
         <name>.debug_info</name>
         <load_address>0x44f9</load_address>
         <run_address>0x44f9</run_address>
         <size>0xf3</size>
         <input_file_ref idref="fl-6"/>
      </object_component>
      <object_component id="oc-144">
         <name>.debug_info</name>
         <load_address>0x45ec</load_address>
         <run_address>0x45ec</run_address>
         <size>0xf5</size>
         <input_file_ref idref="fl-6"/>
      </object_component>
      <object_component id="oc-31b">
         <name>.debug_info</name>
         <load_address>0x46e1</load_address>
         <run_address>0x46e1</run_address>
         <size>0xf9</size>
         <input_file_ref idref="fl-6"/>
      </object_component>
      <object_component id="oc-18f">
         <name>.debug_info</name>
         <load_address>0x47da</load_address>
         <run_address>0x47da</run_address>
         <size>0xf5</size>
         <input_file_ref idref="fl-6"/>
      </object_component>
      <object_component id="oc-18c">
         <name>.debug_info</name>
         <load_address>0x48cf</load_address>
         <run_address>0x48cf</run_address>
         <size>0xf3</size>
         <input_file_ref idref="fl-6"/>
      </object_component>
      <object_component id="oc-186">
         <name>.debug_info</name>
         <load_address>0x49c2</load_address>
         <run_address>0x49c2</run_address>
         <size>0xf9</size>
         <input_file_ref idref="fl-6"/>
      </object_component>
      <object_component id="oc-195">
         <name>.debug_info</name>
         <load_address>0x4abb</load_address>
         <run_address>0x4abb</run_address>
         <size>0xf5</size>
         <input_file_ref idref="fl-6"/>
      </object_component>
      <object_component id="oc-192">
         <name>.debug_info</name>
         <load_address>0x4bb0</load_address>
         <run_address>0x4bb0</run_address>
         <size>0xf3</size>
         <input_file_ref idref="fl-6"/>
      </object_component>
      <object_component id="oc-14a">
         <name>.debug_info</name>
         <load_address>0x4ca3</load_address>
         <run_address>0x4ca3</run_address>
         <size>0xf3</size>
         <input_file_ref idref="fl-6"/>
      </object_component>
      <object_component id="oc-156">
         <name>.debug_info</name>
         <load_address>0x4d96</load_address>
         <run_address>0x4d96</run_address>
         <size>0xed</size>
         <input_file_ref idref="fl-6"/>
      </object_component>
      <object_component id="oc-162">
         <name>.debug_info</name>
         <load_address>0x4e83</load_address>
         <run_address>0x4e83</run_address>
         <size>0xed</size>
         <input_file_ref idref="fl-6"/>
      </object_component>
      <object_component id="oc-16b">
         <name>.debug_info</name>
         <load_address>0x4f70</load_address>
         <run_address>0x4f70</run_address>
         <size>0x101</size>
         <input_file_ref idref="fl-6"/>
      </object_component>
      <object_component id="oc-16e">
         <name>.debug_info</name>
         <load_address>0x5071</load_address>
         <run_address>0x5071</run_address>
         <size>0xfd</size>
         <input_file_ref idref="fl-6"/>
      </object_component>
      <object_component id="oc-14d">
         <name>.debug_info</name>
         <load_address>0x516e</load_address>
         <run_address>0x516e</run_address>
         <size>0xe3</size>
         <input_file_ref idref="fl-6"/>
      </object_component>
      <object_component id="oc-189">
         <name>.debug_info</name>
         <load_address>0x5251</load_address>
         <run_address>0x5251</run_address>
         <size>0xf1</size>
         <input_file_ref idref="fl-6"/>
      </object_component>
      <object_component id="oc-32">
         <name>.debug_info</name>
         <load_address>0x5342</load_address>
         <run_address>0x5342</run_address>
         <size>0x26d6</size>
         <input_file_ref idref="fl-6"/>
      </object_component>
      <object_component id="oc-289">
         <name>.debug_info</name>
         <load_address>0x7a18</load_address>
         <run_address>0x7a18</run_address>
         <size>0x86</size>
         <input_file_ref idref="fl-6"/>
      </object_component>
      <object_component id="oc-28e">
         <name>.debug_info</name>
         <load_address>0x7a9e</load_address>
         <run_address>0x7a9e</run_address>
         <size>0x14e</size>
         <input_file_ref idref="fl-6"/>
      </object_component>
      <object_component id="oc-293">
         <name>.debug_info</name>
         <load_address>0x7bec</load_address>
         <run_address>0x7bec</run_address>
         <size>0xea</size>
         <input_file_ref idref="fl-6"/>
      </object_component>
      <object_component id="oc-298">
         <name>.debug_info</name>
         <load_address>0x7cd6</load_address>
         <run_address>0x7cd6</run_address>
         <size>0xc6</size>
         <input_file_ref idref="fl-6"/>
      </object_component>
      <object_component id="oc-336">
         <name>.debug_info</name>
         <load_address>0x7d9c</load_address>
         <run_address>0x7d9c</run_address>
         <size>0x4e</size>
         <input_file_ref idref="fl-6"/>
      </object_component>
      <object_component id="oc-3f">
         <name>.debug_info</name>
         <load_address>0x7dea</load_address>
         <run_address>0x7dea</run_address>
         <size>0x189</size>
         <input_file_ref idref="fl-7"/>
      </object_component>
      <object_component id="oc-10">
         <name>.debug_info</name>
         <load_address>0x7f73</load_address>
         <run_address>0x7f73</run_address>
         <size>0xfe</size>
         <input_file_ref idref="fl-7"/>
      </object_component>
      <object_component id="oc-2c">
         <name>.debug_info</name>
         <load_address>0x8071</load_address>
         <run_address>0x8071</run_address>
         <size>0x27a</size>
         <input_file_ref idref="fl-7"/>
      </object_component>
      <object_component id="oc-46">
         <name>.debug_info</name>
         <load_address>0x82eb</load_address>
         <run_address>0x82eb</run_address>
         <size>0x84</size>
         <input_file_ref idref="fl-7"/>
      </object_component>
      <object_component id="oc-1e2">
         <name>.debug_info</name>
         <load_address>0x836f</load_address>
         <run_address>0x836f</run_address>
         <size>0x6e1</size>
         <input_file_ref idref="fl-8"/>
      </object_component>
      <object_component id="oc-1f0">
         <name>.debug_info</name>
         <load_address>0x8a50</load_address>
         <run_address>0x8a50</run_address>
         <size>0xf7</size>
         <input_file_ref idref="fl-8"/>
      </object_component>
      <object_component id="oc-1e7">
         <name>.debug_info</name>
         <load_address>0x8b47</load_address>
         <run_address>0x8b47</run_address>
         <size>0x12b</size>
         <input_file_ref idref="fl-8"/>
      </object_component>
      <object_component id="oc-1ea">
         <name>.debug_info</name>
         <load_address>0x8c72</load_address>
         <run_address>0x8c72</run_address>
         <size>0x114</size>
         <input_file_ref idref="fl-8"/>
      </object_component>
      <object_component id="oc-1ed">
         <name>.debug_info</name>
         <load_address>0x8d86</load_address>
         <run_address>0x8d86</run_address>
         <size>0xe9</size>
         <input_file_ref idref="fl-8"/>
      </object_component>
      <object_component id="oc-3b">
         <name>.debug_info</name>
         <load_address>0x8e6f</load_address>
         <run_address>0x8e6f</run_address>
         <size>0x533</size>
         <input_file_ref idref="fl-8"/>
      </object_component>
      <object_component id="oc-3b3">
         <name>.debug_info</name>
         <load_address>0x93a2</load_address>
         <run_address>0x93a2</run_address>
         <size>0x23d</size>
         <input_file_ref idref="fl-f"/>
      </object_component>
      <object_component id="oc-201">
         <name>.debug_info</name>
         <load_address>0x95df</load_address>
         <run_address>0x95df</run_address>
         <size>0x333</size>
         <input_file_ref idref="fl-f"/>
      </object_component>
      <object_component id="oc-207">
         <name>.debug_info</name>
         <load_address>0x9912</load_address>
         <run_address>0x9912</run_address>
         <size>0x2a0</size>
         <input_file_ref idref="fl-f"/>
      </object_component>
      <object_component id="oc-1fb">
         <name>.debug_info</name>
         <load_address>0x9bb2</load_address>
         <run_address>0x9bb2</run_address>
         <size>0x326</size>
         <input_file_ref idref="fl-f"/>
      </object_component>
      <object_component id="oc-20d">
         <name>.debug_info</name>
         <load_address>0x9ed8</load_address>
         <run_address>0x9ed8</run_address>
         <size>0x296</size>
         <input_file_ref idref="fl-f"/>
      </object_component>
      <object_component id="oc-1f5">
         <name>.debug_info</name>
         <load_address>0xa16e</load_address>
         <run_address>0xa16e</run_address>
         <size>0x2c1</size>
         <input_file_ref idref="fl-f"/>
      </object_component>
      <object_component id="oc-358">
         <name>.debug_info</name>
         <load_address>0xa42f</load_address>
         <run_address>0xa42f</run_address>
         <size>0x1a7</size>
         <input_file_ref idref="fl-10"/>
      </object_component>
      <object_component id="oc-1cd">
         <name>.debug_info</name>
         <load_address>0xa5d6</load_address>
         <run_address>0xa5d6</run_address>
         <size>0x2c5</size>
         <input_file_ref idref="fl-10"/>
      </object_component>
      <object_component id="oc-353">
         <name>.debug_info</name>
         <load_address>0xa89b</load_address>
         <run_address>0xa89b</run_address>
         <size>0x2b1</size>
         <input_file_ref idref="fl-10"/>
      </object_component>
      <object_component id="oc-34d">
         <name>.debug_info</name>
         <load_address>0xab4c</load_address>
         <run_address>0xab4c</run_address>
         <size>0x277</size>
         <input_file_ref idref="fl-10"/>
      </object_component>
      <object_component id="oc-19a">
         <name>.debug_info</name>
         <load_address>0xadc3</load_address>
         <run_address>0xadc3</run_address>
         <size>0x376</size>
         <input_file_ref idref="fl-10"/>
      </object_component>
      <object_component id="oc-39b">
         <name>.debug_info</name>
         <load_address>0xb139</load_address>
         <run_address>0xb139</run_address>
         <size>0x227</size>
         <input_file_ref idref="fl-10"/>
      </object_component>
[...]
         <name>SSIDataPut</name>
         <value>0x63f9</value>
         <object_component_ref idref="oc-35b"/>
      </symbol>
      <symbol id="sm-3a9">
         <name>SSIDataGetNonBlocking</name>
         <value>0x6319</value>
         <object_component_ref idref="oc-37f"/>
      </symbol>
      <symbol id="sm-3aa">
         <name>SSIConfigSetExpClk</name>
         <value>0x5e05</value>
         <object_component_ref idref="oc-373"/>
      </symbol>
      <symbol id="sm-3ab">
         <name>SSIEnable</name>
         <value>0x6403</value>
         <object_component_ref idref="oc-379"/>
      </symbol>
      <symbol id="sm-3ac">
         <name>SSIBusy</name>
         <value>0x6415</value>
         <object_component_ref idref="oc-361"/>
      </symbol>
      <symbol id="sm-3f4">
         <name>SysCtlDelay</name>
         <value>0x642b</value>
         <object_component_ref idref="oc-c0"/>
      </symbol>
      <symbol id="sm-3f5">
         <name>SysCtlPeripheralEnable</name>
         <value>0x5f5d</value>
         <object_component_ref idref="oc-ba"/>
      </symbol>
      <symbol id="sm-3f6">
         <name>SysCtlClockGet</name>
         <value>0x49d9</value>
         <object_component_ref idref="oc-df"/>
      </symbol>
      <symbol id="sm-3f7">
         <name>SysCtlPeripheralReset</name>
         <value>0x5ae5</value>
         <object_component_ref idref="oc-39f"/>
      </symbol>
      <symbol id="sm-424">
         <name>SysTickEnable</name>
         <value>0x627d</value>
         <object_component_ref idref="oc-9b"/>
      </symbol>
      <symbol id="sm-425">
         <name>SysTickIntRegister</name>
         <value>0x6181</value>
         <object_component_ref idref="oc-8f"/>
      </symbol>
      <symbol id="sm-426">
         <name>SysTickIntEnable</name>
         <value>0x6291</value>
         <object_component_ref idref="oc-95"/>
      </symbol>
      <symbol id="sm-427">
         <name>SysTickPeriodSet</name>
         <value>0x635d</value>
         <object_component_ref idref="oc-89"/>
      </symbol>
      <symbol id="sm-474">
         <name>TimerLoadSet</name>
         <value>0x632b</value>
         <object_component_ref idref="oc-e5"/>
      </symbol>
      <symbol id="sm-475">
         <name>TimerDisable</name>
         <value>0x620d</value>
         <object_component_ref idref="oc-109"/>
      </symbol>
      <symbol id="sm-476">
         <name>TimerEnable</name>
         <value>0x63b7</value>
         <object_component_ref idref="oc-fd"/>
      </symbol>
      <symbol id="sm-477">
         <name>TimerControlTrigger</name>
         <value>0x598d</value>
         <object_component_ref idref="oc-210"/>
      </symbol>
      <symbol id="sm-478">
         <name>TimerIntEnable</name>
         <value>0x641d</value>
         <object_component_ref idref="oc-f1"/>
      </symbol>
      <symbol id="sm-479">
         <name>TimerConfigure</name>
         <value>0x57bd</value>
         <object_component_ref idref="oc-1d0"/>
      </symbol>
      <symbol id="sm-47a">
         <name>TimerIntClear</name>
         <value>0x61d5</value>
         <object_component_ref idref="oc-103"/>
      </symbol>
      <symbol id="sm-493">
         <name>uDMAEnable</name>
         <value>0x637d</value>
         <object_component_ref idref="oc-1b5"/>
      </symbol>
      <symbol id="sm-494">
         <name>uDMAControlBaseSet</name>
         <value>0x63ed</value>
         <object_component_ref idref="oc-1af"/>
      </symbol>
      <symbol id="sm-49e">
         <name>CPUcpsie</name>
         <value>0x63d3</value>
         <object_component_ref idref="oc-278"/>
      </symbol>
      <symbol id="sm-4bf">
         <name>CanvasMsgProc</name>
         <value>0x6269</value>
         <object_component_ref idref="oc-2e8"/>
      </symbol>
      <symbol id="sm-4ea">
         <name>GrContextInit</name>
         <value>0x5489</value>
         <object_component_ref idref="oc-1be"/>
      </symbol>
      <symbol id="sm-4eb">
         <name>GrContextClipRegionSet</name>
         <value>0x5629</value>
         <object_component_ref idref="oc-4f1"/>
      </symbol>
      <symbol id="sm-4ec">
         <name>g_psDefaultCodePointMapTable</name>
         <value>0xbf08</value>
         <object_component_ref idref="oc-392"/>
      </symbol>
      <symbol id="sm-543">
         <name>GrImageDraw</name>
         <value>0x63a9</value>
         <object_component_ref idref="oc-11c"/>
      </symbol>
      <symbol id="sm-576">
         <name>RectangularButtonMsgProc</name>
         <value>0x6079</value>
         <object_component_ref idref="oc-2dc"/>
      </symbol>
      <symbol id="sm-58d">
         <name>GrRectFill</name>
         <value>0x5191</value>
         <object_component_ref idref="oc-113"/>
      </symbol>
      <symbol id="sm-58e">
         <name>GrRectDraw</name>
         <value>0x568f</value>
         <object_component_ref idref="oc-122"/>
      </symbol>
      <symbol id="sm-63a">
         <name>GrFontInfoGet</name>
         <value>0x60fb</value>
         <object_component_ref idref="oc-2d3"/>
      </symbol>
      <symbol id="sm-63b">
         <name>GrDefaultStringRenderer</name>
         <value>0x4f81</value>
         <object_component_ref idref="oc-38c"/>
      </symbol>
      <symbol id="sm-63c">
         <name>GrFontGlyphRender</name>
         <value>0x3e65</value>
         <object_component_ref idref="oc-4c5"/>
      </symbol>
      <symbol id="sm-63d">
         <name>GrFontHeightGet</name>
         <value>0x604d</value>
         <object_component_ref idref="oc-4ff"/>
      </symbol>
      <symbol id="sm-63e">
         <name>GrContextFontSet</name>
         <value>0x6425</value>
         <object_component_ref idref="oc-12b"/>
      </symbol>
      <symbol id="sm-63f">
         <name>GrFontGlyphDataGet</name>
         <value>0x6121</value>
         <object_component_ref idref="oc-2cd"/>
      </symbol>
      <symbol id="sm-640">
         <name>GrStringDraw</name>
         <value>0x623d</value>
         <object_component_ref idref="oc-13d"/>
      </symbol>
      <symbol id="sm-641">
         <name>GrFontCodepageGet</name>
         <value>0x6143</value>
         <object_component_ref idref="oc-40e"/>
      </symbol>
      <symbol id="sm-642">
         <name>GrStringNextCharGet</name>
         <value>0x5fc5</value>
         <object_component_ref idref="oc-2c7"/>
      </symbol>
      <symbol id="sm-643">
         <name>GrStringWidthGet</name>
         <value>0x54f1</value>
         <object_component_ref idref="oc-131"/>
      </symbol>
      <symbol id="sm-644">
         <name>GrFontBaselineGet</name>
         <value>0x6021</value>
         <object_component_ref idref="oc-137"/>
      </symbol>
      <symbol id="sm-6ec">
         <name>g_sRoot</name>
         <value>0x200013b4</value>
         <object_component_ref idref="oc-15e"/>
      </symbol>
      <symbol id="sm-6ed">
         <name>WidgetMessageQueueAdd</name>
         <value>0x4dd5</value>
         <object_component_ref idref="oc-14f"/>
      </symbol>
      <symbol id="sm-6ee">
         <name>WidgetMessageSendPostOrder</name>
         <value>0x5041</value>
         <object_component_ref idref="oc-327"/>
      </symbol>
      <symbol id="sm-6ef">
         <name>WidgetAdd</name>
         <value>0x6161</value>
         <object_component_ref idref="oc-164"/>
      </symbol>
      <symbol id="sm-6f0">
         <name>WidgetRemove</name>
         <value>0x5b35</value>
         <object_component_ref idref="oc-158"/>
      </symbol>
      <symbol id="sm-6f1">
         <name>WidgetDefaultMsgProc</name>
         <value>0x6437</value>
         <object_component_ref idref="oc-30f"/>
      </symbol>
      <symbol id="sm-6f2">
         <name>WidgetMutexPut</name>
         <value>0x6431</value>
         <object_component_ref idref="oc-2f8"/>
      </symbol>
      <symbol id="sm-6f3">
         <name>WidgetMessageQueueProcess</name>
         <value>0x56f5</value>
         <object_component_ref idref="oc-170"/>
      </symbol>
      <symbol id="sm-6f4">
         <name>WidgetMutexGet</name>
         <value>0x62a5</value>
         <object_component_ref idref="oc-2f7"/>
      </symbol>
      <symbol id="sm-6f5">
         <name>WidgetPointerMessage</name>
         <value>0x619d</value>
         <object_component_ref idref="oc-17f"/>
      </symbol>
      <symbol id="sm-6f6">
         <name>WidgetMessageSendPreOrder</name>
         <value>0x587d</value>
         <object_component_ref idref="oc-321"/>
      </symbol>
      <symbol id="sm-708">
         <name>g_sFontCmss12</name>
         <value>0xb954</value>
         <object_component_ref idref="oc-2e2"/>
      </symbol>
      <symbol id="sm-71a">
         <name>g_sFontCmss12b</name>
         <value>0xba1c</value>
         <object_component_ref idref="oc-340"/>
      </symbol>
      <symbol id="sm-72c">
         <name>g_sFontCmss14</name>
         <value>0xbae4</value>
         <object_component_ref idref="oc-455"/>
      </symbol>
      <symbol id="sm-73f">
         <name>g_sFontCmss20</name>
         <value>0xbbac</value>
         <object_component_ref idref="oc-2f2"/>
      </symbol>
      <symbol id="sm-751">
         <name>g_sFontCmss20b</name>
         <value>0xbc74</value>
         <object_component_ref idref="oc-128"/>
      </symbol>
      <symbol id="sm-75e">
         <name>GrMapISO8859_1_Unicode</name>
         <value>0x640d</value>
         <object_component_ref idref="oc-4cc"/>
      </symbol>
      <symbol id="sm-778">
         <name>GrLineDrawH</name>
         <value>0x5cf5</value>
         <object_component_ref idref="oc-2ab"/>
      </symbol>
      <symbol id="sm-779">
         <name>GrLineDrawV</name>
         <value>0x5d3b</value>
         <object_component_ref idref="oc-2b1"/>
      </symbol>
      <symbol id="sm-78a">
         <name>_c_int00</name>
         <value>0x5a3d</value>
         <object_component_ref idref="oc-24"/>
      </symbol>
      <symbol id="sm-78b">
         <name>__stack</name>
         <value>0x2000026c</value>
         <object_component_ref idref="oc-2a"/>
      </symbol>
      <symbol id="sm-7a9">
         <name>__TI_decompress_lzss</name>
         <value>0x55c1</value>
         <object_component_ref idref="oc-12"/>
      </symbol>
      <symbol id="sm-7c0">
         <name>__TI_decompress_none</name>
         <value>0x63c5</value>
         <object_component_ref idref="oc-18"/>
      </symbol>
      <symbol id="sm-7d7">
         <name>__TI_zero_init</name>
         <value>0x63df</value>
         <object_component_ref idref="oc-1e"/>
      </symbol>
      <symbol id="sm-7f8">
         <name>C$$EXIT</name>
         <value>0x5a91</value>
         <object_component_ref idref="oc-7b"/>
      </symbol>
      <symbol id="sm-7f9">
         <name>abort</name>
         <value>0x5a95</value>
         <object_component_ref idref="oc-7b"/>
      </symbol>
      <symbol id="sm-7fa">
         <name>exit</name>
         <value>0x5a9d</value>
         <object_component_ref idref="oc-7b"/>
      </symbol>
      <symbol id="sm-7fb">
         <name>__TI_dtors_ptr</name>
         <value>0x20001400</value>
         <object_component_ref idref="oc-241"/>
      </symbol>
      <symbol id="sm-7fc">
         <name>__TI_cleanup_ptr</name>
         <value>0x200013fc</value>
         <object_component_ref idref="oc-241"/>
      </symbol>
      <symbol id="sm-7fd">
         <name>__TI_enable_exit_profile_output</name>
         <value>0x20001404</value>
         <object_component_ref idref="oc-241"/>
      </symbol>
      <symbol id="sm-814">
         <name>__aeabi_dsub</name>
         <value>0x42ad</value>
         <object_component_ref idref="oc-ab"/>
      </symbol>
      <symbol id="sm-815">
         <name>__aeabi_dadd</name>
         <value>0x42b7</value>
         <object_component_ref idref="oc-ab"/>
      </symbol>
      <symbol id="sm-837">
         <name>__aeabi_cdcmpeq</name>
         <value>0x5217</value>
         <object_component_ref idref="oc-1a3"/>
      </symbol>
      <symbol id="sm-838">
         <name>__aeabi_cdcmple</name>
         <value>0x5217</value>
         <object_component_ref idref="oc-1a3"/>
      </symbol>
      <symbol id="sm-839">
         <name>__aeabi_cdrcmple</name>
         <value>0x529d</value>
         <object_component_ref idref="oc-19e"/>
      </symbol>
      <symbol id="sm-844">
         <name>__aeabi_dmul</name>
         <value>0x4ae9</value>
         <object_component_ref idref="oc-a6"/>
      </symbol>
      <symbol id="sm-84e">
         <name>__aeabi_d2iz</name>
         <value>0x5cad</value>
         <object_component_ref idref="oc-b5"/>
      </symbol>
      <symbol id="sm-858">
         <name>__aeabi_d2uiz</name>
         <value>0x5d81</value>
         <object_component_ref idref="oc-b0"/>
      </symbol>
      <symbol id="sm-863">
         <name>__aeabi_f2d</name>
         <value>0x5ef1</value>
         <object_component_ref idref="oc-a1"/>
      </symbol>
      <symbol id="sm-87e">
         <name>memcpy</name>
         <value>0x50f5</value>
         <object_component_ref idref="oc-4b"/>
      </symbol>
      <symbol id="sm-87f">
         <name>__aeabi_memcpy</name>
         <value>0x50f5</value>
         <object_component_ref idref="oc-4b"/>
      </symbol>
      <symbol id="sm-880">
         <name>__aeabi_memcpy8</name>
         <value>0x50f5</value>
         <object_component_ref idref="oc-4b"/>
      </symbol>
      <symbol id="sm-881">
         <name>__aeabi_memcpy4</name>
         <value>0x50f5</value>
         <object_component_ref idref="oc-4b"/>
      </symbol>
      <symbol id="sm-890">
         <name>__aeabi_memset</name>
         <value>0x539f</value>
         <object_component_ref idref="oc-57"/>
      </symbol>
      <symbol id="sm-891">
         <name>memset</name>
         <value>0x53a5</value>
         <object_component_ref idref="oc-57"/>
      </symbol>
      <symbol id="sm-892">
         <name>__aeabi_memset8</name>
         <value>0x539f</value>
         <object_component_ref idref="oc-57"/>
      </symbol>
      <symbol id="sm-893">
         <name>__aeabi_memset4</name>
         <value>0x539f</value>
         <object_component_ref idref="oc-57"/>
      </symbol>
      <symbol id="sm-894">
         <name>__aeabi_memclr8</name>
         <value>0x539d</value>
         <object_component_ref idref="oc-57"/>
      </symbol>
      <symbol id="sm-895">
         <name>__aeabi_memclr4</name>
         <value>0x539d</value>
         <object_component_ref idref="oc-57"/>
      </symbol>
      <symbol id="sm-896">
         <name>__aeabi_memclr</name>
         <value>0x539d</value>
         <object_component_ref idref="oc-57"/>
      </symbol>
      <symbol id="sm-8a0">
         <name>__mpu_init</name>
         <value>0x37f7</value>
         <object_component_ref idref="oc-63"/>
      </symbol>
      <symbol id="sm-8aa">
         <name>_system_pre_init</name>
         <value>0x643b</value>
         <object_component_ref idref="oc-69"/>
      </symbol>
      <symbol id="sm-8c3">
         <name>sprintf</name>
         <value>0x581d</value>
         <object_component_ref idref="oc-179"/>
      </symbol>
      <symbol id="sm-8cb">
         <name>main_func_sp</name>
         <value>0x20001414</value>
         <object_component_ref idref="oc-81"/>
      </symbol>
      <symbol id="sm-8e4">
         <name>_nop</name>
         <value>0x62c7</value>
         <object_component_ref idref="oc-3d4"/>
      </symbol>
      <symbol id="sm-8e5">
         <name>_lock</name>
         <value>0x20001408</value>
         <object_component_ref idref="oc-244"/>
      </symbol>
      <symbol id="sm-8e6">
         <name>_unlock</name>
         <value>0x2000140c</value>
         <object_component_ref idref="oc-244"/>
      </symbol>
      <symbol id="sm-8e7">
         <name>_register_lock</name>
         <value>0x62bf</value>
         <object_component_ref idref="oc-3d4"/>
      </symbol>
      <symbol id="sm-8e8">
         <name>_register_unlock</name>
         <value>0x62b9</value>
         <object_component_ref idref="oc-3d4"/>
      </symbol>
      <symbol id="sm-9e9">
         <name>__TI_printfi</name>
         <value>0x1ed1</value>
         <object_component_ref idref="oc-32e"/>
      </symbol>
      <symbol id="sm-9fd">
         <name>_args_main</name>
         <value>0x6225</value>
         <object_component_ref idref="oc-75"/>
      </symbol>
      <symbol id="sm-a13">
         <name>atoi</name>
         <value>0x5b81</value>
         <object_component_ref idref="oc-48d"/>
      </symbol>
      <symbol id="sm-a3d">
         <name>__TI_auto_init</name>
         <value>0x5419</value>
         <object_component_ref idref="oc-6f"/>
      </symbol>
      <symbol id="sm-a57">
         <name>copy_in</name>
         <value>0x5bcd</value>
         <object_component_ref idref="oc-231"/>
      </symbol>
      <symbol id="sm-a62">
         <name>_ctypes_</name>
         <value>0xb75c</value>
         <object_component_ref idref="oc-532"/>
      </symbol>
      <symbol id="sm-a76">
         <name>__aeabi_ddiv</name>
         <value>0x4771</value>
         <object_component_ref idref="oc-46b"/>
      </symbol>
      <symbol id="sm-a80">
         <name>__aeabi_i2d</name>
         <value>0x5ff3</value>
         <object_component_ref idref="oc-476"/>
      </symbol>
      <symbol id="sm-a8f">
         <name>ltoa</name>
         <value>0x59e5</value>
         <object_component_ref idref="oc-470"/>
      </symbol>
      <symbol id="sm-a9f">
         <name>memccpy</name>
         <value>0x61b9</value>
         <object_component_ref idref="oc-493"/>
      </symbol>
      <symbol id="sm-aba">
         <name>frexpl</name>
         <value>0x5759</value>
         <object_component_ref idref="oc-47b"/>
      </symbol>
      <symbol id="sm-abb">
         <name>frexp</name>
         <value>0x5759</value>
         <object_component_ref idref="oc-47b"/>
      </symbol>
      <symbol id="sm-ad8">
         <name>scalbn</name>
         <value>0x4be5</value>
         <object_component_ref idref="oc-481"/>
      </symbol>
      <symbol id="sm-ad9">
         <name>scalbnl</name>
         <value>0x4be5</value>
         <object_component_ref idref="oc-481"/>
      </symbol>
      <symbol id="sm-ada">
         <name>ldexpl</name>
         <value>0x4be5</value>
         <object_component_ref idref="oc-481"/>
      </symbol>
      <symbol id="sm-adb">
         <name>ldexp</name>
         <value>0x4be5</value>
         <object_component_ref idref="oc-481"/>
      </symbol>
      <symbol id="sm-ae5">
         <name>_system_post_cinit</name>
         <value>0x4dd3</value>
         <object_component_ref idref="oc-237"/>
      </symbol>
      <symbol id="sm-af5">
         <name>strchr</name>
         <value>0x6253</value>
         <object_component_ref idref="oc-487"/>
      </symbol>
      <symbol id="sm-b03">
         <name>strlen</name>
         <value>0x62e1</value>
         <object_component_ref idref="oc-465"/>
      </symbol>
      <symbol id="sm-b1f">
         <name>__aeabi_uldivmod</name>
         <value>0x40b9</value>
         <object_component_ref idref="oc-460"/>
      </symbol>
      <symbol id="sm-b27">
         <name>errno</name>
         <value>0x20001410</value>
         <object_component_ref idref="oc-52b"/>
      </symbol>
      <symbol id="sm-b31">
         <name>copysign</name>
         <value>0x62cd</value>
         <object_component_ref idref="oc-525"/>
      </symbol>
      <symbol id="sm-b32">
         <name>copysignl</name>
         <value>0x62cd</value>
         <object_component_ref idref="oc-525"/>
      </symbol>
      <symbol id="sm-b33">
         <name>__TI_static_base__</name>
         <value>0x0</value>
      </symbol>
      <symbol id="sm-b36">
         <name>SHT$$INIT_ARRAY$$Limit</name>
         <value>0x0</value>
      </symbol>
      <symbol id="sm-b37">
         <name>SHT$$INIT_ARRAY$$Base</name>
         <value>0x0</value>
      </symbol>
   </symbol_table>
   <title>Link successful</title>
</link_info>
