******************************************************************************
                  TI ARM Linker PC v16.9.4                     
******************************************************************************
>> Linked Wed Aug 23 17:03:51 2017

OUTPUT FILE NAME:   <CapStabber.out>
ENTRY POINT SYMBOL: "_c_int00"  address: 0000c079


MEMORY CONFIGURATION

         name            origin    length      used     unused   attr    fill
----------------------  --------  ---------  --------  --------  ----  --------
  FLASH                 00000000   00040000  0000cd8a  00033276  R  X
  SRAM                  20000000   00008000  0000185a  000067a6  RW X


SEGMENT ALLOCATION MAP

run origin  load origin   length   init length attrs members
----------  ----------- ---------- ----------- ----- -------
00000000    00000000    0000cd90   0000cd90    r-x
  00000000    00000000    0000026c   0000026c    r-- .intvecs
  0000026c    0000026c    00006968   00006968    r-- .const
  00006bd4    00006bd4    00005f3e   00005f3e    r-x .text
  0000cb18    0000cb18    00000278   00000278    r-- .cinit
20000000    20000000    0000127c   00000000    rw-
  20000000    20000000    0000026c   00000000    rw- .vtable
  2000026c    2000026c    00000810   00000000    rw- .data
  20000a7c    20000a7c    00000800   00000000    rw- .stack
20001400    20001400    000005de   00000000    rw-
  20001400    20001400    000005de   00000000    rw- .bss


SECTION ALLOCATION MAP

 output                                  attributes/
section   page    origin      length       input sections
--------  ----  ----------  ----------   ----------------
.intvecs   0    00000000    0000026c     
                  00000000    0000026c     tm4c123gh6pm_startup_ccs.obj (.intvecs)

.const     0    0000026c    00006968     
                  0000026c    000030e7     jmrlogo.obj (.const:.string:jmrlogo)
                  00003353    000008c1     grlib.lib : fontcmss20.obj (.const:.string:g_pui8Cmss20Data)
                  00003c14    00000890               : fontcmss20b.obj (.const:.string:g_pui8Cmss20bData)
                  000044a4    000006ca               : fontcmss16b.obj (.const:.string:g_pui8Cmss16bData)
                  00004b6e    00000609               : fontcmss14.obj (.const:.string:g_pui8Cmss14Data)
                  00005177    000005df               : fontcmss14b.obj (.const:.string:g_pui8Cmss14bData)
                  00005756    000005c7               : fontcmss12b.obj (.const:.string:g_pui8Cmss12bData)
                  00005d1d    00000514               : fontcmss12.obj (.const:.string:g_pui8Cmss12Data)
                  00006231    00000101     rtsv7M4_T_le_v4SPD16_eabi.lib : ctype.obj (.const:.string:_ctypes_)
                  00006332    00000002     --HOLE-- [fill = 0]
                  00006334    000000c8     grlib.lib : fontcmss12.obj (.const:g_sFontCmss12)
                  000063fc    000000c8               : fontcmss12b.obj (.const:g_sFontCmss12b)
                  000064c4    000000c8               : fontcmss14.obj (.const:g_sFontCmss14)
                  0000658c    000000c8               : fontcmss14b.obj (.const:g_sFontCmss14b)
                  00006654    000000c8               : fontcmss16b.obj (.const:g_sFontCmss16b)
                  0000671c    000000c8               : fontcmss20.obj (.const:g_sFontCmss20)
                  000067e4    000000c8               : fontcmss20b.obj (.const:g_sFontCmss20b)
                  000068ac    00000090     driverlib.lib : gpio.obj (.const:g_pui32GPIOBaseAddrs)
                  0000693c    00000070                   : interrupt.obj (.const)
                  000069ac    0000006c                   : sysctl.obj (.const:g_pui32Xtals)
                  00006a18    0000005e     main.obj (.const:.string)
                  00006a76    00000002     --HOLE-- [fill = 0]
                  00006a78    00000050     CalibrateZ.obj (.const:.string)
                  00006ac8    0000004a     CalibrateScale.obj (.const:.string)
                  00006b12    00000002     --HOLE-- [fill = 0]
                  00006b14    00000038     touch.obj (.const:g_lTouchParameters)
                  00006b4c    0000002c     TestCapScreen.obj (.const:.string)
                  00006b78    00000028     Kentec320x240x16_ssd2119_spi.obj (.const:g_sKentec320x240x16_SSD2119)
                  00006ba0    00000022     ScaleReading.obj (.const:.string)
                  00006bc2    00000002     --HOLE-- [fill = 0]
                  00006bc4    00000010     grlib.lib : context.obj (.const)

.text      0    00006bd4    00005f3e     
                  00006bd4    0000113e     rtsv7M4_T_le_v4SPD16_eabi.lib : _printfi.obj (.text)
                  00007d12    00000002                                   : mpu_init.obj (.text)
                  00007d14    000007d2     Kentec320x240x16_ssd2119_spi.obj (.text)
                  000084e6    00000002     rtsv7M4_T_le_v4SPD16_eabi.lib : startup.obj (.text)
                  000084e8    000004a0     touch.obj (.text)
                  00008988    00000470     TestCapScreen.obj (.text)
                  00008df8    00000374     CalibrateZ.obj (.text)
                  0000916c    00000374     grlib.lib : image.obj (.text:InternalImageDraw)
                  000094e0    0000030c     CalibrateScale.obj (.text)
                  000097ec    000002f8     grlib.lib : image.obj (.text:PixelTransparentDraw)
                  00009ae4    000002b4     main.obj (.text)
                  00009d98    00000254     grlib.lib : string.obj (.text:GrFontGlyphRender)
                  00009fec    000001f8     StepperMotor.obj (.text)
                  0000a1e4    000001f4     rtsv7M4_T_le_v4SPD16_eabi.lib : ull_div_t2.obj (.text)
                  0000a3d8    000001d8     LoadCell.obj (.text)
                  0000a5b0    000001b6     rtsv7M4_T_le_v4SPD16_eabi.lib : fd_add_t2.obj (.text)
                  0000a766    00000190     grlib.lib : canvas.obj (.text:CanvasPaint)
                  0000a8f6    00000002     --HOLE-- [fill = 0]
                  0000a8f8    00000190     ScaleReading.obj (.text)
                  0000aa88    0000018c     ReturnToMain.obj (.text)
                  0000ac14    0000017e     grlib.lib : pushbutton.obj (.text:RectangularButtonPaint)
                  0000ad92    00000136     rtsv7M4_T_le_v4SPD16_eabi.lib : fd_div_t2.obj (.text)
                  0000aec8    00000132     driverlib.lib : gpio.obj (.text:GPIOPadConfigSet)
                  0000affa    00000002     --HOLE-- [fill = 0]
                  0000affc    00000110                   : sysctl.obj (.text:SysCtlClockGet)
                  0000b10c    000000fc     rtsv7M4_T_le_v4SPD16_eabi.lib : fd_mul_t2.obj (.text)
                  0000b208    000000fc                                   : s_scalbn.obj (.text)
                  0000b304    000000f2     grlib.lib : pushbutton.obj (.text:RectangularButtonClick)
                  0000b3f6    00000002     --HOLE-- [fill = 0]
                  0000b3f8    000000e8               : widget.obj (.text:WidgetMessageQueueAdd)
                  0000b4e0    000000c4     driverlib.lib : eeprom.obj (.text:EEPROMProgram)
                  0000b5a4    000000c0     grlib.lib : string.obj (.text:GrDefaultStringRenderer)
                  0000b664    000000b4               : widget.obj (.text:WidgetMessageSendPostOrder)
                  0000b718    0000009c     rtsv7M4_T_le_v4SPD16_eabi.lib : memcpy_t2.obj (.text)
                  0000b7b4    00000086     grlib.lib : rectangle.obj (.text:GrRectFill)
                  0000b83a    00000086     rtsv7M4_T_le_v4SPD16_eabi.lib : fd_cmp_t2.obj (.text:__aeabi_cdcmple)
                  0000b8c0    00000086                                   : fd_cmp_t2.obj (.text:__aeabi_cdrcmple)
                  0000b946    0000007a     driverlib.lib : adc.obj (.text:ADCSequenceStepConfigure)
                  0000b9c0    0000007a     rtsv7M4_T_le_v4SPD16_eabi.lib : memset_t2.obj (.text)
                  0000ba3a    00000002     --HOLE-- [fill = 0]
                  0000ba3c    00000070                                   : autoinit.obj (.text)
                  0000baac    0000006e                                   : fd_tos_t2.obj (.text)
                  0000bb1a    00000002     --HOLE-- [fill = 0]
                  0000bb1c    00000068     grlib.lib : context.obj (.text:GrContextInit)
                  0000bb84    00000068               : string.obj (.text:GrStringWidthGet)
                  0000bbec    00000068     driverlib.lib : interrupt.obj (.text:IntEnable)
                  0000bc54    00000068     rtsv7M4_T_le_v4SPD16_eabi.lib : copy_decompress_lzss.obj (.text:decompress:lzss)
                  0000bcbc    00000066     grlib.lib : context.obj (.text:GrContextClipRegionSet)
                  0000bd22    00000066               : rectangle.obj (.text:GrRectDraw)
                  0000bd88    00000064               : widget.obj (.text:WidgetMessageQueueProcess)
                  0000bdec    00000064     rtsv7M4_T_le_v4SPD16_eabi.lib : s_frexp.obj (.text)
                  0000be50    00000060     driverlib.lib : timer.obj (.text:TimerConfigure)
                  0000beb0    00000060     rtsv7M4_T_le_v4SPD16_eabi.lib : sprintf.obj (.text)
                  0000bf10    0000005e     grlib.lib : widget.obj (.text:WidgetMessageSendPreOrder)
                  0000bf6e    0000005a               : string.obj (.text:FontWideGlyphDataGet)
                  0000bfc8    00000058     driverlib.lib : adc.obj (.text:ADCSequenceConfigure)
                  0000c020    00000058                   : timer.obj (.text:TimerControlTrigger)
                  0000c078    00000054     rtsv7M4_T_le_v4SPD16_eabi.lib : boot.obj (.text)
                  0000c0cc    00000054                                   : exit.obj (.text)
                  0000c120    00000054                                   : ltoa.obj (.text)
                  0000c174    00000050     driverlib.lib : sysctl.obj (.text:SysCtlPeripheralReset)
                  0000c1c4    0000004c     grlib.lib : widget.obj (.text:WidgetRemove)
                  0000c210    0000004c     rtsv7M4_T_le_v4SPD16_eabi.lib : atoi.obj (.text)
                  0000c25c    0000004c                                   : cpy_tbl.obj (.text)
                  0000c2a8    0000004a     grlib.lib : string.obj (.text:UpdateContextCharMapping)
                  0000c2f2    00000002     --HOLE-- [fill = 0]
                  0000c2f4    00000048     driverlib.lib : gpio.obj (.text:GPIOPinConfigure)
                  0000c33c    00000048     MicroTimer.obj (.text)
                  0000c384    00000048     rtsv7M4_T_le_v4SPD16_eabi.lib : fd_toi_t2.obj (.text)
                  0000c3cc    00000046     grlib.lib : line.obj (.text:GrLineDrawH)
                  0000c412    00000046               : line.obj (.text:GrLineDrawV)
                  0000c458    00000044     rtsv7M4_T_le_v4SPD16_eabi.lib : fd_tou_t2.obj (.text)
                  0000c49c    00000040     driverlib.lib : eeprom.obj (.text:EEPROMInit)
                  0000c4dc    0000003c                   : ssi.obj (.text:SSIConfigSetExpClk)
                  0000c518    0000003c                   : eeprom.obj (.text:_EEPROMSectorMaskSet)
                  0000c554    0000003a     grlib.lib : string.obj (.text:FontGlyphDataGet)
                  0000c58e    00000002     --HOLE-- [fill = 0]
                  0000c590    00000038     driverlib.lib : eeprom.obj (.text:EEPROMRead)
                  0000c5c8    00000038     rtsv7M4_T_le_v4SPD16_eabi.lib : fs_tod_t2.obj (.text)
                  0000c600    00000034     driverlib.lib : interrupt.obj (.text:IntRegister)
                  0000c634    00000034                   : sysctl.obj (.text:SysCtlPeripheralEnable)
                  0000c668    00000034                   : eeprom.obj (.text:_EEPROMSectorMaskClear)
                  0000c69c    0000002e     grlib.lib : string.obj (.text:GrStringNextCharGet)
                  0000c6ca    0000002e     rtsv7M4_T_le_v4SPD16_eabi.lib : i_tofd_t2.obj (.text)
                  0000c6f8    0000002c     grlib.lib : string.obj (.text:GrFontBaselineGet)
                  0000c724    0000002c               : string.obj (.text:GrFontHeightGet)
                  0000c750    0000002c               : pushbutton.obj (.text:RectangularButtonMsgProc)
                  0000c77c    0000002c               : widget.obj (.text:WidgetIsInTree)
                  0000c7a8    0000002a     driverlib.lib : gpio.obj (.text:GPIODirModeSet)
                  0000c7d2    00000026     grlib.lib : string.obj (.text:GrFontInfoGet)
                  0000c7f8    00000022               : string.obj (.text:GrFontGlyphDataGet)
                  0000c81a    0000001e               : string.obj (.text:GrFontCodepageGet)
                  0000c838    0000001e               : widget.obj (.text:WidgetAdd)
                  0000c856    00000002     --HOLE-- [fill = 0]
                  0000c858    0000001c     driverlib.lib : systick.obj (.text:SysTickIntRegister)
                  0000c874    0000001c     grlib.lib : widget.obj (.text:WidgetPointerMessage)
                  0000c890    0000001c     rtsv7M4_T_le_v4SPD16_eabi.lib : memccpy.obj (.text)
                  0000c8ac    00000018     driverlib.lib : gpio.obj (.text:GPIOPinTypeGPIOOutput)
                  0000c8c4    00000018                   : timer.obj (.text:TimerDisable)
                  0000c8dc    00000018     rtsv7M4_T_le_v4SPD16_eabi.lib : args_main.obj (.text)
                  0000c8f4    00000016     grlib.lib : string.obj (.text:GrStringDraw)
                  0000c90a    00000016     rtsv7M4_T_le_v4SPD16_eabi.lib : strchr.obj (.text)
                  0000c920    00000014     grlib.lib : canvas.obj (.text:CanvasMsgProc)
                  0000c934    00000014     driverlib.lib : systick.obj (.text:SysTickEnable)
                  0000c948    00000014                   : systick.obj (.text:SysTickIntEnable)
                  0000c95c    00000014     grlib.lib : widget.obj (.text:WidgetMutexGet)
                  0000c970    00000014     rtsv7M4_T_le_v4SPD16_eabi.lib : _lock.obj (.text)
                  0000c984    00000014                                   : s_copysign.obj (.text)
                  0000c998    00000014                                   : strlen.obj (.text)
                  0000c9ac    00000012     driverlib.lib : gpio.obj (.text:GPIOPinTypeGPIOInput)
                  0000c9be    00000012                   : gpio.obj (.text:GPIOPinTypeSSI)
                  0000c9d0    00000012                   : ssi.obj (.text:SSIDataGetNonBlocking)
                  0000c9e2    00000012                   : timer.obj (.text:TimerLoadSet)
                  0000c9f4    00000010                   : adc.obj (.text:ADCIntEnable)
                  0000ca04    00000010                   : interrupt.obj (.text:IntMasterEnable)
                  0000ca14    00000010                   : systick.obj (.text:SysTickPeriodSet)
                  0000ca24    00000010                   : eeprom.obj (.text:_EEPROMWaitForDone)
                  0000ca34    00000010                   : udma.obj (.text:uDMAEnable)
                  0000ca44    0000000e                   : adc.obj (.text:ADCHardwareOversampleConfigure)
                  0000ca52    0000000e                   : adc.obj (.text:ADCSequenceEnable)
                  0000ca60    0000000e     grlib.lib : image.obj (.text:GrImageDraw)
                  0000ca6e    0000000e     driverlib.lib : timer.obj (.text:TimerEnable)
                  0000ca7c    0000000e     rtsv7M4_T_le_v4SPD16_eabi.lib : copy_decompress_none.obj (.text:decompress:none)
                  0000ca8a    0000000c     driverlib.lib : cpu.obj (.text:CPUcpsie)
                  0000ca96    0000000c     rtsv7M4_T_le_v4SPD16_eabi.lib : copy_zero_init.obj (.text:decompress:ZI)
                  0000caa2    0000000c     tm4c123gh6pm_startup_ccs.obj (.text)
                  0000caae    00000002     --HOLE-- [fill = 0]
                  0000cab0    0000000c     driverlib.lib : udma.obj (.text:uDMAControlBaseSet)
                  0000cabc    0000000a                   : ssi.obj (.text:SSIDataPut)
                  0000cac6    0000000a                   : ssi.obj (.text:SSIEnable)
                  0000cad0    00000008     grlib.lib : charmap.obj (.text:GrMapISO8859_1_Unicode)
                  0000cad8    00000008     driverlib.lib : ssi.obj (.text:SSIBusy)
                  0000cae0    00000008                   : timer.obj (.text:TimerIntEnable)
                  0000cae8    00000006                   : gpio.obj (.text:GPIOPinRead)
                  0000caee    00000006                   : gpio.obj (.text:GPIOPinWrite)
                  0000caf4    00000006     grlib.lib : string.obj (.text:GrContextFontSet)
                  0000cafa    00000006     driverlib.lib : sysctl.obj (.text:SysCtlDelay)
                  0000cb00    00000006     grlib.lib : widget.obj (.text:WidgetMutexPut)
                  0000cb06    00000004     driverlib.lib : timer.obj (.text:TimerIntClear)
                  0000cb0a    00000004     grlib.lib : widget.obj (.text:WidgetDefaultMsgProc)
                  0000cb0e    00000004     rtsv7M4_T_le_v4SPD16_eabi.lib : pre_init.obj (.text)

.cinit     0    0000cb18    00000278     
                  0000cb18    0000023e     (.cinit..data.load) [load image, compression = lzss]
                  0000cd56    00000002     --HOLE-- [fill = 0]
                  0000cd58    0000000c     (__TI_handler_table)
                  0000cd64    00000004     --HOLE-- [fill = 0]
                  0000cd68    00000008     (.cinit..bss.load) [load image, compression = zero_init]
                  0000cd70    00000008     (.cinit..vtable.load) [load image, compression = zero_init]
                  0000cd78    00000018     (__TI_cinit_table)

.init_array 
*          0    00000000    00000000     UNINITIALIZED

.vtable    0    20000000    0000026c     UNINITIALIZED
                  20000000    0000026c     driverlib.lib : interrupt.obj (.vtable)

.data      0    2000026c    00000810     UNINITIALIZED
                  2000026c    00000050     CalibrateScale.obj (.data:g_CalStep1Button)
                  200002bc    00000050     CalibrateScale.obj (.data:g_CalStep2Button)
                  2000030c    00000050     main.obj (.data:g_CalZButton)
                  2000035c    00000050     CalibrateZ.obj (.data:g_CalZStep1Button)
                  200003ac    00000050     CalibrateZ.obj (.data:g_CalZStep2Button)
                  200003fc    00000050     main.obj (.data:g_CalibrateScaleButton)
                  2000044c    00000050     main.obj (.data:g_ScaleReadingButton)
                  2000049c    00000050     TestCapScreen.obj (.data:g_StartTestButton)
                  200004ec    00000050     main.obj (.data:g_TestConfigButton)
                  2000053c    00000050     main.obj (.data:g_TestScreenButton)
                  2000058c    00000050     main.obj (.data:g_sReturnToMain)
                  200005dc    00000040     TestCapScreen.obj (.data:g_TestData)
                  2000061c    00000040     TestCapScreen.obj (.data:g_TestResult)
                  2000065c    00000040     main.obj (.data:g_psCalZPanel)
                  2000069c    00000040     main.obj (.data:g_psCalibrateScalePanel)
                  200006dc    00000040     main.obj (.data:g_psMainPanel)
                  2000071c    00000040     main.obj (.data:g_psScaleReadingPanel)
                  2000075c    00000040     main.obj (.data:g_psTestPanel)
                  2000079c    00000040     CalibrateScale.obj (.data:g_sCalStep1Result)
                  200007dc    00000040     CalibrateScale.obj (.data:g_sCalStep2Result)
                  2000081c    00000040     CalibrateZ.obj (.data:g_sCalZStep1)
                  2000085c    00000040     CalibrateZ.obj (.data:g_sCalZStep1Result)
                  2000089c    00000040     CalibrateZ.obj (.data:g_sCalZStep2)
                  200008dc    00000040     CalibrateZ.obj (.data:g_sCalZStep2Result)
                  2000091c    00000040     CalibrateScale.obj (.data:g_sCalibrationStep1)
                  2000095c    00000040     CalibrateScale.obj (.data:g_sCalibrationStep2)
                  2000099c    00000040     ScaleReading.obj (.data:g_sLoadCellValue)
                  200009dc    00000040     main.obj (.data:g_sTitle)
                  20000a1c    0000002d     grlib.lib : widget.obj (.data)
                  20000a49    00000003     --HOLE--
                  20000a4c    0000000c     rtsv7M4_T_le_v4SPD16_eabi.lib : exit.obj (.data:$O1$$)
                  20000a58    0000000c     LoadCell.obj (.data)
                  20000a64    00000008     rtsv7M4_T_le_v4SPD16_eabi.lib : _lock.obj (.data:$O1$$)
                  20000a6c    00000004     MicroTimer.obj (.data)
                  20000a70    00000004     rtsv7M4_T_le_v4SPD16_eabi.lib : errno.obj (.data)
                  20000a74    00000004                                   : stkdepth_vars.obj (.data)
                  20000a78    00000004     touch.obj (.data)

.stack     0    20000a7c    00000800     UNINITIALIZED
                  20000a7c    00000800     --HOLE--

.bss       0    20001400    000005de     UNINITIALIZED
                  20001400    00000400     (.common:sDMAControlTable)
                  20001800    00000140     grlib.lib : widget.obj (.bss:g_psMQ)
                  20001940    0000002c     (.common:sContext)
                  2000196c    00000020     (.common:g_pui8Dictionary)
                  2000198c    00000010     touch.obj (.bss:g_psSamples)
                  2000199c    00000008     touch.obj (.bss)
                  200019a4    00000008     (.common:cal_data_eeprom)
                  200019ac    00000008     (.common:sRect)
                  200019b4    00000008     (.common:weight_string)
                  200019bc    00000004     (.common:LoadCell)
                  200019c0    00000004     (.common:Z_Axis)
                  200019c4    00000004     (.common:current_panel)
                  200019c8    00000004     (.common:g_plParmSet)
                  200019cc    00000004     (.common:g_psGrLibDefaults)
                  200019d0    00000004     (.common:steps_to_move)
                  200019d4    00000004     (.common:weight)
                  200019d8    00000002     (.common:g_sTouchX)
                  200019da    00000002     (.common:g_sTouchY)
                  200019dc    00000001     (.common:current_direction)
                  200019dd    00000001     (.common:main_menu)

MODULE SUMMARY

       Module                             code    ro data   rw data
       ------                             ----    -------   -------
    .\
       jmrlogo.obj                        0       12519     0      
       main.obj                           692     94        1945   
       Kentec320x240x16_ssd2119_spi.obj   2002    40        0      
       TestCapScreen.obj                  1136    44        208    
       CalibrateZ.obj                     884     80        416    
       touch.obj                          1184    56        36     
       CalibrateScale.obj                 780     74        416    
       tm4c123gh6pm_startup_ccs.obj       12      620       0      
       StepperMotor.obj                   504     0         9      
       LoadCell.obj                       472     0         36     
       ScaleReading.obj                   400     34        64     
       ReturnToMain.obj                   396     0         0      
       MicroTimer.obj                     72      0         4      
    +--+----------------------------------+-------+---------+---------+
       Total:                             8534    13561     3134   
                                                                   
    ../driverlib.lib
       interrupt.obj                      172     112       620    
       gpio.obj                           492     144       0      
       sysctl.obj                         410     108       0      
       eeprom.obj                         444     0         0      
       adc.obj                            254     0         0      
       timer.obj                          252     0         0      
       ssi.obj                            106     0         0      
       systick.obj                        84      0         0      
       udma.obj                           28      0         0      
       cpu.obj                            12      0         0      
    +--+----------------------------------+-------+---------+---------+
       Total:                             2254    364       620    
                                                                   
    C:/ti/TivaWare_C_Series-2.1.3.156/grlib/ccs/Debug/grlib.lib
       fontcmss20.obj                     0       2441      0      
       fontcmss20b.obj                    0       2392      0      
       fontcmss16b.obj                    0       1938      0      
       fontcmss14.obj                     0       1745      0      
       fontcmss14b.obj                    0       1703      0      
       image.obj                          1658    0         32     
       fontcmss12b.obj                    0       1679      0      
       fontcmss12.obj                     0       1500      0      
       string.obj                         1378    0         0      
       widget.obj                         814     0         365    
       pushbutton.obj                     668     0         0      
       canvas.obj                         420     0         0      
       rectangle.obj                      236     0         0      
       context.obj                        206     16        4      
       line.obj                           140     0         0      
       charmap.obj                        8       0         0      
    +--+----------------------------------+-------+---------+---------+
       Total:                             5528    13414     401    
                                                                   
    C:\ti\ccsv7\tools\compiler\ti-cgt-arm_16.9.4.LTS\lib\rtsv7M4_T_le_v4SPD16_eabi.lib
       _printfi.obj                       4414    0         0      
       ull_div_t2.obj                     500     0         0      
       fd_add_t2.obj                      438     0         0      
       fd_div_t2.obj                      310     0         0      
       fd_cmp_t2.obj                      268     0         0      
       ctype.obj                          0       257       0      
       fd_mul_t2.obj                      252     0         0      
       s_scalbn.obj                       252     0         0      
       memcpy_t2.obj                      156     0         0      
       memset_t2.obj                      122     0         0      
       autoinit.obj                       112     0         0      
       fd_tos_t2.obj                      110     0         0      
       copy_decompress_lzss.obj           104     0         0      
       s_frexp.obj                        100     0         0      
       exit.obj                           84      0         12     
       sprintf.obj                        96      0         0      
       boot.obj                           84      0         0      
       ltoa.obj                           84      0         0      
       atoi.obj                           76      0         0      
       cpy_tbl.obj                        76      0         0      
       fd_toi_t2.obj                      72      0         0      
       fd_tou_t2.obj                      68      0         0      
       fs_tod_t2.obj                      56      0         0      
       i_tofd_t2.obj                      46      0         0      
       _lock.obj                          20      0         8      
       memccpy.obj                        28      0         0      
       args_main.obj                      24      0         0      
       strchr.obj                         22      0         0      
       s_copysign.obj                     20      0         0      
       strlen.obj                         20      0         0      
       copy_decompress_none.obj           14      0         0      
       copy_zero_init.obj                 12      0         0      
       errno.obj                          0       0         4      
       pre_init.obj                       4       0         0      
       stkdepth_vars.obj                  0       0         4      
       mpu_init.obj                       2       0         0      
       startup.obj                        2       0         0      
    +--+----------------------------------+-------+---------+---------+
       Total:                             8048    257       28     
                                                                   
       Stack:                             0       0         2048   
       Linker Generated:                  0       626       0      
    +--+----------------------------------+-------+---------+---------+
       Grand Total:                       24364   28222     6231   


LINKER GENERATED COPY TABLES

__TI_cinit_table @ 0000cd78 records: 3, size/record: 8, table size: 24
	.data: load addr=0000cb18, load size=0000023e bytes, run addr=2000026c, run size=00000810 bytes, compression=lzss
	.bss: load addr=0000cd68, load size=00000008 bytes, run addr=20001400, run size=000005de bytes, compression=zero_init
	.vtable: load addr=0000cd70, load size=00000008 bytes, run addr=20000000, run size=0000026c bytes, compression=zero_init


LINKER GENERATED HANDLER TABLE

__TI_handler_table @ 0000cd58 records: 3, size/record: 4, table size: 12
	index: 0, handler: __TI_zero_init
	index: 1, handler: __TI_decompress_lzss
	index: 2, handler: __TI_decompress_none


GLOBAL SYMBOLS: SORTED ALPHABETICALLY BY Name 

address   name                           
-------   ----                           
0000ca45  ADCHardwareOversampleConfigure 
0000c9f5  ADCIntEnable                   
0000bfc9  ADCSequenceConfigure           
0000ca53  ADCSequenceEnable              
0000b947  ADCSequenceStepConfigure       
00009b57  Banner                         
0000c0cd  C$$EXIT                        
0000ca8b  CPUcpsie                       
0000c921  CanvasMsgProc                  
00009ae5  ClrScreen                      
00009b37  DisplayLogo                    
0000c49d  EEPROMInit                     
0000b4e1  EEPROMProgram                  
0000c591  EEPROMRead                     
0000c7a9  GPIODirModeSet                 
0000aec9  GPIOPadConfigSet               
0000c2f5  GPIOPinConfigure               
0000cae9  GPIOPinRead                    
0000c9ad  GPIOPinTypeGPIOInput           
0000c8ad  GPIOPinTypeGPIOOutput          
0000c9bf  GPIOPinTypeSSI                 
0000caef  GPIOPinWrite                   
0000bcbd  GrContextClipRegionSet         
0000caf5  GrContextFontSet               
0000bb1d  GrContextInit                  
0000b5a5  GrDefaultStringRenderer        
0000c6f9  GrFontBaselineGet              
0000c81b  GrFontCodepageGet              
0000c7f9  GrFontGlyphDataGet             
00009d99  GrFontGlyphRender              
0000c725  GrFontHeightGet                
0000c7d3  GrFontInfoGet                  
0000ca61  GrImageDraw                    
0000c3cd  GrLineDrawH                    
0000c413  GrLineDrawV                    
0000cad1  GrMapISO8859_1_Unicode         
0000bd23  GrRectDraw                     
0000b7b5  GrRectFill                     
0000c8f5  GrStringDraw                   
0000c69d  GrStringNextCharGet            
0000bb85  GrStringWidthGet               
0000bbed  IntEnable                      
0000ca05  IntMasterEnable                
0000c601  IntRegister                    
00007e91  Kentec320x240x16_SSD2119Init   
200019bc  LoadCell                       
000095d9  OnCalStep1Button               
000096ab  OnCalStep2Button               
00008df9  OnCalZButton                   
00008ef5  OnCalZStep1Button              
00009059  OnCalZStep2Button              
000094e1  OnCalibrateScaleButton         
0000ab2f  OnReturnToMainButton           
0000a8f9  OnScaleReadingButton           
00008b71  OnStartTestButton              
00008989  OnTestScreenButton             
0000c751  RectangularButtonMsgProc       
00009567  ResetCalScreen                 
00008e83  ResetCalZScreen                
0000caa3  ResetISR                       
0000a9ff  ResetInfoScreen                
00008d11  ResetTestScreen                
UNDEFED   SHT$$INIT_ARRAY$$Base          
UNDEFED   SHT$$INIT_ARRAY$$Limit         
0000cad9  SSIBusy                        
0000c4dd  SSIConfigSetExpClk             
0000c9d1  SSIDataGetNonBlocking          
0000cabd  SSIDataPut                     
0000cac7  SSIEnable                      
0000affd  SysCtlClockGet                 
0000cafb  SysCtlDelay                    
0000c635  SysCtlPeripheralEnable         
0000c175  SysCtlPeripheralReset          
0000c935  SysTickEnable                  
0000c347  SysTickInit                    
0000c33d  SysTickInt                     
0000c949  SysTickIntEnable               
0000c859  SysTickIntRegister             
0000ca15  SysTickPeriodSet               
00008b05  TestFail                       
00008ac9  TestPass                       
0000a0df  Timer0IntHandler               
0000be51  TimerConfigure                 
0000c021  TimerControlTrigger            
0000c8c5  TimerDisable                   
0000ca6f  TimerEnable                    
0000cb07  TimerIntClear                  
0000cae1  TimerIntEnable                 
0000c9e3  TimerLoadSet                   
00008915  TouchScreenCallbackSet         
00008831  TouchScreenInit                
000086d9  TouchScreenIntHandler          
0000aadf  TurnOffReturnToMain            
00008a6f  TurnOffStartTest               
0000aa89  TurnOnReturnToMain             
00008a13  TurnOnStartTest                
0000c35f  Wait                           
0000c839  WidgetAdd                      
0000cb0b  WidgetDefaultMsgProc           
0000b3f9  WidgetMessageQueueAdd          
0000bd89  WidgetMessageQueueProcess      
0000b665  WidgetMessageSendPostOrder     
0000bf11  WidgetMessageSendPreOrder      
0000c95d  WidgetMutexGet                 
0000cb01  WidgetMutexPut                 
0000c875  WidgetPointerMessage           
0000c1c5  WidgetRemove                   
200019c0  Z_Axis                         
2000127c  __STACK_END                    
00000800  __STACK_SIZE                   
20000c7c  __STACK_TOP                    
0000cd78  __TI_CINIT_Base                
0000cd90  __TI_CINIT_Limit               
0000cd58  __TI_Handler_Table_Base        
0000cd64  __TI_Handler_Table_Limit       
0000ba3d  __TI_auto_init                 
20000a4c  __TI_cleanup_ptr               
0000bc55  __TI_decompress_lzss           
0000ca7d  __TI_decompress_none           
20000a50  __TI_dtors_ptr                 
20000a54  __TI_enable_exit_profile_output
ffffffff  __TI_pprof_out_hndl            
00007419  __TI_printfi                   
ffffffff  __TI_prof_data_size            
ffffffff  __TI_prof_data_start           
00000000  __TI_static_base__             
0000ca97  __TI_zero_init                 
0000b83b  __aeabi_cdcmpeq                
0000b83b  __aeabi_cdcmple                
0000b8c1  __aeabi_cdrcmple               
0000baad  __aeabi_d2f                    
0000c385  __aeabi_d2iz                   
0000c459  __aeabi_d2uiz                  
0000a5bb  __aeabi_dadd                   
0000ad93  __aeabi_ddiv                   
0000b10d  __aeabi_dmul                   
0000a5b1  __aeabi_dsub                   
0000c5c9  __aeabi_f2d                    
0000c6cb  __aeabi_i2d                    
0000b9c1  __aeabi_memclr                 
0000b9c1  __aeabi_memclr4                
0000b9c1  __aeabi_memclr8                
0000b719  __aeabi_memcpy                 
0000b719  __aeabi_memcpy4                
0000b719  __aeabi_memcpy8                
0000b9c3  __aeabi_memset                 
0000b9c3  __aeabi_memset4                
0000b9c3  __aeabi_memset8                
0000a1e5  __aeabi_uldivmod               
ffffffff  __binit__                      
ffffffff  __c_args__                     
00007d13  __mpu_init                     
20000a7c  __stack                        
0000c8dd  _args_main                     
0000c079  _c_int00                       
00006231  _ctypes_                       
20000a64  _lock                          
0000c97f  _nop                           
0000c977  _register_lock                 
0000c971  _register_unlock               
000084e7  _system_post_cinit             
0000cb0f  _system_pre_init               
20000a68  _unlock                        
0000c0d1  abort                          
0000c211  atoi                           
ffffffff  binit                          
200019a4  cal_data_eeprom                
0000a571  convert_to_pounds              
0000c25d  copy_in                        
0000c985  copysign                       
0000c985  copysignl                      
200019dc  current_direction              
200019c4  current_panel                  
20000a70  errno                          
0000c0d9  exit                           
0000bded  frexp                          
0000bded  frexpl                         
2000026c  g_CalStep1Button               
200002bc  g_CalStep2Button               
2000030c  g_CalZButton                   
2000035c  g_CalZStep1Button              
200003ac  g_CalZStep2Button              
200003fc  g_CalibrateScaleButton         
2000044c  g_ScaleReadingButton           
2000049c  g_StartTestButton              
200004ec  g_TestConfigButton             
200005dc  g_TestData                     
2000061c  g_TestResult                   
2000053c  g_TestScreenButton             
00006b14  g_lTouchParameters             
20000000  g_pfnRAMVectors                
00000000  g_pfnVectors                   
200019c8  g_plParmSet                    
2000065c  g_psCalZPanel                  
2000069c  g_psCalibrateScalePanel        
00006bc4  g_psDefaultCodePointMapTable   
200006dc  g_psMainPanel                  
2000071c  g_psScaleReadingPanel          
2000075c  g_psTestPanel                  
2000079c  g_sCalStep1Result              
200007dc  g_sCalStep2Result              
2000081c  g_sCalZStep1                   
2000085c  g_sCalZStep1Result             
2000089c  g_sCalZStep2                   
200008dc  g_sCalZStep2Result             
2000091c  g_sCalibrationStep1            
2000095c  g_sCalibrationStep2            
00006334  g_sFontCmss12                  
000063fc  g_sFontCmss12b                 
000064c4  g_sFontCmss14                  
0000658c  g_sFontCmss14b                 
00006654  g_sFontCmss16b                 
0000671c  g_sFontCmss20                  
000067e4  g_sFontCmss20b                 
00006b78  g_sKentec320x240x16_SSD2119    
2000099c  g_sLoadCellValue               
2000058c  g_sReturnToMain                
20000a1c  g_sRoot                        
200009dc  g_sTitle                       
20000a78  g_sTouchMin                    
200019d8  g_sTouchX                      
200019da  g_sTouchY                      
0000a4e5  hx711_average                  
0000a43d  hx711_getvalue                 
0000a3d9  hx711_init                     
0000a429  hx711_power_down               
0000a41b  hx711_power_up                 
0000026c  jmrlogo                        
0000b209  ldexp                          
0000b209  ldexpl                         
20000a5c  loadcell_cal_weight            
20000a58  loadcell_cal_zero              
0000c121  ltoa                           
00009c0f  main                           
20000a74  main_func_sp                   
200019dd  main_menu                      
0000c891  memccpy                        
0000b719  memcpy                         
0000b9c9  memset                         
20000a6c  micros                         
0000a171  mm_to_steps                    
0000a02f  move_motor                     
00009fed  mpu_init                       
20000a60  number_of_measurements         
0000a193  round                          
20001940  sContext                       
20001400  sDMAControlTable               
200019ac  sRect                          
0000b209  scalbn                         
0000b209  scalbnl                        
0000a523  scaled_reading                 
0000beb1  sprintf                        
200019d0  steps_to_move                  
0000c90b  strchr                         
0000c999  strlen                         
0000cab1  uDMAControlBaseSet             
0000ca35  uDMAEnable                     
200019d4  weight                         
200019b4  weight_string                  


GLOBAL SYMBOLS: SORTED BY Symbol Address 

address   name                           
-------   ----                           
00000000  __TI_static_base__             
00000000  g_pfnVectors                   
0000026c  jmrlogo                        
00000800  __STACK_SIZE                   
00006231  _ctypes_                       
00006334  g_sFontCmss12                  
000063fc  g_sFontCmss12b                 
000064c4  g_sFontCmss14                  
0000658c  g_sFontCmss14b                 
00006654  g_sFontCmss16b                 
0000671c  g_sFontCmss20                  
000067e4  g_sFontCmss20b                 
00006b14  g_lTouchParameters             
00006b78  g_sKentec320x240x16_SSD2119    
00006bc4  g_psDefaultCodePointMapTable   
00007419  __TI_printfi                   
00007d13  __mpu_init                     
00007e91  Kentec320x240x16_SSD2119Init   
000084e7  _system_post_cinit             
000086d9  TouchScreenIntHandler          
00008831  TouchScreenInit                
00008915  TouchScreenCallbackSet         
00008989  OnTestScreenButton             
00008a13  TurnOnStartTest                
00008a6f  TurnOffStartTest               
00008ac9  TestPass                       
00008b05  TestFail                       
00008b71  OnStartTestButton              
00008d11  ResetTestScreen                
00008df9  OnCalZButton                   
00008e83  ResetCalZScreen                
00008ef5  OnCalZStep1Button              
00009059  OnCalZStep2Button              
000094e1  OnCalibrateScaleButton         
00009567  ResetCalScreen                 
000095d9  OnCalStep1Button               
000096ab  OnCalStep2Button               
00009ae5  ClrScreen                      
00009b37  DisplayLogo                    
00009b57  Banner                         
00009c0f  main                           
00009d99  GrFontGlyphRender              
00009fed  mpu_init                       
0000a02f  move_motor                     
0000a0df  Timer0IntHandler               
0000a171  mm_to_steps                    
0000a193  round                          
0000a1e5  __aeabi_uldivmod               
0000a3d9  hx711_init                     
0000a41b  hx711_power_up                 
0000a429  hx711_power_down               
0000a43d  hx711_getvalue                 
0000a4e5  hx711_average                  
0000a523  scaled_reading                 
0000a571  convert_to_pounds              
0000a5b1  __aeabi_dsub                   
0000a5bb  __aeabi_dadd                   
0000a8f9  OnScaleReadingButton           
0000a9ff  ResetInfoScreen                
0000aa89  TurnOnReturnToMain             
0000aadf  TurnOffReturnToMain            
0000ab2f  OnReturnToMainButton           
0000ad93  __aeabi_ddiv                   
0000aec9  GPIOPadConfigSet               
0000affd  SysCtlClockGet                 
0000b10d  __aeabi_dmul                   
0000b209  ldexp                          
0000b209  ldexpl                         
0000b209  scalbn                         
0000b209  scalbnl                        
0000b3f9  WidgetMessageQueueAdd          
0000b4e1  EEPROMProgram                  
0000b5a5  GrDefaultStringRenderer        
0000b665  WidgetMessageSendPostOrder     
0000b719  __aeabi_memcpy                 
0000b719  __aeabi_memcpy4                
0000b719  __aeabi_memcpy8                
0000b719  memcpy                         
0000b7b5  GrRectFill                     
0000b83b  __aeabi_cdcmpeq                
0000b83b  __aeabi_cdcmple                
0000b8c1  __aeabi_cdrcmple               
0000b947  ADCSequenceStepConfigure       
0000b9c1  __aeabi_memclr                 
0000b9c1  __aeabi_memclr4                
0000b9c1  __aeabi_memclr8                
0000b9c3  __aeabi_memset                 
0000b9c3  __aeabi_memset4                
0000b9c3  __aeabi_memset8                
0000b9c9  memset                         
0000ba3d  __TI_auto_init                 
0000baad  __aeabi_d2f                    
0000bb1d  GrContextInit                  
0000bb85  GrStringWidthGet               
0000bbed  IntEnable                      
0000bc55  __TI_decompress_lzss           
0000bcbd  GrContextClipRegionSet         
0000bd23  GrRectDraw                     
0000bd89  WidgetMessageQueueProcess      
0000bded  frexp                          
0000bded  frexpl                         
0000be51  TimerConfigure                 
0000beb1  sprintf                        
0000bf11  WidgetMessageSendPreOrder      
0000bfc9  ADCSequenceConfigure           
0000c021  TimerControlTrigger            
0000c079  _c_int00                       
0000c0cd  C$$EXIT                        
0000c0d1  abort                          
0000c0d9  exit                           
0000c121  ltoa                           
0000c175  SysCtlPeripheralReset          
0000c1c5  WidgetRemove                   
0000c211  atoi                           
0000c25d  copy_in                        
0000c2f5  GPIOPinConfigure               
0000c33d  SysTickInt                     
0000c347  SysTickInit                    
0000c35f  Wait                           
0000c385  __aeabi_d2iz                   
0000c3cd  GrLineDrawH                    
0000c413  GrLineDrawV                    
0000c459  __aeabi_d2uiz                  
0000c49d  EEPROMInit                     
0000c4dd  SSIConfigSetExpClk             
0000c591  EEPROMRead                     
0000c5c9  __aeabi_f2d                    
0000c601  IntRegister                    
0000c635  SysCtlPeripheralEnable         
0000c69d  GrStringNextCharGet            
0000c6cb  __aeabi_i2d                    
0000c6f9  GrFontBaselineGet              
0000c725  GrFontHeightGet                
0000c751  RectangularButtonMsgProc       
0000c7a9  GPIODirModeSet                 
0000c7d3  GrFontInfoGet                  
0000c7f9  GrFontGlyphDataGet             
0000c81b  GrFontCodepageGet              
0000c839  WidgetAdd                      
0000c859  SysTickIntRegister             
0000c875  WidgetPointerMessage           
0000c891  memccpy                        
0000c8ad  GPIOPinTypeGPIOOutput          
0000c8c5  TimerDisable                   
0000c8dd  _args_main                     
0000c8f5  GrStringDraw                   
0000c90b  strchr                         
0000c921  CanvasMsgProc                  
0000c935  SysTickEnable                  
0000c949  SysTickIntEnable               
0000c95d  WidgetMutexGet                 
0000c971  _register_unlock               
0000c977  _register_lock                 
0000c97f  _nop                           
0000c985  copysign                       
0000c985  copysignl                      
0000c999  strlen                         
0000c9ad  GPIOPinTypeGPIOInput           
0000c9bf  GPIOPinTypeSSI                 
0000c9d1  SSIDataGetNonBlocking          
0000c9e3  TimerLoadSet                   
0000c9f5  ADCIntEnable                   
0000ca05  IntMasterEnable                
0000ca15  SysTickPeriodSet               
0000ca35  uDMAEnable                     
0000ca45  ADCHardwareOversampleConfigure 
0000ca53  ADCSequenceEnable              
0000ca61  GrImageDraw                    
0000ca6f  TimerEnable                    
0000ca7d  __TI_decompress_none           
0000ca8b  CPUcpsie                       
0000ca97  __TI_zero_init                 
0000caa3  ResetISR                       
0000cab1  uDMAControlBaseSet             
0000cabd  SSIDataPut                     
0000cac7  SSIEnable                      
0000cad1  GrMapISO8859_1_Unicode         
0000cad9  SSIBusy                        
0000cae1  TimerIntEnable                 
0000cae9  GPIOPinRead                    
0000caef  GPIOPinWrite                   
0000caf5  GrContextFontSet               
0000cafb  SysCtlDelay                    
0000cb01  WidgetMutexPut                 
0000cb07  TimerIntClear                  
0000cb0b  WidgetDefaultMsgProc           
0000cb0f  _system_pre_init               
0000cd58  __TI_Handler_Table_Base        
0000cd64  __TI_Handler_Table_Limit       
0000cd78  __TI_CINIT_Base                
0000cd90  __TI_CINIT_Limit               
20000000  g_pfnRAMVectors                
2000026c  g_CalStep1Button               
200002bc  g_CalStep2Button               
2000030c  g_CalZButton                   
2000035c  g_CalZStep1Button              
200003ac  g_CalZStep2Button              
200003fc  g_CalibrateScaleButton         
2000044c  g_ScaleReadingButton           
2000049c  g_StartTestButton              
200004ec  g_TestConfigButton             
2000053c  g_TestScreenButton             
2000058c  g_sReturnToMain                
200005dc  g_TestData                     
2000061c  g_TestResult                   
2000065c  g_psCalZPanel                  
2000069c  g_psCalibrateScalePanel        
200006dc  g_psMainPanel                  
2000071c  g_psScaleReadingPanel          
2000075c  g_psTestPanel                  
2000079c  g_sCalStep1Result              
200007dc  g_sCalStep2Result              
2000081c  g_sCalZStep1                   
2000085c  g_sCalZStep1Result             
2000089c  g_sCalZStep2                   
200008dc  g_sCalZStep2Result             
2000091c  g_sCalibrationStep1            
2000095c  g_sCalibrationStep2            
2000099c  g_sLoadCellValue               
200009dc  g_sTitle                       
20000a1c  g_sRoot                        
20000a4c  __TI_cleanup_ptr               
20000a50  __TI_dtors_ptr                 
20000a54  __TI_enable_exit_profile_output
20000a58  loadcell_cal_zero              
20000a5c  loadcell_cal_weight            
20000a60  number_of_measurements         
20000a64  _lock                          
20000a68  _unlock                        
20000a6c  micros                         
20000a70  errno                          
20000a74  main_func_sp                   
20000a78  g_sTouchMin                    
20000a7c  __stack                        
20000c7c  __STACK_TOP                    
2000127c  __STACK_END                    
20001400  sDMAControlTable               
20001940  sContext                       
200019a4  cal_data_eeprom                
200019ac  sRect                          
200019b4  weight_string                  
200019bc  LoadCell                       
200019c0  Z_Axis                         
200019c4  current_panel                  
200019c8  g_plParmSet                    
200019d0  steps_to_move                  
200019d4  weight                         
200019d8  g_sTouchX                      
200019da  g_sTouchY                      
200019dc  current_direction              
200019dd  main_menu                      
ffffffff  __TI_pprof_out_hndl            
ffffffff  __TI_prof_data_size            
ffffffff  __TI_prof_data_start           
ffffffff  __binit__                      
ffffffff  __c_args__                     
ffffffff  binit                          
UNDEFED   SHT$$INIT_ARRAY$$Base          
UNDEFED   SHT$$INIT_ARRAY$$Limit         

[259 symbols]
