<?xml version="1.0"?>
<link_info>
   <banner>TI ARM Linker PC v16.9.0.LTS</banner>
   <copyright>Copyright (c) 1996-2015 Texas Instruments Incorporated</copyright>
   <link_time>0x5934d9a5</link_time>
   <link_errors>0x0</link_errors>
   <output_file>CapStabber.out</output_file>
   <entry_point>
      <name>_c_int00</name>
      <address>0x59fd</address>
   </entry_point>
   <input_file_list>
      <input_file id="fl-2">
         <path>.\</path>
         <kind>object</kind>
         <file>Kentec320x240x16_ssd2119_spi.obj</file>
         <name>Kentec320x240x16_ssd2119_spi.obj</name>
      </input_file>
      <input_file id="fl-3">
         <path>.\</path>
         <kind>object</kind>
         <file>frame.obj</file>
         <name>frame.obj</name>
      </input_file>
      <input_file id="fl-4">
         <path>.\</path>
         <kind>object</kind>
         <file>images.obj</file>
         <name>images.obj</name>
      </input_file>
      <input_file id="fl-5">
         <path>.\</path>
         <kind>object</kind>
         <file>jmrlogo.obj</file>
         <name>jmrlogo.obj</name>
      </input_file>
      <input_file id="fl-6">
         <path>.\</path>
         <kind>object</kind>
         <file>main.obj</file>
         <name>main.obj</name>
      </input_file>
      <input_file id="fl-7">
         <path>.\</path>
         <kind>object</kind>
         <file>tm4c123gh6pm_startup_ccs.obj</file>
         <name>tm4c123gh6pm_startup_ccs.obj</name>
      </input_file>
      <input_file id="fl-8">
         <path>.\</path>
         <kind>object</kind>
         <file>touch.obj</file>
         <name>touch.obj</name>
      </input_file>
      <input_file id="fl-f">
         <path>..\</path>
         <kind>archive</kind>
         <file>driverlib.lib</file>
         <name>adc.obj</name>
      </input_file>
      <input_file id="fl-10">
         <path>..\</path>
         <kind>archive</kind>
         <file>driverlib.lib</file>
         <name>eeprom.obj</name>
      </input_file>
      <input_file id="fl-11">
         <path>..\</path>
         <kind>archive</kind>
         <file>driverlib.lib</file>
         <name>gpio.obj</name>
      </input_file>
      <input_file id="fl-12">
         <path>..\</path>
         <kind>archive</kind>
         <file>driverlib.lib</file>
         <name>interrupt.obj</name>
      </input_file>
      <input_file id="fl-13">
         <path>..\</path>
         <kind>archive</kind>
         <file>driverlib.lib</file>
         <name>ssi.obj</name>
      </input_file>
      <input_file id="fl-14">
         <path>..\</path>
         <kind>archive</kind>
         <file>driverlib.lib</file>
         <name>sysctl.obj</name>
      </input_file>
      <input_file id="fl-15">
         <path>..\</path>
         <kind>archive</kind>
         <file>driverlib.lib</file>
         <name>systick.obj</name>
      </input_file>
      <input_file id="fl-16">
         <path>..\</path>
         <kind>archive</kind>
         <file>driverlib.lib</file>
         <name>timer.obj</name>
      </input_file>
      <input_file id="fl-17">
         <path>..\</path>
         <kind>archive</kind>
         <file>driverlib.lib</file>
         <name>udma.obj</name>
      </input_file>
      <input_file id="fl-18">
         <path>..\</path>
         <kind>archive</kind>
         <file>driverlib.lib</file>
         <name>cpu.obj</name>
      </input_file>
      <input_file id="fl-19">
         <path>C:\ti\TivaWare_C_Series-2.1.3.156\grlib\ccs\Debug\</path>
         <kind>archive</kind>
         <file>grlib.lib</file>
         <name>canvas.obj</name>
      </input_file>
      <input_file id="fl-1a">
         <path>C:\ti\TivaWare_C_Series-2.1.3.156\grlib\ccs\Debug\</path>
         <kind>archive</kind>
         <file>grlib.lib</file>
         <name>context.obj</name>
      </input_file>
      <input_file id="fl-1b">
         <path>C:\ti\TivaWare_C_Series-2.1.3.156\grlib\ccs\Debug\</path>
         <kind>archive</kind>
         <file>grlib.lib</file>
         <name>image.obj</name>
      </input_file>
      <input_file id="fl-1c">
         <path>C:\ti\TivaWare_C_Series-2.1.3.156\grlib\ccs\Debug\</path>
         <kind>archive</kind>
         <file>grlib.lib</file>
         <name>pushbutton.obj</name>
      </input_file>
      <input_file id="fl-1d">
         <path>C:\ti\TivaWare_C_Series-2.1.3.156\grlib\ccs\Debug\</path>
         <kind>archive</kind>
         <file>grlib.lib</file>
         <name>rectangle.obj</name>
      </input_file>
      <input_file id="fl-1e">
         <path>C:\ti\TivaWare_C_Series-2.1.3.156\grlib\ccs\Debug\</path>
         <kind>archive</kind>
         <file>grlib.lib</file>
         <name>string.obj</name>
      </input_file>
      <input_file id="fl-1f">
         <path>C:\ti\TivaWare_C_Series-2.1.3.156\grlib\ccs\Debug\</path>
         <kind>archive</kind>
         <file>grlib.lib</file>
         <name>widget.obj</name>
      </input_file>
      <input_file id="fl-20">
         <path>C:\ti\TivaWare_C_Series-2.1.3.156\grlib\ccs\Debug\</path>
         <kind>archive</kind>
         <file>grlib.lib</file>
         <name>fontcmss12.obj</name>
      </input_file>
      <input_file id="fl-21">
         <path>C:\ti\TivaWare_C_Series-2.1.3.156\grlib\ccs\Debug\</path>
         <kind>archive</kind>
         <file>grlib.lib</file>
         <name>fontcmss12b.obj</name>
      </input_file>
      <input_file id="fl-22">
         <path>C:\ti\TivaWare_C_Series-2.1.3.156\grlib\ccs\Debug\</path>
         <kind>archive</kind>
         <file>grlib.lib</file>
         <name>fontcmss14.obj</name>
      </input_file>
      <input_file id="fl-23">
         <path>C:\ti\TivaWare_C_Series-2.1.3.156\grlib\ccs\Debug\</path>
         <kind>archive</kind>
         <file>grlib.lib</file>
         <name>fontcmss18b.obj</name>
      </input_file>
      <input_file id="fl-24">
         <path>C:\ti\TivaWare_C_Series-2.1.3.156\grlib\ccs\Debug\</path>
         <kind>archive</kind>
         <file>grlib.lib</file>
         <name>fontcmss20.obj</name>
      </input_file>
      <input_file id="fl-25">
         <path>C:\ti\TivaWare_C_Series-2.1.3.156\grlib\ccs\Debug\</path>
         <kind>archive</kind>
         <file>grlib.lib</file>
         <name>fontcmss20b.obj</name>
      </input_file>
      <input_file id="fl-26">
         <path>C:\ti\TivaWare_C_Series-2.1.3.156\grlib\ccs\Debug\</path>
         <kind>archive</kind>
         <file>grlib.lib</file>
         <name>charmap.obj</name>
      </input_file>
      <input_file id="fl-27">
         <path>C:\ti\TivaWare_C_Series-2.1.3.156\grlib\ccs\Debug\</path>
         <kind>archive</kind>
         <file>grlib.lib</file>
         <name>circle.obj</name>
      </input_file>
      <input_file id="fl-28">
         <path>C:\ti\TivaWare_C_Series-2.1.3.156\grlib\ccs\Debug\</path>
         <kind>archive</kind>
         <file>grlib.lib</file>
         <name>line.obj</name>
      </input_file>
      <input_file id="fl-de">
         <path>C:\ti\ccsv7\tools\compiler\ti-cgt-arm_16.9.0.LTS\lib\</path>
         <kind>archive</kind>
         <file>rtsv7M4_T_le_v4SPD16_eabi.lib</file>
         <name>boot.obj</name>
      </input_file>
      <input_file id="fl-df">
         <path>C:\ti\ccsv7\tools\compiler\ti-cgt-arm_16.9.0.LTS\lib\</path>
         <kind>archive</kind>
         <file>rtsv7M4_T_le_v4SPD16_eabi.lib</file>
         <name>copy_decompress_lzss.obj</name>
      </input_file>
      <input_file id="fl-e0">
         <path>C:\ti\ccsv7\tools\compiler\ti-cgt-arm_16.9.0.LTS\lib\</path>
         <kind>archive</kind>
         <file>rtsv7M4_T_le_v4SPD16_eabi.lib</file>
         <name>copy_decompress_none.obj</name>
      </input_file>
      <input_file id="fl-e1">
         <path>C:\ti\ccsv7\tools\compiler\ti-cgt-arm_16.9.0.LTS\lib\</path>
         <kind>archive</kind>
         <file>rtsv7M4_T_le_v4SPD16_eabi.lib</file>
         <name>copy_zero_init.obj</name>
      </input_file>
      <input_file id="fl-e2">
         <path>C:\ti\ccsv7\tools\compiler\ti-cgt-arm_16.9.0.LTS\lib\</path>
         <kind>archive</kind>
         <file>rtsv7M4_T_le_v4SPD16_eabi.lib</file>
         <name>exit.obj</name>
      </input_file>
      <input_file id="fl-e3">
         <path>C:\ti\ccsv7\tools\compiler\ti-cgt-arm_16.9.0.LTS\lib\</path>
         <kind>archive</kind>
         <file>rtsv7M4_T_le_v4SPD16_eabi.lib</file>
         <name>fd_add_t2.obj</name>
      </input_file>
      <input_file id="fl-e4">
         <path>C:\ti\ccsv7\tools\compiler\ti-cgt-arm_16.9.0.LTS\lib\</path>
         <kind>archive</kind>
         <file>rtsv7M4_T_le_v4SPD16_eabi.lib</file>
         <name>fd_cmp_t2.obj</name>
      </input_file>
      <input_file id="fl-e5">
         <path>C:\ti\ccsv7\tools\compiler\ti-cgt-arm_16.9.0.LTS\lib\</path>
         <kind>archive</kind>
         <file>rtsv7M4_T_le_v4SPD16_eabi.lib</file>
         <name>fd_mul_t2.obj</name>
      </input_file>
      <input_file id="fl-e6">
         <path>C:\ti\ccsv7\tools\compiler\ti-cgt-arm_16.9.0.LTS\lib\</path>
         <kind>archive</kind>
         <file>rtsv7M4_T_le_v4SPD16_eabi.lib</file>
         <name>fd_toi_t2.obj</name>
      </input_file>
      <input_file id="fl-e7">
         <path>C:\ti\ccsv7\tools\compiler\ti-cgt-arm_16.9.0.LTS\lib\</path>
         <kind>archive</kind>
         <file>rtsv7M4_T_le_v4SPD16_eabi.lib</file>
         <name>fd_tou_t2.obj</name>
      </input_file>
      <input_file id="fl-e8">
         <path>C:\ti\ccsv7\tools\compiler\ti-cgt-arm_16.9.0.LTS\lib\</path>
         <kind>archive</kind>
         <file>rtsv7M4_T_le_v4SPD16_eabi.lib</file>
         <name>fs_tod_t2.obj</name>
      </input_file>
      <input_file id="fl-e9">
         <path>C:\ti\ccsv7\tools\compiler\ti-cgt-arm_16.9.0.LTS\lib\</path>
         <kind>archive</kind>
         <file>rtsv7M4_T_le_v4SPD16_eabi.lib</file>
         <name>memcpy_t2.obj</name>
      </input_file>
      <input_file id="fl-ea">
         <path>C:\ti\ccsv7\tools\compiler\ti-cgt-arm_16.9.0.LTS\lib\</path>
         <kind>archive</kind>
         <file>rtsv7M4_T_le_v4SPD16_eabi.lib</file>
         <name>memset_t2.obj</name>
      </input_file>
      <input_file id="fl-eb">
         <path>C:\ti\ccsv7\tools\compiler\ti-cgt-arm_16.9.0.LTS\lib\</path>
         <kind>archive</kind>
         <file>rtsv7M4_T_le_v4SPD16_eabi.lib</file>
         <name>mpu_init.obj</name>
      </input_file>
      <input_file id="fl-ec">
         <path>C:\ti\ccsv7\tools\compiler\ti-cgt-arm_16.9.0.LTS\lib\</path>
         <kind>archive</kind>
         <file>rtsv7M4_T_le_v4SPD16_eabi.lib</file>
         <name>pre_init.obj</name>
      </input_file>
      <input_file id="fl-ed">
         <path>C:\ti\ccsv7\tools\compiler\ti-cgt-arm_16.9.0.LTS\lib\</path>
         <kind>archive</kind>
         <file>rtsv7M4_T_le_v4SPD16_eabi.lib</file>
         <name>sprintf.obj</name>
      </input_file>
      <input_file id="fl-ee">
         <path>C:\ti\ccsv7\tools\compiler\ti-cgt-arm_16.9.0.LTS\lib\</path>
         <kind>archive</kind>
         <file>rtsv7M4_T_le_v4SPD16_eabi.lib</file>
         <name>stkdepth_vars.obj</name>
      </input_file>
      <input_file id="fl-ef">
         <path>C:\ti\ccsv7\tools\compiler\ti-cgt-arm_16.9.0.LTS\lib\</path>
         <kind>archive</kind>
         <file>rtsv7M4_T_le_v4SPD16_eabi.lib</file>
         <name>_lock.obj</name>
      </input_file>
      <input_file id="fl-f0">
         <path>C:\ti\ccsv7\tools\compiler\ti-cgt-arm_16.9.0.LTS\lib\</path>
         <kind>archive</kind>
         <file>rtsv7M4_T_le_v4SPD16_eabi.lib</file>
         <name>_printfi.obj</name>
      </input_file>
      <input_file id="fl-f1">
         <path>C:\ti\ccsv7\tools\compiler\ti-cgt-arm_16.9.0.LTS\lib\</path>
         <kind>archive</kind>
         <file>rtsv7M4_T_le_v4SPD16_eabi.lib</file>
         <name>args_main.obj</name>
      </input_file>
      <input_file id="fl-f2">
         <path>C:\ti\ccsv7\tools\compiler\ti-cgt-arm_16.9.0.LTS\lib\</path>
         <kind>archive</kind>
         <file>rtsv7M4_T_le_v4SPD16_eabi.lib</file>
         <name>atoi.obj</name>
      </input_file>
      <input_file id="fl-f3">
         <path>C:\ti\ccsv7\tools\compiler\ti-cgt-arm_16.9.0.LTS\lib\</path>
         <kind>archive</kind>
         <file>rtsv7M4_T_le_v4SPD16_eabi.lib</file>
         <name>autoinit.obj</name>
      </input_file>
      <input_file id="fl-f4">
         <path>C:\ti\ccsv7\tools\compiler\ti-cgt-arm_16.9.0.LTS\lib\</path>
         <kind>archive</kind>
         <file>rtsv7M4_T_le_v4SPD16_eabi.lib</file>
         <name>cpy_tbl.obj</name>
      </input_file>
      <input_file id="fl-f5">
         <path>C:\ti\ccsv7\tools\compiler\ti-cgt-arm_16.9.0.LTS\lib\</path>
         <kind>archive</kind>
         <file>rtsv7M4_T_le_v4SPD16_eabi.lib</file>
         <name>ctype.obj</name>
      </input_file>
      <input_file id="fl-f6">
         <path>C:\ti\ccsv7\tools\compiler\ti-cgt-arm_16.9.0.LTS\lib\</path>
         <kind>archive</kind>
         <file>rtsv7M4_T_le_v4SPD16_eabi.lib</file>
         <name>fd_div_t2.obj</name>
      </input_file>
      <input_file id="fl-f7">
         <path>C:\ti\ccsv7\tools\compiler\ti-cgt-arm_16.9.0.LTS\lib\</path>
         <kind>archive</kind>
         <file>rtsv7M4_T_le_v4SPD16_eabi.lib</file>
         <name>i_tofd_t2.obj</name>
      </input_file>
      <input_file id="fl-f8">
         <path>C:\ti\ccsv7\tools\compiler\ti-cgt-arm_16.9.0.LTS\lib\</path>
         <kind>archive</kind>
         <file>rtsv7M4_T_le_v4SPD16_eabi.lib</file>
         <name>ltoa.obj</name>
      </input_file>
      <input_file id="fl-f9">
         <path>C:\ti\ccsv7\tools\compiler\ti-cgt-arm_16.9.0.LTS\lib\</path>
         <kind>archive</kind>
         <file>rtsv7M4_T_le_v4SPD16_eabi.lib</file>
         <name>memccpy.obj</name>
      </input_file>
      <input_file id="fl-fa">
         <path>C:\ti\ccsv7\tools\compiler\ti-cgt-arm_16.9.0.LTS\lib\</path>
         <kind>archive</kind>
         <file>rtsv7M4_T_le_v4SPD16_eabi.lib</file>
         <name>s_frexp.obj</name>
      </input_file>
      <input_file id="fl-fb">
         <path>C:\ti\ccsv7\tools\compiler\ti-cgt-arm_16.9.0.LTS\lib\</path>
         <kind>archive</kind>
         <file>rtsv7M4_T_le_v4SPD16_eabi.lib</file>
         <name>s_scalbn.obj</name>
      </input_file>
      <input_file id="fl-fc">
         <path>C:\ti\ccsv7\tools\compiler\ti-cgt-arm_16.9.0.LTS\lib\</path>
         <kind>archive</kind>
         <file>rtsv7M4_T_le_v4SPD16_eabi.lib</file>
         <name>startup.obj</name>
      </input_file>
      <input_file id="fl-fd">
         <path>C:\ti\ccsv7\tools\compiler\ti-cgt-arm_16.9.0.LTS\lib\</path>
         <kind>archive</kind>
         <file>rtsv7M4_T_le_v4SPD16_eabi.lib</file>
         <name>strchr.obj</name>
      </input_file>
      <input_file id="fl-fe">
         <path>C:\ti\ccsv7\tools\compiler\ti-cgt-arm_16.9.0.LTS\lib\</path>
         <kind>archive</kind>
         <file>rtsv7M4_T_le_v4SPD16_eabi.lib</file>
         <name>strlen.obj</name>
      </input_file>
      <input_file id="fl-ff">
         <path>C:\ti\ccsv7\tools\compiler\ti-cgt-arm_16.9.0.LTS\lib\</path>
         <kind>archive</kind>
         <file>rtsv7M4_T_le_v4SPD16_eabi.lib</file>
         <name>ull_div_t2.obj</name>
      </input_file>
      <input_file id="fl-100">
         <path>C:\ti\ccsv7\tools\compiler\ti-cgt-arm_16.9.0.LTS\lib\</path>
         <kind>archive</kind>
         <file>rtsv7M4_T_le_v4SPD16_eabi.lib</file>
         <name>errno.obj</name>
      </input_file>
      <input_file id="fl-101">
         <path>C:\ti\ccsv7\tools\compiler\ti-cgt-arm_16.9.0.LTS\lib\</path>
         <kind>archive</kind>
         <file>rtsv7M4_T_le_v4SPD16_eabi.lib</file>
         <name>s_copysign.obj</name>
      </input_file>
   </input_file_list>
   <object_component_list>
      <object_component id="oc-f">
         <name>.intvecs</name>
         <load_address>0x0</load_address>
         <run_address>0x0</run_address>
         <size>0x26c</size>
         <input_file_ref idref="fl-7"/>
      </object_component>
      <object_component id="oc-31">
         <name>.text</name>
         <load_address>0x270</load_address>
         <run_address>0x270</run_address>
         <size>0x13e4</size>
         <input_file_ref idref="fl-6"/>
      </object_component>
      <object_component id="oc-32e">
         <name>.text</name>
         <load_address>0x1654</load_address>
         <run_address>0x1654</run_address>
         <size>0x113a</size>
         <input_file_ref idref="fl-f0"/>
      </object_component>
      <object_component id="oc-63">
         <name>.text</name>
         <load_address>0x278e</load_address>
         <run_address>0x278e</run_address>
         <size>0x2</size>
         <input_file_ref idref="fl-eb"/>
      </object_component>
      <object_component id="oc-1a8">
         <name>.text</name>
         <load_address>0x2790</load_address>
         <run_address>0x2790</run_address>
         <size>0x8e2</size>
         <input_file_ref idref="fl-2"/>
      </object_component>
      <object_component id="oc-d9">
         <name>.text:GPIOPinRead</name>
         <load_address>0x3072</load_address>
         <run_address>0x3072</run_address>
         <size>0x6</size>
         <input_file_ref idref="fl-11"/>
      </object_component>
      <object_component id="oc-37">
         <name>.text</name>
         <load_address>0x3078</load_address>
         <run_address>0x3078</run_address>
         <size>0x73e</size>
         <input_file_ref idref="fl-8"/>
      </object_component>
      <object_component id="oc-237">
         <name>.text</name>
         <load_address>0x37b6</load_address>
         <run_address>0x37b6</run_address>
         <size>0x2</size>
         <input_file_ref idref="fl-fc"/>
      </object_component>
      <object_component id="oc-2a2">
         <name>.text:InternalImageDraw</name>
         <load_address>0x37b8</load_address>
         <run_address>0x37b8</run_address>
         <size>0x374</size>
         <input_file_ref idref="fl-1b"/>
      </object_component>
      <object_component id="oc-3fd">
         <name>.text:PixelTransparentDraw</name>
         <load_address>0x3b2c</load_address>
         <run_address>0x3b2c</run_address>
         <size>0x2f8</size>
         <input_file_ref idref="fl-1b"/>
      </object_component>
      <object_component id="oc-4c5">
         <name>.text:GrFontGlyphRender</name>
         <load_address>0x3e24</load_address>
         <run_address>0x3e24</run_address>
         <size>0x254</size>
         <input_file_ref idref="fl-1e"/>
      </object_component>
      <object_component id="oc-460">
         <name>.text</name>
         <load_address>0x4078</load_address>
         <run_address>0x4078</run_address>
         <size>0x1f4</size>
         <input_file_ref idref="fl-ff"/>
      </object_component>
      <object_component id="oc-ab">
         <name>.text</name>
         <load_address>0x426c</load_address>
         <run_address>0x426c</run_address>
         <size>0x1b6</size>
         <input_file_ref idref="fl-e3"/>
      </object_component>
      <object_component id="oc-43a">
         <name>.text:CanvasPaint</name>
         <load_address>0x4422</load_address>
         <run_address>0x4422</run_address>
         <size>0x190</size>
         <input_file_ref idref="fl-19"/>
      </object_component>
      <object_component id="oc-426">
         <name>.text:RectangularButtonPaint</name>
         <load_address>0x45b2</load_address>
         <run_address>0x45b2</run_address>
         <size>0x17e</size>
         <input_file_ref idref="fl-1c"/>
      </object_component>
      <object_component id="oc-46b">
         <name>.text</name>
         <load_address>0x4730</load_address>
         <run_address>0x4730</run_address>
         <size>0x136</size>
         <input_file_ref idref="fl-f6"/>
      </object_component>
      <object_component id="oc-c7">
         <name>.text:GPIOPadConfigSet</name>
         <load_address>0x4866</load_address>
         <run_address>0x4866</run_address>
         <size>0x132</size>
         <input_file_ref idref="fl-11"/>
      </object_component>
      <object_component id="oc-df">
         <name>.text:SysCtlClockGet</name>
         <load_address>0x4998</load_address>
         <run_address>0x4998</run_address>
         <size>0x110</size>
         <input_file_ref idref="fl-14"/>
      </object_component>
      <object_component id="oc-a6">
         <name>.text</name>
         <load_address>0x4aa8</load_address>
         <run_address>0x4aa8</run_address>
         <size>0xfc</size>
         <input_file_ref idref="fl-e5"/>
      </object_component>
      <object_component id="oc-481">
         <name>.text</name>
         <load_address>0x4ba4</load_address>
         <run_address>0x4ba4</run_address>
         <size>0xfc</size>
         <input_file_ref idref="fl-fb"/>
      </object_component>
      <object_component id="oc-42c">
         <name>.text:RectangularButtonClick</name>
         <load_address>0x4ca0</load_address>
         <run_address>0x4ca0</run_address>
         <size>0xf2</size>
         <input_file_ref idref="fl-1c"/>
      </object_component>
      <object_component id="oc-14f">
         <name>.text:WidgetMessageQueueAdd</name>
         <load_address>0x4d94</load_address>
         <run_address>0x4d94</run_address>
         <size>0xe8</size>
         <input_file_ref idref="fl-1f"/>
      </object_component>
      <object_component id="oc-198">
         <name>.text:EEPROMProgram</name>
         <load_address>0x4e7c</load_address>
         <run_address>0x4e7c</run_address>
         <size>0xc4</size>
         <input_file_ref idref="fl-10"/>
      </object_component>
      <object_component id="oc-38c">
         <name>.text:GrDefaultStringRenderer</name>
         <load_address>0x4f40</load_address>
         <run_address>0x4f40</run_address>
         <size>0xc0</size>
         <input_file_ref idref="fl-1e"/>
      </object_component>
      <object_component id="oc-327">
         <name>.text:WidgetMessageSendPostOrder</name>
         <load_address>0x5000</load_address>
         <run_address>0x5000</run_address>
         <size>0xb4</size>
         <input_file_ref idref="fl-1f"/>
      </object_component>
      <object_component id="oc-4b">
         <name>.text</name>
         <load_address>0x50b4</load_address>
         <run_address>0x50b4</run_address>
         <size>0x9c</size>
         <input_file_ref idref="fl-e9"/>
      </object_component>
      <object_component id="oc-113">
         <name>.text:GrRectFill</name>
         <load_address>0x5150</load_address>
         <run_address>0x5150</run_address>
         <size>0x86</size>
         <input_file_ref idref="fl-1d"/>
      </object_component>
      <object_component id="oc-1a3">
         <name>.text:__aeabi_cdcmple</name>
         <load_address>0x51d6</load_address>
         <run_address>0x51d6</run_address>
         <size>0x86</size>
         <input_file_ref idref="fl-e4"/>
      </object_component>
      <object_component id="oc-19e">
         <name>.text:__aeabi_cdrcmple</name>
         <load_address>0x525c</load_address>
         <run_address>0x525c</run_address>
         <size>0x86</size>
         <input_file_ref idref="fl-e4"/>
      </object_component>
      <object_component id="oc-1fe">
         <name>.text:ADCSequenceStepConfigure</name>
         <load_address>0x52e2</load_address>
         <run_address>0x52e2</run_address>
         <size>0x7a</size>
         <input_file_ref idref="fl-f"/>
      </object_component>
      <object_component id="oc-57">
         <name>.text</name>
         <load_address>0x535c</load_address>
         <run_address>0x535c</run_address>
         <size>0x7a</size>
         <input_file_ref idref="fl-ea"/>
      </object_component>
      <object_component id="oc-6f">
         <name>.text</name>
         <load_address>0x53d8</load_address>
         <run_address>0x53d8</run_address>
         <size>0x70</size>
         <input_file_ref idref="fl-f3"/>
      </object_component>
      <object_component id="oc-1be">
         <name>.text:GrContextInit</name>
         <load_address>0x5448</load_address>
         <run_address>0x5448</run_address>
         <size>0x68</size>
         <input_file_ref idref="fl-1a"/>
      </object_component>
      <object_component id="oc-131">
         <name>.text:GrStringWidthGet</name>
         <load_address>0x54b0</load_address>
         <run_address>0x54b0</run_address>
         <size>0x68</size>
         <input_file_ref idref="fl-1e"/>
      </object_component>
      <object_component id="oc-eb">
         <name>.text:IntEnable</name>
         <load_address>0x5518</load_address>
         <run_address>0x5518</run_address>
         <size>0x68</size>
         <input_file_ref idref="fl-12"/>
      </object_component>
      <object_component id="oc-12">
         <name>.text:decompress:lzss</name>
         <load_address>0x5580</load_address>
         <run_address>0x5580</run_address>
         <size>0x68</size>
         <input_file_ref idref="fl-df"/>
      </object_component>
      <object_component id="oc-4f1">
         <name>.text:GrContextClipRegionSet</name>
         <load_address>0x55e8</load_address>
         <run_address>0x55e8</run_address>
         <size>0x66</size>
         <input_file_ref idref="fl-1a"/>
      </object_component>
      <object_component id="oc-122">
         <name>.text:GrRectDraw</name>
         <load_address>0x564e</load_address>
         <run_address>0x564e</run_address>
         <size>0x66</size>
         <input_file_ref idref="fl-1d"/>
      </object_component>
      <object_component id="oc-170">
         <name>.text:WidgetMessageQueueProcess</name>
         <load_address>0x56b4</load_address>
         <run_address>0x56b4</run_address>
         <size>0x64</size>
         <input_file_ref idref="fl-1f"/>
      </object_component>
      <object_component id="oc-47b">
         <name>.text</name>
         <load_address>0x5718</load_address>
         <run_address>0x5718</run_address>
         <size>0x64</size>
         <input_file_ref idref="fl-fa"/>
      </object_component>
      <object_component id="oc-1d0">
         <name>.text:TimerConfigure</name>
         <load_address>0x577c</load_address>
         <run_address>0x577c</run_address>
         <size>0x60</size>
         <input_file_ref idref="fl-16"/>
      </object_component>
      <object_component id="oc-179">
         <name>.text</name>
         <load_address>0x57dc</load_address>
         <run_address>0x57dc</run_address>
         <size>0x60</size>
         <input_file_ref idref="fl-ed"/>
      </object_component>
      <object_component id="oc-321">
         <name>.text:WidgetMessageSendPreOrder</name>
         <load_address>0x583c</load_address>
         <run_address>0x583c</run_address>
         <size>0x5e</size>
         <input_file_ref idref="fl-1f"/>
      </object_component>
      <object_component id="oc-418">
         <name>.text:FontWideGlyphDataGet</name>
         <load_address>0x589a</load_address>
         <run_address>0x589a</run_address>
         <size>0x5a</size>
         <input_file_ref idref="fl-1e"/>
      </object_component>
      <object_component id="oc-1f8">
         <name>.text:ADCSequenceConfigure</name>
         <load_address>0x58f4</load_address>
         <run_address>0x58f4</run_address>
         <size>0x58</size>
         <input_file_ref idref="fl-f"/>
      </object_component>
      <object_component id="oc-210">
         <name>.text:TimerControlTrigger</name>
         <load_address>0x594c</load_address>
         <run_address>0x594c</run_address>
         <size>0x58</size>
         <input_file_ref idref="fl-16"/>
      </object_component>
      <object_component id="oc-470">
         <name>.text</name>
         <load_address>0x59a4</load_address>
         <run_address>0x59a4</run_address>
         <size>0x56</size>
         <input_file_ref idref="fl-f8"/>
      </object_component>
      <object_component id="oc-24">
         <name>.text</name>
         <load_address>0x59fc</load_address>
         <run_address>0x59fc</run_address>
         <size>0x54</size>
         <input_file_ref idref="fl-de"/>
      </object_component>
      <object_component id="oc-7b">
         <name>.text</name>
         <load_address>0x5a50</load_address>
         <run_address>0x5a50</run_address>
         <size>0x54</size>
         <input_file_ref idref="fl-e2"/>
      </object_component>
      <object_component id="oc-39f">
         <name>.text:SysCtlPeripheralReset</name>
         <load_address>0x5aa4</load_address>
         <run_address>0x5aa4</run_address>
         <size>0x50</size>
         <input_file_ref idref="fl-14"/>
      </object_component>
      <object_component id="oc-158">
         <name>.text:WidgetRemove</name>
         <load_address>0x5af4</load_address>
         <run_address>0x5af4</run_address>
         <size>0x4c</size>
         <input_file_ref idref="fl-1f"/>
      </object_component>
      <object_component id="oc-48d">
         <name>.text</name>
         <load_address>0x5b40</load_address>
         <run_address>0x5b40</run_address>
         <size>0x4c</size>
         <input_file_ref idref="fl-f2"/>
      </object_component>
      <object_component id="oc-231">
         <name>.text</name>
         <load_address>0x5b8c</load_address>
         <run_address>0x5b8c</run_address>
         <size>0x4c</size>
         <input_file_ref idref="fl-f4"/>
      </object_component>
      <object_component id="oc-2be">
         <name>.text:UpdateContextCharMapping</name>
         <load_address>0x5bd8</load_address>
         <run_address>0x5bd8</run_address>
         <size>0x4a</size>
         <input_file_ref idref="fl-1e"/>
      </object_component>
      <object_component id="oc-367">
         <name>.text:GPIOPinConfigure</name>
         <load_address>0x5c24</load_address>
         <run_address>0x5c24</run_address>
         <size>0x48</size>
         <input_file_ref idref="fl-11"/>
      </object_component>
      <object_component id="oc-b5">
         <name>.text</name>
         <load_address>0x5c6c</load_address>
         <run_address>0x5c6c</run_address>
         <size>0x48</size>
         <input_file_ref idref="fl-e6"/>
      </object_component>
      <object_component id="oc-2ab">
         <name>.text:GrLineDrawH</name>
         <load_address>0x5cb4</load_address>
         <run_address>0x5cb4</run_address>
         <size>0x46</size>
         <input_file_ref idref="fl-28"/>
      </object_component>
      <object_component id="oc-2b1">
         <name>.text:GrLineDrawV</name>
         <load_address>0x5cfa</load_address>
         <run_address>0x5cfa</run_address>
         <size>0x46</size>
         <input_file_ref idref="fl-28"/>
      </object_component>
      <object_component id="oc-b0">
         <name>.text</name>
         <load_address>0x5d40</load_address>
         <run_address>0x5d40</run_address>
         <size>0x44</size>
         <input_file_ref idref="fl-e7"/>
      </object_component>
      <object_component id="oc-1c4">
         <name>.text:EEPROMInit</name>
         <load_address>0x5d84</load_address>
         <run_address>0x5d84</run_address>
         <size>0x40</size>
         <input_file_ref idref="fl-10"/>
      </object_component>
      <object_component id="oc-373">
         <name>.text:SSIConfigSetExpClk</name>
         <load_address>0x5dc4</load_address>
         <run_address>0x5dc4</run_address>
         <size>0x3c</size>
         <input_file_ref idref="fl-13"/>
      </object_component>
      <object_component id="oc-351">
         <name>.text:_EEPROMSectorMaskSet</name>
         <load_address>0x5e00</load_address>
         <run_address>0x5e00</run_address>
         <size>0x3c</size>
         <input_file_ref idref="fl-10"/>
      </object_component>
      <object_component id="oc-41e">
         <name>.text:FontGlyphDataGet</name>
         <load_address>0x5e3c</load_address>
         <run_address>0x5e3c</run_address>
         <size>0x3a</size>
         <input_file_ref idref="fl-1e"/>
      </object_component>
      <object_component id="oc-1ca">
         <name>.text:EEPROMRead</name>
         <load_address>0x5e78</load_address>
         <run_address>0x5e78</run_address>
         <size>0x38</size>
         <input_file_ref idref="fl-10"/>
      </object_component>
      <object_component id="oc-a1">
         <name>.text</name>
         <load_address>0x5eb0</load_address>
         <run_address>0x5eb0</run_address>
         <size>0x38</size>
         <input_file_ref idref="fl-e8"/>
      </object_component>
      <object_component id="oc-250">
         <name>.text:IntRegister</name>
         <load_address>0x5ee8</load_address>
         <run_address>0x5ee8</run_address>
         <size>0x34</size>
         <input_file_ref idref="fl-12"/>
      </object_component>
      <object_component id="oc-ba">
         <name>.text:SysCtlPeripheralEnable</name>
         <load_address>0x5f1c</load_address>
         <run_address>0x5f1c</run_address>
         <size>0x34</size>
         <input_file_ref idref="fl-14"/>
      </object_component>
      <object_component id="oc-34b">
         <name>.text:_EEPROMSectorMaskClear</name>
         <load_address>0x5f50</load_address>
         <run_address>0x5f50</run_address>
         <size>0x34</size>
         <input_file_ref idref="fl-10"/>
      </object_component>
      <object_component id="oc-2c7">
         <name>.text:GrStringNextCharGet</name>
         <load_address>0x5f84</load_address>
         <run_address>0x5f84</run_address>
         <size>0x2e</size>
         <input_file_ref idref="fl-1e"/>
      </object_component>
      <object_component id="oc-476">
         <name>.text</name>
         <load_address>0x5fb2</load_address>
         <run_address>0x5fb2</run_address>
         <size>0x2e</size>
         <input_file_ref idref="fl-f7"/>
      </object_component>
      <object_component id="oc-137">
         <name>.text:GrFontBaselineGet</name>
         <load_address>0x5fe0</load_address>
         <run_address>0x5fe0</run_address>
         <size>0x2c</size>
         <input_file_ref idref="fl-1e"/>
      </object_component>
      <object_component id="oc-4ff">
         <name>.text:GrFontHeightGet</name>
         <load_address>0x600c</load_address>
         <run_address>0x600c</run_address>
         <size>0x2c</size>
         <input_file_ref idref="fl-1e"/>
      </object_component>
      <object_component id="oc-2dc">
         <name>.text:RectangularButtonMsgProc</name>
         <load_address>0x6038</load_address>
         <run_address>0x6038</run_address>
         <size>0x2c</size>
         <input_file_ref idref="fl-1c"/>
      </object_component>
      <object_component id="oc-308">
         <name>.text:WidgetIsInTree</name>
         <load_address>0x6064</load_address>
         <run_address>0x6064</run_address>
         <size>0x2c</size>
         <input_file_ref idref="fl-1f"/>
      </object_component>
      <object_component id="oc-260">
         <name>.text:GPIODirModeSet</name>
         <load_address>0x6090</load_address>
         <run_address>0x6090</run_address>
         <size>0x2a</size>
         <input_file_ref idref="fl-11"/>
      </object_component>
      <object_component id="oc-2d3">
         <name>.text:GrFontInfoGet</name>
         <load_address>0x60ba</load_address>
         <run_address>0x60ba</run_address>
         <size>0x26</size>
         <input_file_ref idref="fl-1e"/>
      </object_component>
      <object_component id="oc-2cd">
         <name>.text:GrFontGlyphDataGet</name>
         <load_address>0x60e0</load_address>
         <run_address>0x60e0</run_address>
         <size>0x22</size>
         <input_file_ref idref="fl-1e"/>
      </object_component>
      <object_component id="oc-40e">
         <name>.text:GrFontCodepageGet</name>
         <load_address>0x6102</load_address>
         <run_address>0x6102</run_address>
         <size>0x1e</size>
         <input_file_ref idref="fl-1e"/>
      </object_component>
      <object_component id="oc-164">
         <name>.text:WidgetAdd</name>
         <load_address>0x6120</load_address>
         <run_address>0x6120</run_address>
         <size>0x1e</size>
         <input_file_ref idref="fl-1f"/>
      </object_component>
      <object_component id="oc-8f">
         <name>.text:SysTickIntRegister</name>
         <load_address>0x6140</load_address>
         <run_address>0x6140</run_address>
         <size>0x1c</size>
         <input_file_ref idref="fl-15"/>
      </object_component>
      <object_component id="oc-17f">
         <name>.text:WidgetPointerMessage</name>
         <load_address>0x615c</load_address>
         <run_address>0x615c</run_address>
         <size>0x1c</size>
         <input_file_ref idref="fl-1f"/>
      </object_component>
      <object_component id="oc-493">
         <name>.text</name>
         <load_address>0x6178</load_address>
         <run_address>0x6178</run_address>
         <size>0x1c</size>
         <input_file_ref idref="fl-f9"/>
      </object_component>
      <object_component id="oc-103">
         <name>.text:TimerIntClear</name>
         <load_address>0x6194</load_address>
         <run_address>0x6194</run_address>
         <size>0x4</size>
         <input_file_ref idref="fl-16"/>
      </object_component>
      <object_component id="oc-2b">
         <name>.text</name>
         <load_address>0x6198</load_address>
         <run_address>0x6198</run_address>
         <size>0x1a</size>
         <input_file_ref idref="fl-7"/>
      </object_component>
      <object_component id="oc-cd">
         <name>.text:GPIOPinTypeGPIOOutput</name>
         <load_address>0x61b2</load_address>
         <run_address>0x61b2</run_address>
         <size>0x18</size>
         <input_file_ref idref="fl-11"/>
      </object_component>
      <object_component id="oc-109">
         <name>.text:TimerDisable</name>
         <load_address>0x61cc</load_address>
         <run_address>0x61cc</run_address>
         <size>0x18</size>
         <input_file_ref idref="fl-16"/>
      </object_component>
      <object_component id="oc-75">
         <name>.text</name>
         <load_address>0x61e4</load_address>
         <run_address>0x61e4</run_address>
         <size>0x18</size>
         <input_file_ref idref="fl-f1"/>
      </object_component>
      <object_component id="oc-13d">
         <name>.text:GrStringDraw</name>
         <load_address>0x61fc</load_address>
         <run_address>0x61fc</run_address>
         <size>0x16</size>
         <input_file_ref idref="fl-1e"/>
      </object_component>
      <object_component id="oc-487">
         <name>.text</name>
         <load_address>0x6212</load_address>
         <run_address>0x6212</run_address>
         <size>0x16</size>
         <input_file_ref idref="fl-fd"/>
      </object_component>
      <object_component id="oc-2e8">
         <name>.text:CanvasMsgProc</name>
         <load_address>0x6228</load_address>
         <run_address>0x6228</run_address>
         <size>0x14</size>
         <input_file_ref idref="fl-19"/>
      </object_component>
      <object_component id="oc-9b">
         <name>.text:SysTickEnable</name>
         <load_address>0x623c</load_address>
         <run_address>0x623c</run_address>
         <size>0x14</size>
         <input_file_ref idref="fl-15"/>
      </object_component>
      <object_component id="oc-95">
         <name>.text:SysTickIntEnable</name>
         <load_address>0x6250</load_address>
         <run_address>0x6250</run_address>
         <size>0x14</size>
         <input_file_ref idref="fl-15"/>
      </object_component>
      <object_component id="oc-2f7">
         <name>.text:WidgetMutexGet</name>
         <load_address>0x6264</load_address>
         <run_address>0x6264</run_address>
         <size>0x14</size>
         <input_file_ref idref="fl-1f"/>
      </object_component>
      <object_component id="oc-3d4">
         <name>.text</name>
         <load_address>0x6278</load_address>
         <run_address>0x6278</run_address>
         <size>0x14</size>
         <input_file_ref idref="fl-ef"/>
      </object_component>
      <object_component id="oc-525">
         <name>.text</name>
         <load_address>0x628c</load_address>
         <run_address>0x628c</run_address>
         <size>0x14</size>
         <input_file_ref idref="fl-101"/>
      </object_component>
      <object_component id="oc-465">
         <name>.text</name>
         <load_address>0x62a0</load_address>
         <run_address>0x62a0</run_address>
         <size>0x14</size>
         <input_file_ref idref="fl-fe"/>
      </object_component>
      <object_component id="oc-c1">
         <name>.text:GPIOPinTypeGPIOInput</name>
         <load_address>0x62b4</load_address>
         <run_address>0x62b4</run_address>
         <size>0x12</size>
         <input_file_ref idref="fl-11"/>
      </object_component>
      <object_component id="oc-36d">
         <name>.text:GPIOPinTypeSSI</name>
         <load_address>0x62c6</load_address>
         <run_address>0x62c6</run_address>
         <size>0x12</size>
         <input_file_ref idref="fl-11"/>
      </object_component>
      <object_component id="oc-37f">
         <name>.text:SSIDataGetNonBlocking</name>
         <load_address>0x62d8</load_address>
         <run_address>0x62d8</run_address>
         <size>0x12</size>
         <input_file_ref idref="fl-13"/>
      </object_component>
      <object_component id="oc-e5">
         <name>.text:TimerLoadSet</name>
         <load_address>0x62ea</load_address>
         <run_address>0x62ea</run_address>
         <size>0x12</size>
         <input_file_ref idref="fl-16"/>
      </object_component>
      <object_component id="oc-20a">
         <name>.text:ADCIntEnable</name>
         <load_address>0x62fc</load_address>
         <run_address>0x62fc</run_address>
         <size>0x10</size>
         <input_file_ref idref="fl-f"/>
      </object_component>
      <object_component id="oc-f7">
         <name>.text:IntMasterEnable</name>
         <load_address>0x630c</load_address>
         <run_address>0x630c</run_address>
         <size>0x10</size>
         <input_file_ref idref="fl-12"/>
      </object_component>
      <object_component id="oc-89">
         <name>.text:SysTickPeriodSet</name>
         <load_address>0x631c</load_address>
         <run_address>0x631c</run_address>
         <size>0x10</size>
         <input_file_ref idref="fl-15"/>
      </object_component>
      <object_component id="oc-399">
         <name>.text:_EEPROMWaitForDone</name>
         <load_address>0x632c</load_address>
         <run_address>0x632c</run_address>
         <size>0x10</size>
         <input_file_ref idref="fl-10"/>
      </object_component>
      <object_component id="oc-1b5">
         <name>.text:uDMAEnable</name>
         <load_address>0x633c</load_address>
         <run_address>0x633c</run_address>
         <size>0x10</size>
         <input_file_ref idref="fl-17"/>
      </object_component>
      <object_component id="oc-1f2">
         <name>.text:ADCHardwareOversampleConfigure</name>
         <load_address>0x634c</load_address>
         <run_address>0x634c</run_address>
         <size>0xe</size>
         <input_file_ref idref="fl-f"/>
      </object_component>
      <object_component id="oc-204">
         <name>.text:ADCSequenceEnable</name>
         <load_address>0x635a</load_address>
         <run_address>0x635a</run_address>
         <size>0xe</size>
         <input_file_ref idref="fl-f"/>
      </object_component>
      <object_component id="oc-11c">
         <name>.text:GrImageDraw</name>
         <load_address>0x6368</load_address>
         <run_address>0x6368</run_address>
         <size>0xe</size>
         <input_file_ref idref="fl-1b"/>
      </object_component>
      <object_component id="oc-fd">
         <name>.text:TimerEnable</name>
         <load_address>0x6376</load_address>
         <run_address>0x6376</run_address>
         <size>0xe</size>
         <input_file_ref idref="fl-16"/>
      </object_component>
      <object_component id="oc-18">
         <name>.text:decompress:none</name>
         <load_address>0x6384</load_address>
         <run_address>0x6384</run_address>
         <size>0xe</size>
         <input_file_ref idref="fl-e0"/>
      </object_component>
      <object_component id="oc-278">
         <name>.text:CPUcpsie</name>
         <load_address>0x6392</load_address>
         <run_address>0x6392</run_address>
         <size>0xc</size>
         <input_file_ref idref="fl-18"/>
      </object_component>
      <object_component id="oc-1e">
         <name>.text:decompress:ZI</name>
         <load_address>0x639e</load_address>
         <run_address>0x639e</run_address>
         <size>0xc</size>
         <input_file_ref idref="fl-e1"/>
      </object_component>
      <object_component id="oc-1af">
         <name>.text:uDMAControlBaseSet</name>
         <load_address>0x63ac</load_address>
         <run_address>0x63ac</run_address>
         <size>0xc</size>
         <input_file_ref idref="fl-17"/>
      </object_component>
      <object_component id="oc-35b">
         <name>.text:SSIDataPut</name>
         <load_address>0x63b8</load_address>
         <run_address>0x63b8</run_address>
         <size>0xa</size>
         <input_file_ref idref="fl-13"/>
      </object_component>
      <object_component id="oc-379">
         <name>.text:SSIEnable</name>
         <load_address>0x63c2</load_address>
         <run_address>0x63c2</run_address>
         <size>0xa</size>
         <input_file_ref idref="fl-13"/>
      </object_component>
      <object_component id="oc-4cc">
         <name>.text:GrMapISO8859_1_Unicode</name>
         <load_address>0x63cc</load_address>
         <run_address>0x63cc</run_address>
         <size>0x8</size>
         <input_file_ref idref="fl-26"/>
      </object_component>
      <object_component id="oc-361">
         <name>.text:SSIBusy</name>
         <load_address>0x63d4</load_address>
         <run_address>0x63d4</run_address>
         <size>0x8</size>
         <input_file_ref idref="fl-13"/>
      </object_component>
      <object_component id="oc-f1">
         <name>.text:TimerIntEnable</name>
         <load_address>0x63dc</load_address>
         <run_address>0x63dc</run_address>
         <size>0x8</size>
         <input_file_ref idref="fl-16"/>
      </object_component>
      <object_component id="oc-d3">
         <name>.text:GPIOPinWrite</name>
         <load_address>0x63e4</load_address>
         <run_address>0x63e4</run_address>
         <size>0x6</size>
         <input_file_ref idref="fl-11"/>
      </object_component>
      <object_component id="oc-12b">
         <name>.text:GrContextFontSet</name>
         <load_address>0x63ea</load_address>
         <run_address>0x63ea</run_address>
         <size>0x6</size>
         <input_file_ref idref="fl-1e"/>
      </object_component>
      <object_component id="oc-c0">
         <name>.text:SysCtlDelay</name>
         <load_address>0x63f0</load_address>
         <run_address>0x63f0</run_address>
         <size>0x6</size>
         <input_file_ref idref="fl-14"/>
      </object_component>
      <object_component id="oc-2f8">
         <name>.text:WidgetMutexPut</name>
         <load_address>0x63f6</load_address>
         <run_address>0x63f6</run_address>
         <size>0x6</size>
         <input_file_ref idref="fl-1f"/>
      </object_component>
      <object_component id="oc-30f">
         <name>.text:WidgetDefaultMsgProc</name>
         <load_address>0x63fc</load_address>
         <run_address>0x63fc</run_address>
         <size>0x4</size>
         <input_file_ref idref="fl-1f"/>
      </object_component>
      <object_component id="oc-69">
         <name>.text</name>
         <load_address>0x6400</load_address>
         <run_address>0x6400</run_address>
         <size>0x4</size>
         <input_file_ref idref="fl-ec"/>
      </object_component>
      <object_component id="oc-119">
         <name>.const:.string:jmrlogo</name>
         <load_address>0x6404</load_address>
         <run_address>0x6404</run_address>
         <size>0x30e7</size>
         <input_file_ref idref="fl-5"/>
      </object_component>
      <object_component id="oc-442">
         <name>.const:.string:g_pui8Cmss20Data</name>
         <load_address>0x94eb</load_address>
         <run_address>0x94eb</run_address>
         <size>0x8c1</size>
         <input_file_ref idref="fl-24"/>
      </object_component>
      <object_component id="oc-2b8">
         <name>.const:.string:g_pui8Cmss20bData</name>
         <load_address>0x9dac</load_address>
         <run_address>0x9dac</run_address>
         <size>0x890</size>
         <input_file_ref idref="fl-25"/>
      </object_component>
      <object_component id="oc-511">
         <name>.const:.string:g_pui8Cmss14Data</name>
         <load_address>0xa63c</load_address>
         <run_address>0xa63c</run_address>
         <size>0x609</size>
         <input_file_ref idref="fl-22"/>
      </object_component>
      <object_component id="oc-4ac">
         <name>.const:.string:g_pui8Cmss12bData</name>
         <load_address>0xac45</load_address>
         <run_address>0xac45</run_address>
         <size>0x5c7</size>
         <input_file_ref idref="fl-21"/>
      </object_component>
      <object_component id="oc-434">
         <name>.const:.string:g_pui8Cmss12Data</name>
         <load_address>0xb20c</load_address>
         <run_address>0xb20c</run_address>
         <size>0x514</size>
         <input_file_ref idref="fl-20"/>
      </object_component>
      <object_component id="oc-532">
         <name>.const:.string:_ctypes_</name>
         <load_address>0xb720</load_address>
         <run_address>0xb720</run_address>
         <size>0x101</size>
         <input_file_ref idref="fl-f5"/>
      </object_component>
      <object_component id="oc-2e5">
         <name>.const:.string</name>
         <load_address>0xb824</load_address>
         <run_address>0xb824</run_address>
         <size>0xda</size>
         <input_file_ref idref="fl-6"/>
      </object_component>
      <object_component id="oc-2e2">
         <name>.const:g_sFontCmss12</name>
         <load_address>0xb900</load_address>
         <run_address>0xb900</run_address>
         <size>0xc8</size>
         <input_file_ref idref="fl-20"/>
      </object_component>
      <object_component id="oc-340">
         <name>.const:g_sFontCmss12b</name>
         <load_address>0xb9c8</load_address>
         <run_address>0xb9c8</run_address>
         <size>0xc8</size>
         <input_file_ref idref="fl-21"/>
      </object_component>
      <object_component id="oc-455">
         <name>.const:g_sFontCmss14</name>
         <load_address>0xba90</load_address>
         <run_address>0xba90</run_address>
         <size>0xc8</size>
         <input_file_ref idref="fl-22"/>
      </object_component>
      <object_component id="oc-2f2">
         <name>.const:g_sFontCmss20</name>
         <load_address>0xbb58</load_address>
         <run_address>0xbb58</run_address>
         <size>0xc8</size>
         <input_file_ref idref="fl-24"/>
      </object_component>
      <object_component id="oc-128">
         <name>.const:g_sFontCmss20b</name>
         <load_address>0xbc20</load_address>
         <run_address>0xbc20</run_address>
         <size>0xc8</size>
         <input_file_ref idref="fl-25"/>
      </object_component>
      <object_component id="oc-4b9">
         <name>.const:g_pui32GPIOBaseAddrs</name>
         <load_address>0xbce8</load_address>
         <run_address>0xbce8</run_address>
         <size>0x90</size>
         <input_file_ref idref="fl-11"/>
      </object_component>
      <object_component id="oc-272">
         <name>.const</name>
         <load_address>0xbd78</load_address>
         <run_address>0xbd78</run_address>
         <size>0x70</size>
         <input_file_ref idref="fl-12"/>
      </object_component>
      <object_component id="oc-26c">
         <name>.const:g_pui32Xtals</name>
         <load_address>0xbde8</load_address>
         <run_address>0xbde8</run_address>
         <size>0x6c</size>
         <input_file_ref idref="fl-14"/>
      </object_component>
      <object_component id="oc-1ef">
         <name>.const:g_lTouchParameters</name>
         <load_address>0xbe54</load_address>
         <run_address>0xbe54</run_address>
         <size>0x38</size>
         <input_file_ref idref="fl-8"/>
      </object_component>
      <object_component id="oc-1bb">
         <name>.const:g_sKentec320x240x16_SSD2119</name>
         <load_address>0xbe8c</load_address>
         <run_address>0xbe8c</run_address>
         <size>0x28</size>
         <input_file_ref idref="fl-2"/>
      </object_component>
      <object_component id="oc-392">
         <name>.const</name>
         <load_address>0xbeb4</load_address>
         <run_address>0xbeb4</run_address>
         <size>0x10</size>
         <input_file_ref idref="fl-1a"/>
      </object_component>
      <object_component id="oc-592">
         <name>.cinit..data.load</name>
         <load_address>0xbec8</load_address>
         <run_address>0xbec8</run_address>
         <size>0x1ae</size>
      </object_component>
      <object_component id="oc-58f">
         <name>__TI_handler_table</name>
         <load_address>0xc078</load_address>
         <run_address>0xc078</run_address>
         <size>0xc</size>
      </object_component>
      <object_component id="oc-593">
         <name>.cinit..bss.load</name>
         <load_address>0xc088</load_address>
         <run_address>0xc088</run_address>
         <size>0x8</size>
      </object_component>
      <object_component id="oc-591">
         <name>.cinit..vtable.load</name>
         <load_address>0xc090</load_address>
         <run_address>0xc090</run_address>
         <size>0x8</size>
      </object_component>
      <object_component id="oc-590">
         <name>__TI_cinit_table</name>
         <load_address>0xc098</load_address>
         <run_address>0xc098</run_address>
         <size>0x18</size>
      </object_component>
      <object_component id="oc-3e2">
         <name>.vtable</name>
         <uninitialized>true</uninitialized>
         <run_address>0x20000000</run_address>
         <size>0x26c</size>
         <input_file_ref idref="fl-12"/>
      </object_component>
      <object_component id="oc-86">
         <name>.data</name>
         <load_address>0x20001b40</load_address>
         <run_address>0x20001b40</run_address>
         <size>0x11</size>
         <input_file_ref idref="fl-6"/>
      </object_component>
      <object_component id="oc-54d">
         <name>.data:g_InfoButton</name>
         <load_address>0x20001670</load_address>
         <run_address>0x20001670</run_address>
         <size>0x50</size>
         <input_file_ref idref="fl-6"/>
      </object_component>
      <object_component id="oc-50c">
         <name>.data:g_SetupScreenButton</name>
         <load_address>0x200016c0</load_address>
         <run_address>0x200016c0</run_address>
         <size>0x50</size>
         <input_file_ref idref="fl-6"/>
      </object_component>
      <object_component id="oc-452">
         <name>.data:g_StartCalibrationButton</name>
         <load_address>0x20001710</load_address>
         <run_address>0x20001710</run_address>
         <size>0x50</size>
         <input_file_ref idref="fl-6"/>
      </object_component>
      <object_component id="oc-303">
         <name>.data:g_TestScreenButton</name>
         <load_address>0x200017b0</load_address>
         <run_address>0x200017b0</run_address>
         <size>0x50</size>
         <input_file_ref idref="fl-6"/>
      </object_component>
      <object_component id="oc-146">
         <name>.data:g_TestingResults</name>
         <load_address>0x20001850</load_address>
         <run_address>0x20001850</run_address>
         <size>0x40</size>
         <input_file_ref idref="fl-6"/>
      </object_component>
      <object_component id="oc-143">
         <name>.data:g_StartTestButton</name>
         <load_address>0x20001760</load_address>
         <run_address>0x20001760</run_address>
         <size>0x50</size>
         <input_file_ref idref="fl-6"/>
      </object_component>
      <object_component id="oc-31a">
         <name>.data:g_sCalibrationStep1</name>
         <load_address>0x20001a10</load_address>
         <run_address>0x20001a10</run_address>
         <size>0x40</size>
         <input_file_ref idref="fl-6"/>
      </object_component>
      <object_component id="oc-18e">
         <name>.data:g_sCalStep1Result</name>
         <load_address>0x20001990</load_address>
         <run_address>0x20001990</run_address>
         <size>0x40</size>
         <input_file_ref idref="fl-6"/>
      </object_component>
      <object_component id="oc-18b">
         <name>.data:g_CalStep1Button</name>
         <load_address>0x200015d0</load_address>
         <run_address>0x200015d0</run_address>
         <size>0x50</size>
         <input_file_ref idref="fl-6"/>
      </object_component>
      <object_component id="oc-185">
         <name>.data:g_sCalibrationStep2</name>
         <load_address>0x20001a50</load_address>
         <run_address>0x20001a50</run_address>
         <size>0x40</size>
         <input_file_ref idref="fl-6"/>
      </object_component>
      <object_component id="oc-194">
         <name>.data:g_sCalStep2Result</name>
         <load_address>0x200019d0</load_address>
         <run_address>0x200019d0</run_address>
         <size>0x40</size>
         <input_file_ref idref="fl-6"/>
      </object_component>
      <object_component id="oc-191">
         <name>.data:g_CalStep2Button</name>
         <load_address>0x20001620</load_address>
         <run_address>0x20001620</run_address>
         <size>0x50</size>
         <input_file_ref idref="fl-6"/>
      </object_component>
      <object_component id="oc-149">
         <name>.data:g_sLoadCellValue</name>
         <load_address>0x20001a90</load_address>
         <run_address>0x20001a90</run_address>
         <size>0x40</size>
         <input_file_ref idref="fl-6"/>
      </object_component>
      <object_component id="oc-155">
         <name>.data:g_psMainPanel</name>
         <load_address>0x20001910</load_address>
         <run_address>0x20001910</run_address>
         <size>0x40</size>
         <input_file_ref idref="fl-6"/>
      </object_component>
      <object_component id="oc-161">
         <name>.data:g_psTestPanel</name>
         <load_address>0x20001950</load_address>
         <run_address>0x20001950</run_address>
         <size>0x40</size>
         <input_file_ref idref="fl-6"/>
      </object_component>
      <object_component id="oc-16a">
         <name>.data:g_psCalibrationPanel</name>
         <load_address>0x20001890</load_address>
         <run_address>0x20001890</run_address>
         <size>0x40</size>
         <input_file_ref idref="fl-6"/>
      </object_component>
      <object_component id="oc-16d">
         <name>.data:g_psInfoPanel</name>
         <load_address>0x200018d0</load_address>
         <run_address>0x200018d0</run_address>
         <size>0x40</size>
         <input_file_ref idref="fl-6"/>
      </object_component>
      <object_component id="oc-14c">
         <name>.data:g_sTitle</name>
         <load_address>0x20001ad0</load_address>
         <run_address>0x20001ad0</run_address>
         <size>0x40</size>
         <input_file_ref idref="fl-6"/>
      </object_component>
      <object_component id="oc-188">
         <name>.data:g_sReturnToMain</name>
         <load_address>0x20001800</load_address>
         <run_address>0x20001800</run_address>
         <size>0x50</size>
         <input_file_ref idref="fl-6"/>
      </object_component>
      <object_component id="oc-1e6">
         <name>.data</name>
         <load_address>0x20001b70</load_address>
         <run_address>0x20001b70</run_address>
         <size>0x4</size>
         <input_file_ref idref="fl-8"/>
      </object_component>
      <object_component id="oc-15e">
         <name>.data</name>
         <load_address>0x20001b10</load_address>
         <run_address>0x20001b10</run_address>
         <size>0x2d</size>
         <input_file_ref idref="fl-1f"/>
      </object_component>
      <object_component id="oc-241">
         <name>.data:$O1$$</name>
         <load_address>0x20001b54</load_address>
         <run_address>0x20001b54</run_address>
         <size>0xc</size>
         <input_file_ref idref="fl-e2"/>
      </object_component>
      <object_component id="oc-81">
         <name>.data</name>
         <load_address>0x20001b6c</load_address>
         <run_address>0x20001b6c</run_address>
         <size>0x4</size>
         <input_file_ref idref="fl-ee"/>
      </object_component>
      <object_component id="oc-244">
         <name>.data:$O1$$</name>
         <load_address>0x20001b60</load_address>
         <run_address>0x20001b60</run_address>
         <size>0x8</size>
         <input_file_ref idref="fl-ef"/>
      </object_component>
      <object_component id="oc-52b">
         <name>.data</name>
         <load_address>0x20001b68</load_address>
         <run_address>0x20001b68</run_address>
         <size>0x4</size>
         <input_file_ref idref="fl-100"/>
      </object_component>
      <object_component id="oc-1e9">
         <name>.bss</name>
         <uninitialized>true</uninitialized>
         <run_address>0x2000159c</run_address>
         <size>0x8</size>
         <input_file_ref idref="fl-8"/>
      </object_component>
      <object_component id="oc-1ec">
         <name>.bss:g_psSamples</name>
         <uninitialized>true</uninitialized>
         <run_address>0x2000158c</run_address>
         <size>0x10</size>
         <input_file_ref idref="fl-8"/>
      </object_component>
      <object_component id="oc-2fe">
         <name>.bss:g_psMQ</name>
         <uninitialized>true</uninitialized>
         <run_address>0x20001400</run_address>
         <size>0x140</size>
         <input_file_ref idref="fl-1f"/>
      </object_component>
      <object_component id="oc-178">
         <name>.common:weight_string</name>
         <uninitialized>true</uninitialized>
         <run_address>0x200015b4</run_address>
         <size>0x8</size>
      </object_component>
      <object_component id="oc-176">
         <name>.common:LoadCell</name>
         <uninitialized>true</uninitialized>
         <run_address>0x200015bc</run_address>
         <size>0x4</size>
      </object_component>
      <object_component id="oc-197">
         <name>.common:cal_data_eeprom</name>
         <uninitialized>true</uninitialized>
         <run_address>0x200015a4</run_address>
         <size>0x8</size>
      </object_component>
      <object_component id="oc-177">
         <name>.common:weight</name>
         <uninitialized>true</uninitialized>
         <run_address>0x200015c8</run_address>
         <size>0x4</size>
      </object_component>
      <object_component id="oc-1ae">
         <name>.common:sDMAControlTable</name>
         <uninitialized>true</uninitialized>
         <run_address>0x20001000</run_address>
         <size>0x400</size>
      </object_component>
      <object_component id="oc-112">
         <name>.common:sContext</name>
         <uninitialized>true</uninitialized>
         <run_address>0x20001540</run_address>
         <size>0x2c</size>
      </object_component>
      <object_component id="oc-10f">
         <name>.common:sRect</name>
         <uninitialized>true</uninitialized>
         <run_address>0x200015ac</run_address>
         <size>0x8</size>
      </object_component>
      <object_component id="oc-1e5">
         <name>.common:g_plParmSet</name>
         <uninitialized>true</uninitialized>
         <run_address>0x200015c0</run_address>
         <size>0x4</size>
      </object_component>
      <object_component id="oc-1e1">
         <name>.common:g_sTouchX</name>
         <uninitialized>true</uninitialized>
         <run_address>0x200015cc</run_address>
         <size>0x2</size>
      </object_component>
      <object_component id="oc-1e4">
         <name>.common:g_sTouchY</name>
         <uninitialized>true</uninitialized>
         <run_address>0x200015ce</run_address>
         <size>0x2</size>
      </object_component>
      <object_component id="oc-395">
         <name>.common:g_psGrLibDefaults</name>
         <uninitialized>true</uninitialized>
         <run_address>0x200015c4</run_address>
         <size>0x4</size>
      </object_component>
      <object_component id="oc-403">
         <name>.common:g_pui8Dictionary</name>
         <uninitialized>true</uninitialized>
         <run_address>0x2000156c</run_address>
         <size>0x20</size>
      </object_component>
      <object_component id="oc-2a">
         <name>.stack</name>
         <uninitialized>true</uninitialized>
         <run_address>0x2000026c</run_address>
         <size>0x0</size>
         <input_file_ref idref="fl-de"/>
      </object_component>
      <object_component id="oc-594">
         <name>.stack</name>
         <uninitialized>true</uninitialized>
         <run_address>0x2000026c</run_address>
         <size>0x0</size>
      </object_component>
      <object_component id="oc-386">
         <name>.debug_info</name>
         <load_address>0x0</load_address>
         <run_address>0x0</run_address>
         <size>0x561</size>
         <input_file_ref idref="fl-2"/>
      </object_component>
      <object_component id="oc-1bc">
         <name>.debug_info</name>
         <load_address>0x561</load_address>
         <run_address>0x561</run_address>
         <size>0x121</size>
         <input_file_ref idref="fl-2"/>
      </object_component>
      <object_component id="oc-1a9">
         <name>.debug_info</name>
         <load_address>0x682</load_address>
         <run_address>0x682</run_address>
         <size>0x1b6e</size>
         <input_file_ref idref="fl-2"/>
      </object_component>
      <object_component id="oc-284">
         <name>.debug_info</name>
         <load_address>0x21f0</load_address>
         <run_address>0x21f0</run_address>
         <size>0x6bd</size>
         <input_file_ref idref="fl-2"/>
      </object_component>
      <object_component id="oc-1dc">
         <name>.debug_info</name>
         <load_address>0x28ad</load_address>
         <run_address>0x28ad</run_address>
         <size>0x8b</size>
         <input_file_ref idref="fl-2"/>
      </object_component>
      <object_component id="oc-1d7">
         <name>.debug_info</name>
         <load_address>0x2938</load_address>
         <run_address>0x2938</run_address>
         <size>0x18b</size>
         <input_file_ref idref="fl-2"/>
      </object_component>
      <object_component id="oc-2a1">
         <name>.debug_info</name>
         <load_address>0x2ac3</load_address>
         <run_address>0x2ac3</run_address>
         <size>0x2f7</size>
         <input_file_ref idref="fl-5"/>
      </object_component>
      <object_component id="oc-11a">
         <name>.debug_info</name>
         <load_address>0x2dba</load_address>
         <run_address>0x2dba</run_address>
         <size>0xe3</size>
         <input_file_ref idref="fl-5"/>
      </object_component>
      <object_component id="oc-110">
         <name>.debug_info</name>
         <load_address>0x2e9d</load_address>
         <run_address>0x2e9d</run_address>
         <size>0xfa9</size>
         <input_file_ref idref="fl-6"/>
      </object_component>
      <object_component id="oc-87">
         <name>.debug_info</name>
         <load_address>0x3e46</load_address>
         <run_address>0x3e46</run_address>
         <size>0x197</size>
         <input_file_ref idref="fl-6"/>
      </object_component>
      <object_component id="oc-54e">
         <name>.debug_info</name>
         <load_address>0x3fdd</load_address>
         <run_address>0x3fdd</run_address>
         <size>0xeb</size>
         <input_file_ref idref="fl-6"/>
      </object_component>
      <object_component id="oc-50d">
         <name>.debug_info</name>
         <load_address>0x40c8</load_address>
         <run_address>0x40c8</run_address>
         <size>0xf9</size>
         <input_file_ref idref="fl-6"/>
      </object_component>
      <object_component id="oc-453">
         <name>.debug_info</name>
         <load_address>0x41c1</load_address>
         <run_address>0x41c1</run_address>
         <size>0x103</size>
         <input_file_ref idref="fl-6"/>
      </object_component>
      <object_component id="oc-304">
         <name>.debug_info</name>
         <load_address>0x42c4</load_address>
         <run_address>0x42c4</run_address>
         <size>0xf7</size>
         <input_file_ref idref="fl-6"/>
      </object_component>
      <object_component id="oc-147">
         <name>.debug_info</name>
         <load_address>0x43bb</load_address>
         <run_address>0x43bb</run_address>
         <size>0xf3</size>
         <input_file_ref idref="fl-6"/>
      </object_component>
      <object_component id="oc-144">
         <name>.debug_info</name>
         <load_address>0x44ae</load_address>
         <run_address>0x44ae</run_address>
         <size>0xf5</size>
         <input_file_ref idref="fl-6"/>
      </object_component>
      <object_component id="oc-31b">
         <name>.debug_info</name>
         <load_address>0x45a3</load_address>
         <run_address>0x45a3</run_address>
         <size>0xf9</size>
         <input_file_ref idref="fl-6"/>
      </object_component>
      <object_component id="oc-18f">
         <name>.debug_info</name>
         <load_address>0x469c</load_address>
         <run_address>0x469c</run_address>
         <size>0xf5</size>
         <input_file_ref idref="fl-6"/>
      </object_component>
      <object_component id="oc-18c">
         <name>.debug_info</name>
         <load_address>0x4791</load_address>
         <run_address>0x4791</run_address>
         <size>0xf3</size>
         <input_file_ref idref="fl-6"/>
      </object_component>
      <object_component id="oc-186">
         <name>.debug_info</name>
         <load_address>0x4884</load_address>
         <run_address>0x4884</run_address>
         <size>0xf9</size>
         <input_file_ref idref="fl-6"/>
      </object_component>
      <object_component id="oc-195">
         <name>.debug_info</name>
         <load_address>0x497d</load_address>
         <run_address>0x497d</run_address>
         <size>0xf5</size>
         <input_file_ref idref="fl-6"/>
      </object_component>
      <object_component id="oc-192">
         <name>.debug_info</name>
         <load_address>0x4a72</load_address>
         <run_address>0x4a72</run_address>
         <size>0xf3</size>
         <input_file_ref idref="fl-6"/>
      </object_component>
      <object_component id="oc-14a">
         <name>.debug_info</name>
         <load_address>0x4b65</load_address>
         <run_address>0x4b65</run_address>
         <size>0xf3</size>
         <input_file_ref idref="fl-6"/>
      </object_component>
      <object_component id="oc-156">
         <name>.debug_info</name>
         <load_address>0x4c58</load_address>
         <run_address>0x4c58</run_address>
         <size>0xed</size>
         <input_file_ref idref="fl-6"/>
      </object_component>
      <object_component id="oc-162">
         <name>.debug_info</name>
         <load_address>0x4d45</load_address>
         <run_address>0x4d45</run_address>
         <size>0xed</size>
         <input_file_ref idref="fl-6"/>
      </object_component>
      <object_component id="oc-16b">
         <name>.debug_info</name>
         <load_address>0x4e32</load_address>
         <run_address>0x4e32</run_address>
         <size>0xfb</size>
         <input_file_ref idref="fl-6"/>
      </object_component>
      <object_component id="oc-16e">
         <name>.debug_info</name>
         <load_address>0x4f2d</load_address>
         <run_address>0x4f2d</run_address>
         <size>0xed</size>
         <input_file_ref idref="fl-6"/>
      </object_component>
      <object_component id="oc-14d">
         <name>.debug_info</name>
         <load_address>0x501a</load_address>
         <run_address>0x501a</run_address>
         <size>0xe3</size>
         <input_file_ref idref="fl-6"/>
      </object_component>
      <object_component id="oc-189">
         <name>.debug_info</name>
         <load_address>0x50fd</load_address>
         <run_address>0x50fd</run_address>
         <size>0xf1</size>
         <input_file_ref idref="fl-6"/>
      </object_component>
      <object_component id="oc-32">
         <name>.debug_info</name>
         <load_address>0x51ee</load_address>
         <run_address>0x51ee</run_address>
         <size>0x2637</size>
         <input_file_ref idref="fl-6"/>
      </object_component>
      <object_component id="oc-289">
         <name>.debug_info</name>
         <load_address>0x7825</load_address>
         <run_address>0x7825</run_address>
         <size>0x86</size>
         <input_file_ref idref="fl-6"/>
      </object_component>
      <object_component id="oc-28e">
         <name>.debug_info</name>
         <load_address>0x78ab</load_address>
         <run_address>0x78ab</run_address>
         <size>0x14e</size>
         <input_file_ref idref="fl-6"/>
      </object_component>
      <object_component id="oc-293">
         <name>.debug_info</name>
         <load_address>0x79f9</load_address>
         <run_address>0x79f9</run_address>
         <size>0xea</size>
         <input_file_ref idref="fl-6"/>
      </object_component>
      <object_component id="oc-298">
         <name>.debug_info</name>
         <load_address>0x7ae3</load_address>
         <run_address>0x7ae3</run_address>
         <size>0xc6</size>
         <input_file_ref idref="fl-6"/>
      </object_component>
      <object_component id="oc-336">
         <name>.debug_info</name>
         <load_address>0x7ba9</load_address>
         <run_address>0x7ba9</run_address>
         <size>0x4e</size>
         <input_file_ref idref="fl-6"/>
      </object_component>
      <object_component id="oc-3f">
         <name>.debug_info</name>
         <load_address>0x7bf7</load_address>
         <run_address>0x7bf7</run_address>
         <size>0x189</size>
         <input_file_ref idref="fl-7"/>
      </object_component>
      <object_component id="oc-10">
         <name>.debug_info</name>
         <load_address>0x7d80</load_address>
         <run_address>0x7d80</run_address>
         <size>0xfe</size>
         <input_file_ref idref="fl-7"/>
      </object_component>
      <object_component id="oc-2e">
         <name>.debug_info</name>
         <load_address>0x7e7e</load_address>
         <run_address>0x7e7e</run_address>
         <size>0x27a</size>
         <input_file_ref idref="fl-7"/>
      </object_component>
      <object_component id="oc-46">
         <name>.debug_info</name>
         <load_address>0x80f8</load_address>
         <run_address>0x80f8</run_address>
         <size>0x84</size>
         <input_file_ref idref="fl-7"/>
      </object_component>
      <object_component id="oc-1e2">
         <name>.debug_info</name>
         <load_address>0x817c</load_address>
         <run_address>0x817c</run_address>
         <size>0x6e1</size>
         <input_file_ref idref="fl-8"/>
      </object_component>
      <object_component id="oc-1f0">
         <name>.debug_info</name>
         <load_address>0x885d</load_address>
         <run_address>0x885d</run_address>
         <size>0xf7</size>
         <input_file_ref idref="fl-8"/>
      </object_component>
      <object_component id="oc-1e7">
         <name>.debug_info</name>
         <load_address>0x8954</load_address>
         <run_address>0x8954</run_address>
         <size>0x12b</size>
         <input_file_ref idref="fl-8"/>
      </object_component>
      <object_component id="oc-1ea">
         <name>.debug_info</name>
         <load_address>0x8a7f</load_address>
         <run_address>0x8a7f</run_address>
         <size>0x114</size>
         <input_file_ref idref="fl-8"/>
      </object_component>
      <object_component id="oc-1ed">
         <name>.debug_info</name>
         <load_address>0x8b93</load_address>
         <run_address>0x8b93</run_address>
         <size>0xe9</size>
         <input_file_ref idref="fl-8"/>
      </object_component>
      <object_component id="oc-38">
         <name>.debug_info</name>
         <load_address>0x8c7c</load_address>
         <run_address>0x8c7c</run_address>
         <size>0x533</size>
         <input_file_ref idref="fl-8"/>
      </object_component>
      <object_component id="oc-3b3">
         <name>.debug_info</name>
         <load_address>0x91af</load_address>
         <run_address>0x91af</run_address>
         <size>0x23d</size>
         <input_file_ref idref="fl-f"/>
      </object_component>
      <object_component id="oc-201">
         <name>.debug_info</name>
         <load_address>0x93ec</load_address>
         <run_address>0x93ec</run_address>
         <size>0x333</size>
         <input_file_ref idref="fl-f"/>
      </object_component>
      <object_component id="oc-207">
         <name>.debug_info</name>
         <load_address>0x971f</load_address>
         <run_address>0x971f</run_address>
         <size>0x2a0</size>
         <input_file_ref idref="fl-f"/>
      </object_component>
      <object_component id="oc-1fb">
         <name>.debug_info</name>
         <load_address>0x99bf</load_address>
         <run_address>0x99bf</run_address>
         <size>0x326</size>
         <input_file_ref idref="fl-f"/>
      </object_component>
      <object_component id="oc-20d">
         <name>.debug_info</name>
         <load_address>0x9ce5</load_address>
         <run_address>0x9ce5</run_address>
         <size>0x296</size>
         <input_file_ref idref="fl-f"/>
      </object_component>
      <object_component id="oc-1f5">
         <name>.debug_info</name>
         <load_address>0x9f7b</load_address>
         <run_address>0x9f7b</run_address>
         <size>0x2c1</size>
         <input_file_ref idref="fl-f"/>
      </object_component>
      <object_component id="oc-358">
         <name>.debug_info</name>
         <load_address>0xa23c</load_address>
         <run_address>0xa23c</run_address>
         <size>0x1a7</size>
         <input_file_ref idref="fl-10"/>
      </object_component>
      <object_component id="oc-1cb">
         <name>.debug_info</name>
         <load_address>0xa3e3</load_address>
         <run_address>0xa3e3</run_address>
         <size>0x2c5</size>
         <input_file_ref idref="fl-10"/>
      </object_component>
      <object_component id="oc-352">
         <name>.debug_info</name>
         <load_address>0xa6a8</load_address>
         <run_address>0xa6a8</run_address>
         <size>0x2b1</size>
         <input_file_ref idref="fl-10"/>
      </object_component>
      <object_component id="oc-34c">
         <name>.debug_info</name>
         <load_address>0xa959</load_address>
         <run_address>0xa959</run_address>
         <size>0x277</size>
         <input_file_ref idref="fl-10"/>
      </object_component>
      <object_component id="oc-199">
         <name>.debug_info</name>
         <load_address>0xabd0</load_address>
         <run_address>0xabd0</run_address>
         <size>0x376</size>
         <input_file_ref idref="fl-10"/>
      </object_component>
      <object_component id="oc-39a">
         <name>.debug_info</name>
         <load_address>0xaf46</load_address>
         <run_address>0xaf46</run_address>
         <size>0x227</size>
         <input_file_ref idref="fl-10"/>
      </object_component>
      <object_component id="oc-1c5">
         <name>.debug_info</name>
         <load_address>0xb16d</load_address>
         <run_address>0xb16d</run_address>
         <size>0x2c8</size>
         <input_file_ref idref="fl-10"/>
      </object_component>
      <object_component id="oc-268">
         <name>.debug_info</name>
         <load_address>0xb435</load_address>
         <run_address>0xb435</run_address>
         <size>0x230</size>
         <input_file_ref idref="fl-11"/>
      </object_component>
      <object_component id="oc-4ba">
[...]
         <name>SSIDataPut</name>
         <value>0x63b9</value>
         <object_component_ref idref="oc-35b"/>
      </symbol>
      <symbol id="sm-39e">
         <name>SSIDataGetNonBlocking</name>
         <value>0x62d9</value>
         <object_component_ref idref="oc-37f"/>
      </symbol>
      <symbol id="sm-39f">
         <name>SSIConfigSetExpClk</name>
         <value>0x5dc5</value>
         <object_component_ref idref="oc-373"/>
      </symbol>
      <symbol id="sm-3a0">
         <name>SSIEnable</name>
         <value>0x63c3</value>
         <object_component_ref idref="oc-379"/>
      </symbol>
      <symbol id="sm-3a1">
         <name>SSIBusy</name>
         <value>0x63d5</value>
         <object_component_ref idref="oc-361"/>
      </symbol>
      <symbol id="sm-3e9">
         <name>SysCtlDelay</name>
         <value>0x63f1</value>
         <object_component_ref idref="oc-c0"/>
      </symbol>
      <symbol id="sm-3ea">
         <name>SysCtlPeripheralEnable</name>
         <value>0x5f1d</value>
         <object_component_ref idref="oc-ba"/>
      </symbol>
      <symbol id="sm-3eb">
         <name>SysCtlClockGet</name>
         <value>0x4999</value>
         <object_component_ref idref="oc-df"/>
      </symbol>
      <symbol id="sm-3ec">
         <name>SysCtlPeripheralReset</name>
         <value>0x5aa5</value>
         <object_component_ref idref="oc-39f"/>
      </symbol>
      <symbol id="sm-419">
         <name>SysTickEnable</name>
         <value>0x623d</value>
         <object_component_ref idref="oc-9b"/>
      </symbol>
      <symbol id="sm-41a">
         <name>SysTickIntRegister</name>
         <value>0x6141</value>
         <object_component_ref idref="oc-8f"/>
      </symbol>
      <symbol id="sm-41b">
         <name>SysTickIntEnable</name>
         <value>0x6251</value>
         <object_component_ref idref="oc-95"/>
      </symbol>
      <symbol id="sm-41c">
         <name>SysTickPeriodSet</name>
         <value>0x631d</value>
         <object_component_ref idref="oc-89"/>
      </symbol>
      <symbol id="sm-469">
         <name>TimerLoadSet</name>
         <value>0x62eb</value>
         <object_component_ref idref="oc-e5"/>
      </symbol>
      <symbol id="sm-46a">
         <name>TimerDisable</name>
         <value>0x61cd</value>
         <object_component_ref idref="oc-109"/>
      </symbol>
      <symbol id="sm-46b">
         <name>TimerEnable</name>
         <value>0x6377</value>
         <object_component_ref idref="oc-fd"/>
      </symbol>
      <symbol id="sm-46c">
         <name>TimerControlTrigger</name>
         <value>0x594d</value>
         <object_component_ref idref="oc-210"/>
      </symbol>
      <symbol id="sm-46d">
         <name>TimerIntEnable</name>
         <value>0x63dd</value>
         <object_component_ref idref="oc-f1"/>
      </symbol>
      <symbol id="sm-46e">
         <name>TimerConfigure</name>
         <value>0x577d</value>
         <object_component_ref idref="oc-1d0"/>
      </symbol>
      <symbol id="sm-46f">
         <name>TimerIntClear</name>
         <value>0x6195</value>
         <object_component_ref idref="oc-103"/>
      </symbol>
      <symbol id="sm-488">
         <name>uDMAEnable</name>
         <value>0x633d</value>
         <object_component_ref idref="oc-1b5"/>
      </symbol>
      <symbol id="sm-489">
         <name>uDMAControlBaseSet</name>
         <value>0x63ad</value>
         <object_component_ref idref="oc-1af"/>
      </symbol>
      <symbol id="sm-493">
         <name>CPUcpsie</name>
         <value>0x6393</value>
         <object_component_ref idref="oc-278"/>
      </symbol>
      <symbol id="sm-4b4">
         <name>CanvasMsgProc</name>
         <value>0x6229</value>
         <object_component_ref idref="oc-2e8"/>
      </symbol>
      <symbol id="sm-4df">
         <name>GrContextInit</name>
         <value>0x5449</value>
         <object_component_ref idref="oc-1be"/>
      </symbol>
      <symbol id="sm-4e0">
         <name>GrContextClipRegionSet</name>
         <value>0x55e9</value>
         <object_component_ref idref="oc-4f1"/>
      </symbol>
      <symbol id="sm-4e1">
         <name>g_psDefaultCodePointMapTable</name>
         <value>0xbeb4</value>
         <object_component_ref idref="oc-392"/>
      </symbol>
      <symbol id="sm-538">
         <name>GrImageDraw</name>
         <value>0x6369</value>
         <object_component_ref idref="oc-11c"/>
      </symbol>
      <symbol id="sm-56b">
         <name>RectangularButtonMsgProc</name>
         <value>0x6039</value>
         <object_component_ref idref="oc-2dc"/>
      </symbol>
      <symbol id="sm-582">
         <name>GrRectFill</name>
         <value>0x5151</value>
         <object_component_ref idref="oc-113"/>
      </symbol>
      <symbol id="sm-583">
         <name>GrRectDraw</name>
         <value>0x564f</value>
         <object_component_ref idref="oc-122"/>
      </symbol>
      <symbol id="sm-62f">
         <name>GrFontInfoGet</name>
         <value>0x60bb</value>
         <object_component_ref idref="oc-2d3"/>
      </symbol>
      <symbol id="sm-630">
         <name>GrDefaultStringRenderer</name>
         <value>0x4f41</value>
         <object_component_ref idref="oc-38c"/>
      </symbol>
      <symbol id="sm-631">
         <name>GrFontGlyphRender</name>
         <value>0x3e25</value>
         <object_component_ref idref="oc-4c5"/>
      </symbol>
      <symbol id="sm-632">
         <name>GrFontHeightGet</name>
         <value>0x600d</value>
         <object_component_ref idref="oc-4ff"/>
      </symbol>
      <symbol id="sm-633">
         <name>GrContextFontSet</name>
         <value>0x63eb</value>
         <object_component_ref idref="oc-12b"/>
      </symbol>
      <symbol id="sm-634">
         <name>GrFontGlyphDataGet</name>
         <value>0x60e1</value>
         <object_component_ref idref="oc-2cd"/>
      </symbol>
      <symbol id="sm-635">
         <name>GrStringDraw</name>
         <value>0x61fd</value>
         <object_component_ref idref="oc-13d"/>
      </symbol>
      <symbol id="sm-636">
         <name>GrFontCodepageGet</name>
         <value>0x6103</value>
         <object_component_ref idref="oc-40e"/>
      </symbol>
      <symbol id="sm-637">
         <name>GrStringNextCharGet</name>
         <value>0x5f85</value>
         <object_component_ref idref="oc-2c7"/>
      </symbol>
      <symbol id="sm-638">
         <name>GrStringWidthGet</name>
         <value>0x54b1</value>
         <object_component_ref idref="oc-131"/>
      </symbol>
      <symbol id="sm-639">
         <name>GrFontBaselineGet</name>
         <value>0x5fe1</value>
         <object_component_ref idref="oc-137"/>
      </symbol>
      <symbol id="sm-6e1">
         <name>g_sRoot</name>
         <value>0x20001b10</value>
         <object_component_ref idref="oc-15e"/>
      </symbol>
      <symbol id="sm-6e2">
         <name>WidgetMessageQueueAdd</name>
         <value>0x4d95</value>
         <object_component_ref idref="oc-14f"/>
      </symbol>
      <symbol id="sm-6e3">
         <name>WidgetMessageSendPostOrder</name>
         <value>0x5001</value>
         <object_component_ref idref="oc-327"/>
      </symbol>
      <symbol id="sm-6e4">
         <name>WidgetAdd</name>
         <value>0x6121</value>
         <object_component_ref idref="oc-164"/>
      </symbol>
      <symbol id="sm-6e5">
         <name>WidgetRemove</name>
         <value>0x5af5</value>
         <object_component_ref idref="oc-158"/>
      </symbol>
      <symbol id="sm-6e6">
         <name>WidgetDefaultMsgProc</name>
         <value>0x63fd</value>
         <object_component_ref idref="oc-30f"/>
      </symbol>
      <symbol id="sm-6e7">
         <name>WidgetMutexPut</name>
         <value>0x63f7</value>
         <object_component_ref idref="oc-2f8"/>
      </symbol>
      <symbol id="sm-6e8">
         <name>WidgetMessageQueueProcess</name>
         <value>0x56b5</value>
         <object_component_ref idref="oc-170"/>
      </symbol>
      <symbol id="sm-6e9">
         <name>WidgetMutexGet</name>
         <value>0x6265</value>
         <object_component_ref idref="oc-2f7"/>
      </symbol>
      <symbol id="sm-6ea">
         <name>WidgetPointerMessage</name>
         <value>0x615d</value>
         <object_component_ref idref="oc-17f"/>
      </symbol>
      <symbol id="sm-6eb">
         <name>WidgetMessageSendPreOrder</name>
         <value>0x583d</value>
         <object_component_ref idref="oc-321"/>
      </symbol>
      <symbol id="sm-6fd">
         <name>g_sFontCmss12</name>
         <value>0xb900</value>
         <object_component_ref idref="oc-2e2"/>
      </symbol>
      <symbol id="sm-70f">
         <name>g_sFontCmss12b</name>
         <value>0xb9c8</value>
         <object_component_ref idref="oc-340"/>
      </symbol>
      <symbol id="sm-721">
         <name>g_sFontCmss14</name>
         <value>0xba90</value>
         <object_component_ref idref="oc-455"/>
      </symbol>
      <symbol id="sm-734">
         <name>g_sFontCmss20</name>
         <value>0xbb58</value>
         <object_component_ref idref="oc-2f2"/>
      </symbol>
      <symbol id="sm-746">
         <name>g_sFontCmss20b</name>
         <value>0xbc20</value>
         <object_component_ref idref="oc-128"/>
      </symbol>
      <symbol id="sm-753">
         <name>GrMapISO8859_1_Unicode</name>
         <value>0x63cd</value>
         <object_component_ref idref="oc-4cc"/>
      </symbol>
      <symbol id="sm-76d">
         <name>GrLineDrawH</name>
         <value>0x5cb5</value>
         <object_component_ref idref="oc-2ab"/>
      </symbol>
      <symbol id="sm-76e">
         <name>GrLineDrawV</name>
         <value>0x5cfb</value>
         <object_component_ref idref="oc-2b1"/>
      </symbol>
      <symbol id="sm-77f">
         <name>_c_int00</name>
         <value>0x59fd</value>
         <object_component_ref idref="oc-24"/>
      </symbol>
      <symbol id="sm-780">
         <name>__stack</name>
         <value>0x2000026c</value>
         <object_component_ref idref="oc-2a"/>
      </symbol>
      <symbol id="sm-79e">
         <name>__TI_decompress_lzss</name>
         <value>0x5581</value>
         <object_component_ref idref="oc-12"/>
      </symbol>
      <symbol id="sm-7b5">
         <name>__TI_decompress_none</name>
         <value>0x6385</value>
         <object_component_ref idref="oc-18"/>
      </symbol>
      <symbol id="sm-7cc">
         <name>__TI_zero_init</name>
         <value>0x639f</value>
         <object_component_ref idref="oc-1e"/>
      </symbol>
      <symbol id="sm-7ed">
         <name>C$$EXIT</name>
         <value>0x5a51</value>
         <object_component_ref idref="oc-7b"/>
      </symbol>
      <symbol id="sm-7ee">
         <name>abort</name>
         <value>0x5a55</value>
         <object_component_ref idref="oc-7b"/>
      </symbol>
      <symbol id="sm-7ef">
         <name>exit</name>
         <value>0x5a5d</value>
         <object_component_ref idref="oc-7b"/>
      </symbol>
      <symbol id="sm-7f0">
         <name>__TI_dtors_ptr</name>
         <value>0x20001b58</value>
         <object_component_ref idref="oc-241"/>
      </symbol>
      <symbol id="sm-7f1">
         <name>__TI_cleanup_ptr</name>
         <value>0x20001b54</value>
         <object_component_ref idref="oc-241"/>
      </symbol>
      <symbol id="sm-7f2">
         <name>__TI_enable_exit_profile_output</name>
         <value>0x20001b5c</value>
         <object_component_ref idref="oc-241"/>
      </symbol>
      <symbol id="sm-809">
         <name>__aeabi_dsub</name>
         <value>0x426d</value>
         <object_component_ref idref="oc-ab"/>
      </symbol>
      <symbol id="sm-80a">
         <name>__aeabi_dadd</name>
         <value>0x4277</value>
         <object_component_ref idref="oc-ab"/>
      </symbol>
      <symbol id="sm-82c">
         <name>__aeabi_cdcmpeq</name>
         <value>0x51d7</value>
         <object_component_ref idref="oc-1a3"/>
      </symbol>
      <symbol id="sm-82d">
         <name>__aeabi_cdcmple</name>
         <value>0x51d7</value>
         <object_component_ref idref="oc-1a3"/>
      </symbol>
      <symbol id="sm-82e">
         <name>__aeabi_cdrcmple</name>
         <value>0x525d</value>
         <object_component_ref idref="oc-19e"/>
      </symbol>
      <symbol id="sm-839">
         <name>__aeabi_dmul</name>
         <value>0x4aa9</value>
         <object_component_ref idref="oc-a6"/>
      </symbol>
      <symbol id="sm-843">
         <name>__aeabi_d2iz</name>
         <value>0x5c6d</value>
         <object_component_ref idref="oc-b5"/>
      </symbol>
      <symbol id="sm-84d">
         <name>__aeabi_d2uiz</name>
         <value>0x5d41</value>
         <object_component_ref idref="oc-b0"/>
      </symbol>
      <symbol id="sm-858">
         <name>__aeabi_f2d</name>
         <value>0x5eb1</value>
         <object_component_ref idref="oc-a1"/>
      </symbol>
      <symbol id="sm-873">
         <name>memcpy</name>
         <value>0x50b5</value>
         <object_component_ref idref="oc-4b"/>
      </symbol>
      <symbol id="sm-874">
         <name>__aeabi_memcpy</name>
         <value>0x50b5</value>
         <object_component_ref idref="oc-4b"/>
      </symbol>
      <symbol id="sm-875">
         <name>__aeabi_memcpy8</name>
         <value>0x50b5</value>
         <object_component_ref idref="oc-4b"/>
      </symbol>
      <symbol id="sm-876">
         <name>__aeabi_memcpy4</name>
         <value>0x50b5</value>
         <object_component_ref idref="oc-4b"/>
      </symbol>
      <symbol id="sm-885">
         <name>__aeabi_memset</name>
         <value>0x535f</value>
         <object_component_ref idref="oc-57"/>
      </symbol>
      <symbol id="sm-886">
         <name>memset</name>
         <value>0x5365</value>
         <object_component_ref idref="oc-57"/>
      </symbol>
      <symbol id="sm-887">
         <name>__aeabi_memset8</name>
         <value>0x535f</value>
         <object_component_ref idref="oc-57"/>
      </symbol>
      <symbol id="sm-888">
         <name>__aeabi_memset4</name>
         <value>0x535f</value>
         <object_component_ref idref="oc-57"/>
      </symbol>
      <symbol id="sm-889">
         <name>__aeabi_memclr8</name>
         <value>0x535d</value>
         <object_component_ref idref="oc-57"/>
      </symbol>
      <symbol id="sm-88a">
         <name>__aeabi_memclr4</name>
         <value>0x535d</value>
         <object_component_ref idref="oc-57"/>
      </symbol>
      <symbol id="sm-88b">
         <name>__aeabi_memclr</name>
         <value>0x535d</value>
         <object_component_ref idref="oc-57"/>
      </symbol>
      <symbol id="sm-895">
         <name>__mpu_init</name>
         <value>0x278f</value>
         <object_component_ref idref="oc-63"/>
      </symbol>
      <symbol id="sm-89f">
         <name>_system_pre_init</name>
         <value>0x6401</value>
         <object_component_ref idref="oc-69"/>
      </symbol>
      <symbol id="sm-8b8">
         <name>sprintf</name>
         <value>0x57dd</value>
         <object_component_ref idref="oc-179"/>
      </symbol>
      <symbol id="sm-8c0">
         <name>main_func_sp</name>
         <value>0x20001b6c</value>
         <object_component_ref idref="oc-81"/>
      </symbol>
      <symbol id="sm-8d9">
         <name>_nop</name>
         <value>0x6287</value>
         <object_component_ref idref="oc-3d4"/>
      </symbol>
      <symbol id="sm-8da">
         <name>_lock</name>
         <value>0x20001b60</value>
         <object_component_ref idref="oc-244"/>
      </symbol>
      <symbol id="sm-8db">
         <name>_unlock</name>
         <value>0x20001b64</value>
         <object_component_ref idref="oc-244"/>
      </symbol>
      <symbol id="sm-8dc">
         <name>_register_lock</name>
         <value>0x627f</value>
         <object_component_ref idref="oc-3d4"/>
      </symbol>
      <symbol id="sm-8dd">
         <name>_register_unlock</name>
         <value>0x6279</value>
         <object_component_ref idref="oc-3d4"/>
      </symbol>
      <symbol id="sm-9de">
         <name>__TI_printfi</name>
         <value>0x1e95</value>
         <object_component_ref idref="oc-32e"/>
      </symbol>
      <symbol id="sm-9f2">
         <name>_args_main</name>
         <value>0x61e5</value>
         <object_component_ref idref="oc-75"/>
      </symbol>
      <symbol id="sm-a08">
         <name>atoi</name>
         <value>0x5b41</value>
         <object_component_ref idref="oc-48d"/>
      </symbol>
      <symbol id="sm-a32">
         <name>__TI_auto_init</name>
         <value>0x53d9</value>
         <object_component_ref idref="oc-6f"/>
      </symbol>
      <symbol id="sm-a4c">
         <name>copy_in</name>
         <value>0x5b8d</value>
         <object_component_ref idref="oc-231"/>
      </symbol>
      <symbol id="sm-a57">
         <name>_ctypes_</name>
         <value>0xb720</value>
         <object_component_ref idref="oc-532"/>
      </symbol>
      <symbol id="sm-a6b">
         <name>__aeabi_ddiv</name>
         <value>0x4731</value>
         <object_component_ref idref="oc-46b"/>
      </symbol>
      <symbol id="sm-a75">
         <name>__aeabi_i2d</name>
         <value>0x5fb3</value>
         <object_component_ref idref="oc-476"/>
      </symbol>
      <symbol id="sm-a84">
         <name>ltoa</name>
         <value>0x59a5</value>
         <object_component_ref idref="oc-470"/>
      </symbol>
      <symbol id="sm-a94">
         <name>memccpy</name>
         <value>0x6179</value>
         <object_component_ref idref="oc-493"/>
      </symbol>
      <symbol id="sm-aaf">
         <name>frexpl</name>
         <value>0x5719</value>
         <object_component_ref idref="oc-47b"/>
      </symbol>
      <symbol id="sm-ab0">
         <name>frexp</name>
         <value>0x5719</value>
         <object_component_ref idref="oc-47b"/>
      </symbol>
      <symbol id="sm-acd">
         <name>scalbn</name>
         <value>0x4ba5</value>
         <object_component_ref idref="oc-481"/>
      </symbol>
      <symbol id="sm-ace">
         <name>scalbnl</name>
         <value>0x4ba5</value>
         <object_component_ref idref="oc-481"/>
      </symbol>
      <symbol id="sm-acf">
         <name>ldexpl</name>
         <value>0x4ba5</value>
         <object_component_ref idref="oc-481"/>
      </symbol>
      <symbol id="sm-ad0">
         <name>ldexp</name>
         <value>0x4ba5</value>
         <object_component_ref idref="oc-481"/>
      </symbol>
      <symbol id="sm-ada">
         <name>_system_post_cinit</name>
         <value>0x37b7</value>
         <object_component_ref idref="oc-237"/>
      </symbol>
      <symbol id="sm-aea">
         <name>strchr</name>
         <value>0x6213</value>
         <object_component_ref idref="oc-487"/>
      </symbol>
      <symbol id="sm-af8">
         <name>strlen</name>
         <value>0x62a1</value>
         <object_component_ref idref="oc-465"/>
      </symbol>
      <symbol id="sm-b14">
         <name>__aeabi_uldivmod</name>
         <value>0x4079</value>
         <object_component_ref idref="oc-460"/>
      </symbol>
      <symbol id="sm-b1c">
         <name>errno</name>
         <value>0x20001b68</value>
         <object_component_ref idref="oc-52b"/>
      </symbol>
      <symbol id="sm-b26">
         <name>copysign</name>
         <value>0x628d</value>
         <object_component_ref idref="oc-525"/>
      </symbol>
      <symbol id="sm-b27">
         <name>copysignl</name>
         <value>0x628d</value>
         <object_component_ref idref="oc-525"/>
      </symbol>
      <symbol id="sm-b28">
         <name>__TI_static_base__</name>
         <value>0x0</value>
      </symbol>
      <symbol id="sm-b2b">
         <name>SHT$$INIT_ARRAY$$Limit</name>
         <value>0x0</value>
      </symbol>
      <symbol id="sm-b2c">
         <name>SHT$$INIT_ARRAY$$Base</name>
         <value>0x0</value>
      </symbol>
   </symbol_table>
   <title>Link successful</title>
</link_info>
